../Core/Src/main.c:158:6:SystemClock_Config	80	static,ignoring_inline_asm
../Core/Src/main.c:499:6:turn_off_leds	16	static
../Core/Src/main.c:465:6:Init_interfaces	16	static
../Core/Src/main.c:727:9:get_spindle_mode	8	static
../Core/Src/main.c:747:9:get_x_axis_multiplier	8	static
../Core/Src/main.c:767:9:get_yz_axis_multiplier	8	static
../Core/Src/main.c:523:6:process_inputs	24	static
../Core/Src/main.c:99:5:main	72	static,ignoring_inline_asm
../Core/Src/main.c:790:6:Error_Handler	0	static,ignoring_inline_asm
