../lwip/src/core/ipv4/dhcp.c:1416:1:dhcp_set_state	0	static
../lwip/src/core/ipv4/dhcp.c:1431:1:dhcp_option	0	static
../lwip/src/core/ipv4/dhcp.c:1443:1:dhcp_option_byte	0	static
../lwip/src/core/ipv4/dhcp.c:1451:1:dhcp_option_short	0	static
../lwip/src/core/ipv4/dhcp.c:1460:1:dhcp_option_long	4	static
../lwip/src/core/ipv4/dhcp.c:1875:1:dhcp_create_msg	32	static
../lwip/src/core/ipv4/dhcp.c:1961:1:dhcp_option_trailer	8	static
../lwip/src/core/ipv4/dhcp.c:1204:1:dhcp_rebind	40	static
../lwip/src/core/ipv4/dhcp.c:578:1:dhcp_t2_timeout	8	static
../lwip/src/core/ipv4/dhcp.c:1258:1:dhcp_reboot	40	static
../lwip/src/core/ipv4/dhcp.c:371:1:dhcp_select	40	static
../lwip/src/core/ipv4/dhcp.c:337:1:dhcp_handle_offer	8	static
../lwip/src/core/ipv4/dhcp.c:986:1:dhcp_discover	40	static
../lwip/src/core/ipv4/dhcp.c:940:1:dhcp_decline	40	static
../lwip/src/core/ipv4/dhcp.c:308:1:dhcp_check	16	static
../lwip/src/core/ipv4/dhcp.c:1045:1:dhcp_bind	24	static
../lwip/src/core/ipv4/dhcp.c:282:1:dhcp_handle_nak	8	static
../lwip/src/core/ipv4/dhcp.c:258:1:dhcp_dec_pcb_refcount	8	static
../lwip/src/core/ipv4/dhcp.c:231:1:dhcp_inc_pcb_refcount	16	static
../lwip/src/core/ipv4/dhcp.c:1506:1:dhcp_parse_reply	64	static
../lwip/src/core/ipv4/dhcp.c:604:1:dhcp_handle_ack	16	static
../lwip/src/core/ipv4/dhcp.c:1755:1:dhcp_recv	16	static
../lwip/src/core/ipv4/dhcp.c:695:1:dhcp_set_struct	16	static
../lwip/src/core/ipv4/dhcp.c:717:6:dhcp_cleanup	8	static
../lwip/src/core/ipv4/dhcp.c:819:1:dhcp_inform	80	static
../lwip/src/core/ipv4/dhcp.c:863:1:dhcp_network_changed	8	static
../lwip/src/core/ipv4/dhcp.c:908:1:dhcp_arp_reply	8	static
../lwip/src/core/ipv4/dhcp.c:1148:1:dhcp_renew	40	static
../lwip/src/core/ipv4/dhcp.c:551:1:dhcp_t1_timeout	8	static
../lwip/src/core/ipv4/dhcp.c:1981:1:dhcp_supplied_address	0	static
../lwip/src/core/ipv4/dhcp.c:1316:1:dhcp_release_and_stop	40	static
../lwip/src/core/ipv4/dhcp.c:742:1:dhcp_start	16	static
../lwip/src/core/ipv4/dhcp.c:435:1:dhcp_coarse_tmr	8	static
../lwip/src/core/ipv4/dhcp.c:504:1:dhcp_timeout	8	static
../lwip/src/core/ipv4/dhcp.c:473:1:dhcp_fine_tmr	8	static
../lwip/src/core/ipv4/dhcp.c:1393:1:dhcp_release	8	static
../lwip/src/core/ipv4/dhcp.c:1405:1:dhcp_stop	8	static
