../Core/Src/stm32f1xx_it.c:85:6:NMI_Handler	0	static
../Core/Src/stm32f1xx_it.c:100:6:HardFault_Handler	0	static
../Core/Src/stm32f1xx_it.c:115:6:MemManage_Handler	0	static
../Core/Src/stm32f1xx_it.c:130:6:BusFault_Handler	0	static
../Core/Src/stm32f1xx_it.c:145:6:UsageFault_Handler	0	static
../Core/Src/stm32f1xx_it.c:160:6:SVC_Handler	0	static
../Core/Src/stm32f1xx_it.c:173:6:DebugMon_Handler	0	static
../Core/Src/stm32f1xx_it.c:186:6:PendSV_Handler	0	static
../Core/Src/stm32f1xx_it.c:199:6:SysTick_Handler	0	static
../Core/Src/stm32f1xx_it.c:220:6:DMA1_Channel6_IRQHandler	0	static
../Core/Src/stm32f1xx_it.c:234:6:DMA1_Channel7_IRQHandler	0	static
../Core/Src/stm32f1xx_it.c:248:6:TIM4_IRQHandler	8	static
../Core/Src/stm32f1xx_it.c:269:6:USART2_IRQHandler	0	static
../Core/Src/stm32f1xx_it.c:320:6:start_uart2_reception	8	static
../Core/Src/stm32f1xx_it.c:282:6:HAL_UARTEx_RxEventCallback	16	static
