../grbl/motion_control.c:388:21:eval_bezier	0	static
../grbl/motion_control.c:78:6:mc_line	16	static
../grbl/motion_control.c:210:6:mc_arc	176	static
../grbl/motion_control.c:448:6:mc_cubic_b_spline	96	static
../grbl/motion_control.c:641:6:mc_thread	88	static
../grbl/motion_control.c:759:15:mc_jog_execute	16	static
../grbl/motion_control.c:789:6:mc_dwell	16	static
../grbl/motion_control.c:538:6:mc_canned_drill	72	static
../grbl/motion_control.c:952:12:mc_probe_cycle	56	static
../grbl/motion_control.c:1064:6:mc_parking_motion	16	static
../grbl/motion_control.c:1082:6:mc_override_ctrl_update	8	static
../grbl/motion_control.c:1095:15:mc_reset	16	static
../grbl/motion_control.c:800:15:mc_homing_cycle	48	static
