../grbl/stream.c:110:9:stream_get_null	0	static
../grbl/stream.c:170:13:is_connected	0	static
../grbl/stream.c:175:13:is_not_connected	0	static
../grbl/stream.c:203:13:stream_write_all	16	static
../grbl/stream.c:383:13:_open_instance	8	static
../grbl/stream.c:519:17:null_rx_free	0	static
../grbl/stream.c:524:17:null_count	0	static
../grbl/stream.c:529:13:null_put_c	0	static
../grbl/stream.c:534:13:null_write_string	0	static
../grbl/stream.c:538:13:null_write	0	static
../grbl/stream.c:542:13:null_suspend_disable	0	static
../grbl/stream.c:547:13:null_set_baudrate	0	static
../grbl/stream.c:552:13:null_enqueue_rt_command	0	static
../grbl/stream.c:557:37:null_set_rt_handler	0	static
../grbl/stream.c:567:20:stream_null_init	0	static
../grbl/stream.c:115:22:await_toolchange_ack	24	static
../grbl/stream.c:214:29:add_connection	16	static
../grbl/stream.c:180:13:connection_is_up	4	static
../grbl/stream.c:241:13:stream_select	32	static
../grbl/stream.c:73:6:stream_register_streams	0	static
../grbl/stream.c:79:6:stream_enumerate_streams	16	static
../grbl/stream.c:100:6:stream_tx_blocking	8	static
../grbl/stream.c:132:6:stream_rx_suspend	16	static
../grbl/stream.c:155:15:stream_buffer_all	0	static
../grbl/stream.c:160:15:stream_enqueue_realtime_command	8	static
../grbl/stream.c:341:20:stream_get_base	0	static
../grbl/stream.c:346:19:stream_get_flags	16	static
../grbl/stream.c:365:6:stream_connect	16	static
../grbl/stream.c:391:6:stream_connect_instance	8	static
../grbl/stream.c:400:6:stream_disconnect	0	static
../grbl/stream.c:406:20:stream_open_instance	16	static
../grbl/stream.c:420:6:stream_mpg_register	24	static
../grbl/stream.c:461:6:stream_mpg_enable	32	static
