../Core/grblHALComm/parser.c:195:6:processReply	8	static
../Core/grblHALComm/parser.c:122:6:setGrblLegacyMode	0	static
../Core/grblHALComm/parser.c:126:6:mapRTC2Legacy	0	static
../Core/grblHALComm/parser.c:146:14:setGrblReceiveCallback	0	static
../Core/grblHALComm/parser.c:158:6:setLeds	8	static
../Core/grblHALComm/parser.c:169:6:grblIsMPGActive	0	static
../Core/grblHALComm/parser.c:199:6:setGrblTransmitCallback	0	static
../Core/grblHALComm/parser.c:204:6:grblSerialFlush	8	static
../Core/grblHALComm/parser.c:208:6:parseDecimal	8	static
../Core/grblHALComm/parser.c:219:6:parseInt	8	static
../Core/grblHALComm/parser.c:230:6:parseUint	8	static
../Core/grblHALComm/parser.c:241:6:parsePositions	16	static
../Core/grblHALComm/parser.c:264:6:parseOffsets	24	static
../Core/grblHALComm/parser.c:297:6:parseOverrides	16	static
../Core/grblHALComm/parser.c:320:6:parseFeedSpeed	16	static
../Core/grblHALComm/parser.c:571:6:grblClearAlarm	0	static
../Core/grblHALComm/parser.c:576:6:grblClearError	0	static
../Core/grblHALComm/parser.c:581:6:grblClearMessage	0	static
../Core/grblHALComm/parser.c:590:6:grblParseState	32	static
../Core/grblHALComm/parser.c:344:6:parseData	32	static
../Core/grblHALComm/parser.c:624:6:parseInfo	24	static
../Core/grblHALComm/parser.c:673:6:parseSettings	16	static
../Core/grblHALComm/parser.c:669:16:grblGetOptions	0	static
../Core/grblHALComm/parser.c:743:31:serial_getC	0	static
../Core/grblHALComm/parser.c:744:28:serial_writeLn	0	static
../Core/grblHALComm/parser.c:586:6:grblSendSerial	8	static
../Core/grblHALComm/parser.c:658:6:grblGetInfo	8	static
../Core/grblHALComm/parser.c:731:6:grblGetSettings	8	static
