Archive member included to satisfy reference by file (symbol)

C:/ST/STM32CubeIDE_1.13.0/STM32CubeIDE/plugins/com.st.stm32cube.ide.mcu.externaltools.gnu-tools-for-stm32.11.3.rel1.win32_1.1.0.202305231506/tools/bin/../lib/gcc/arm-none-eabi/11.3.1/../../../../arm-none-eabi/lib/thumb/v7e-m+fp/hard\libc_nano.a(libc_a-assert.o)
                              ./grbl/settings.o (__assert_func)
C:/ST/STM32CubeIDE_1.13.0/STM32CubeIDE/plugins/com.st.stm32cube.ide.mcu.externaltools.gnu-tools-for-stm32.11.3.rel1.win32_1.1.0.202305231506/tools/bin/../lib/gcc/arm-none-eabi/11.3.1/../../../../arm-none-eabi/lib/thumb/v7e-m+fp/hard\libc_nano.a(libc_a-atoi.o)
                              ./lwip/src/core/netif.o (atoi)
C:/ST/STM32CubeIDE_1.13.0/STM32CubeIDE/plugins/com.st.stm32cube.ide.mcu.externaltools.gnu-tools-for-stm32.11.3.rel1.win32_1.1.0.202305231506/tools/bin/../lib/gcc/arm-none-eabi/11.3.1/../../../../arm-none-eabi/lib/thumb/v7e-m+fp/hard\libc_nano.a(libc_a-calloc.o)
                              ./grbl/report.o (calloc)
C:/ST/STM32CubeIDE_1.13.0/STM32CubeIDE/plugins/com.st.stm32cube.ide.mcu.externaltools.gnu-tools-for-stm32.11.3.rel1.win32_1.1.0.202305231506/tools/bin/../lib/gcc/arm-none-eabi/11.3.1/../../../../arm-none-eabi/lib/thumb/v7e-m+fp/hard\libc_nano.a(libc_a-callocr.o)
                              C:/ST/STM32CubeIDE_1.13.0/STM32CubeIDE/plugins/com.st.stm32cube.ide.mcu.externaltools.gnu-tools-for-stm32.11.3.rel1.win32_1.1.0.202305231506/tools/bin/../lib/gcc/arm-none-eabi/11.3.1/../../../../arm-none-eabi/lib/thumb/v7e-m+fp/hard\libc_nano.a(libc_a-calloc.o) (_calloc_r)
C:/ST/STM32CubeIDE_1.13.0/STM32CubeIDE/plugins/com.st.stm32cube.ide.mcu.externaltools.gnu-tools-for-stm32.11.3.rel1.win32_1.1.0.202305231506/tools/bin/../lib/gcc/arm-none-eabi/11.3.1/../../../../arm-none-eabi/lib/thumb/v7e-m+fp/hard\libc_nano.a(libc_a-exit.o)
                              C:/ST/STM32CubeIDE_1.13.0/STM32CubeIDE/plugins/com.st.stm32cube.ide.mcu.externaltools.gnu-tools-for-stm32.11.3.rel1.win32_1.1.0.202305231506/tools/bin/../lib/gcc/arm-none-eabi/11.3.1/../../../../arm-none-eabi/lib/thumb/v7e-m+fp/hard/crt0.o (exit)
C:/ST/STM32CubeIDE_1.13.0/STM32CubeIDE/plugins/com.st.stm32cube.ide.mcu.externaltools.gnu-tools-for-stm32.11.3.rel1.win32_1.1.0.202305231506/tools/bin/../lib/gcc/arm-none-eabi/11.3.1/../../../../arm-none-eabi/lib/thumb/v7e-m+fp/hard\libc_nano.a(libc_a-itoa.o)
                              ./networking/urlencode.o (itoa)
C:/ST/STM32CubeIDE_1.13.0/STM32CubeIDE/plugins/com.st.stm32cube.ide.mcu.externaltools.gnu-tools-for-stm32.11.3.rel1.win32_1.1.0.202305231506/tools/bin/../lib/gcc/arm-none-eabi/11.3.1/../../../../arm-none-eabi/lib/thumb/v7e-m+fp/hard\libc_nano.a(libc_a-malloc.o)
                              ./Middlewares/ST/STM32_USB_Device_Library/Class/CDC/Src/usbd_cdc.o (malloc)
C:/ST/STM32CubeIDE_1.13.0/STM32CubeIDE/plugins/com.st.stm32cube.ide.mcu.externaltools.gnu-tools-for-stm32.11.3.rel1.win32_1.1.0.202305231506/tools/bin/../lib/gcc/arm-none-eabi/11.3.1/../../../../arm-none-eabi/lib/thumb/v7e-m+fp/hard\libc_nano.a(libc_a-mallocr.o)
                              C:/ST/STM32CubeIDE_1.13.0/STM32CubeIDE/plugins/com.st.stm32cube.ide.mcu.externaltools.gnu-tools-for-stm32.11.3.rel1.win32_1.1.0.202305231506/tools/bin/../lib/gcc/arm-none-eabi/11.3.1/../../../../arm-none-eabi/lib/thumb/v7e-m+fp/hard\libc_nano.a(libc_a-callocr.o) (_malloc_r)
C:/ST/STM32CubeIDE_1.13.0/STM32CubeIDE/plugins/com.st.stm32cube.ide.mcu.externaltools.gnu-tools-for-stm32.11.3.rel1.win32_1.1.0.202305231506/tools/bin/../lib/gcc/arm-none-eabi/11.3.1/../../../../arm-none-eabi/lib/thumb/v7e-m+fp/hard\libc_nano.a(libc_a-mlock.o)
                              C:/ST/STM32CubeIDE_1.13.0/STM32CubeIDE/plugins/com.st.stm32cube.ide.mcu.externaltools.gnu-tools-for-stm32.11.3.rel1.win32_1.1.0.202305231506/tools/bin/../lib/gcc/arm-none-eabi/11.3.1/../../../../arm-none-eabi/lib/thumb/v7e-m+fp/hard\libc_nano.a(libc_a-mallocr.o) (__malloc_lock)
C:/ST/STM32CubeIDE_1.13.0/STM32CubeIDE/plugins/com.st.stm32cube.ide.mcu.externaltools.gnu-tools-for-stm32.11.3.rel1.win32_1.1.0.202305231506/tools/bin/../lib/gcc/arm-none-eabi/11.3.1/../../../../arm-none-eabi/lib/thumb/v7e-m+fp/hard\libc_nano.a(libc_a-mstats.o)
                              ./Src/driver.o (mallinfo)
C:/ST/STM32CubeIDE_1.13.0/STM32CubeIDE/plugins/com.st.stm32cube.ide.mcu.externaltools.gnu-tools-for-stm32.11.3.rel1.win32_1.1.0.202305231506/tools/bin/../lib/gcc/arm-none-eabi/11.3.1/../../../../arm-none-eabi/lib/thumb/v7e-m+fp/hard\libc_nano.a(libc_a-rand.o)
                              ./lwip/src/core/dns.o (rand)
C:/ST/STM32CubeIDE_1.13.0/STM32CubeIDE/plugins/com.st.stm32cube.ide.mcu.externaltools.gnu-tools-for-stm32.11.3.rel1.win32_1.1.0.202305231506/tools/bin/../lib/gcc/arm-none-eabi/11.3.1/../../../../arm-none-eabi/lib/thumb/v7e-m+fp/hard\libc_nano.a(libc_a-realloc.o)
                              ./networking/cJSON.o (realloc)
[...]
Memory Configuration

Name             Origin             Length             Attributes
RAM              0x0000000020000000 0x0000000000020000 xrw
BOOT_FLASH       0x0000000008000000 0x0000000000004000 xr
EEPROM_EMUL      0x0000000008004000 0x0000000000004000 xrw
FLASH            0x0000000008008000 0x00000000000f8000 xr
*default*        0x0000000000000000 0xffffffffffffffff

Linker script and memory map

LOAD C:/ST/STM32CubeIDE_1.13.0/STM32CubeIDE/plugins/com.st.stm32cube.ide.mcu.externaltools.gnu-tools-for-stm32.11.3.rel1.win32_1.1.0.202305231506/tools/bin/../lib/gcc/arm-none-eabi/11.3.1/thumb/v7e-m+fp/hard/crti.o
LOAD C:/ST/STM32CubeIDE_1.13.0/STM32CubeIDE/plugins/com.st.stm32cube.ide.mcu.externaltools.gnu-tools-for-stm32.11.3.rel1.win32_1.1.0.202305231506/tools/bin/../lib/gcc/arm-none-eabi/11.3.1/thumb/v7e-m+fp/hard/crtbegin.o
LOAD C:/ST/STM32CubeIDE_1.13.0/STM32CubeIDE/plugins/com.st.stm32cube.ide.mcu.externaltools.gnu-tools-for-stm32.11.3.rel1.win32_1.1.0.202305231506/tools/bin/../lib/gcc/arm-none-eabi/11.3.1/../../../../arm-none-eabi/lib/thumb/v7e-m+fp/hard/crt0.o
LOAD ./Drivers/FATFS/App/fatfs.o
LOAD ./Drivers/FATFS/Target/bsp_driver_sd.o
LOAD ./Drivers/FATFS/Target/sd_diskio.o
LOAD ./Drivers/STM32F4xx_HAL_Driver/Src/stm32f4xx_hal.o
LOAD ./Drivers/STM32F4xx_HAL_Driver/Src/stm32f4xx_hal_cortex.o
LOAD ./Drivers/STM32F4xx_HAL_Driver/Src/stm32f4xx_hal_dac.o
LOAD ./Drivers/STM32F4xx_HAL_Driver/Src/stm32f4xx_hal_dac_ex.o
LOAD ./Drivers/STM32F4xx_HAL_Driver/Src/stm32f4xx_hal_dma.o
LOAD ./Drivers/STM32F4xx_HAL_Driver/Src/stm32f4xx_hal_dma_ex.o
LOAD ./Drivers/STM32F4xx_HAL_Driver/Src/stm32f4xx_hal_exti.o
LOAD ./Drivers/STM32F4xx_HAL_Driver/Src/stm32f4xx_hal_flash.o
LOAD ./Drivers/STM32F4xx_HAL_Driver/Src/stm32f4xx_hal_flash_ex.o
LOAD ./Drivers/STM32F4xx_HAL_Driver/Src/stm32f4xx_hal_flash_ramfunc.o
LOAD ./Drivers/STM32F4xx_HAL_Driver/Src/stm32f4xx_hal_fmpi2c.o
LOAD ./Drivers/STM32F4xx_HAL_Driver/Src/stm32f4xx_hal_fmpi2c_ex.o
LOAD ./Drivers/STM32F4xx_HAL_Driver/Src/stm32f4xx_hal_gpio.o
LOAD ./Drivers/STM32F4xx_HAL_Driver/Src/stm32f4xx_hal_i2c.o
LOAD ./Drivers/STM32F4xx_HAL_Driver/Src/stm32f4xx_hal_i2c_ex.o
LOAD ./Drivers/STM32F4xx_HAL_Driver/Src/stm32f4xx_hal_i2s.o
LOAD ./Drivers/STM32F4xx_HAL_Driver/Src/stm32f4xx_hal_i2s_ex.o
LOAD ./Drivers/STM32F4xx_HAL_Driver/Src/stm32f4xx_hal_pcd.o
LOAD ./Drivers/STM32F4xx_HAL_Driver/Src/stm32f4xx_hal_pcd_ex.o
LOAD ./Drivers/STM32F4xx_HAL_Driver/Src/stm32f4xx_hal_pwr.o
LOAD ./Drivers/STM32F4xx_HAL_Driver/Src/stm32f4xx_hal_pwr_ex.o
LOAD ./Drivers/STM32F4xx_HAL_Driver/Src/stm32f4xx_hal_rcc.o
LOAD ./Drivers/STM32F4xx_HAL_Driver/Src/stm32f4xx_hal_rcc_ex.o
LOAD ./Drivers/STM32F4xx_HAL_Driver/Src/stm32f4xx_hal_rtc.o
LOAD ./Drivers/STM32F4xx_HAL_Driver/Src/stm32f4xx_hal_rtc_ex.o
LOAD ./Drivers/STM32F4xx_HAL_Driver/Src/stm32f4xx_hal_sd.o
LOAD ./Drivers/STM32F4xx_HAL_Driver/Src/stm32f4xx_hal_spi.o
LOAD ./Drivers/STM32F4xx_HAL_Driver/Src/stm32f4xx_hal_tim.o
LOAD ./Drivers/STM32F4xx_HAL_Driver/Src/stm32f4xx_hal_tim_ex.o
LOAD ./Drivers/STM32F4xx_HAL_Driver/Src/stm32f4xx_hal_uart.o
LOAD ./Drivers/STM32F4xx_HAL_Driver/Src/stm32f4xx_ll_sdmmc.o
LOAD ./Drivers/STM32F4xx_HAL_Driver/Src/stm32f4xx_ll_usb.o
LOAD ./FatFs/STM/diskio.o
LOAD ./FatFs/STM/ff_gen_drv.o
LOAD ./FatFs/ff.o
LOAD ./FatFs/ffsystem.o
LOAD ./FatFs/ffunicode.o
LOAD ./Middlewares/ST/STM32_USB_Device_Library/Class/CDC/Src/usbd_cdc.o
LOAD ./Middlewares/ST/STM32_USB_Device_Library/Core/Src/usbd_core.o
LOAD ./Middlewares/ST/STM32_USB_Device_Library/Core/Src/usbd_ctlreq.o
LOAD ./Middlewares/ST/STM32_USB_Device_Library/Core/Src/usbd_ioreq.o
LOAD ./Src/btt_skr_2.0.o
LOAD ./Src/diskio.o
LOAD ./Src/driver.o
LOAD ./Src/flash.o
LOAD ./Src/flexi_hal.o
LOAD ./Src/i2c.o
LOAD ./Src/ioports.o
LOAD ./Src/ioports_analog.o
LOAD ./Src/main.o
LOAD ./Src/serial.o
LOAD ./Src/spi.o
LOAD ./Src/st_morpho.o
LOAD ./Src/st_morpo_dac.o
LOAD ./Src/stm32f4xx_hal_msp.o
LOAD ./Src/stm32f4xx_it.o
LOAD ./Src/syscalls.o
LOAD ./Src/sysmem.o
LOAD ./Src/system_stm32f4xx.o
LOAD ./Src/tmc_spi.o
LOAD ./Src/tmc_uart.o
LOAD ./Src/usb_serial.o
LOAD ./Src/w5x00_ll_driver.o
LOAD ./StartupF407/startup_stm32f407vgtx.o
LOAD ./USB_DEVICE/App/usb_device.o
LOAD ./USB_DEVICE/App/usbd_cdc_if.o
LOAD ./USB_DEVICE/App/usbd_desc.o
LOAD ./USB_DEVICE/Target/usbd_conf.o
LOAD ./bluetooth/hc_05.o
LOAD ./eeprom/eeprom_24AAxxx.o
LOAD ./eeprom/eeprom_24LC16B.o
LOAD ./grbl/alarms.o
LOAD ./grbl/coolant_control.o
LOAD ./grbl/errors.o
LOAD ./grbl/gcode.o
LOAD ./grbl/grbllib.o
LOAD ./grbl/ioports.o
LOAD ./grbl/machine_limits.o
LOAD ./grbl/messages.o
LOAD ./grbl/modbus.o
LOAD ./grbl/motion_control.o
LOAD ./grbl/my_plugin.o
LOAD ./grbl/ngc_expr.o
LOAD ./grbl/ngc_flowctrl.o
LOAD ./grbl/ngc_params.o
LOAD ./grbl/nuts_bolts.o
LOAD ./grbl/nvs_buffer.o
LOAD ./grbl/override.o
LOAD ./grbl/pid.o
LOAD ./grbl/planner.o
LOAD ./grbl/protocol.o
LOAD ./grbl/regex.o
LOAD ./grbl/report.o
LOAD ./grbl/settings.o
LOAD ./grbl/sleep.o
LOAD ./grbl/spindle_control.o
LOAD ./grbl/state_machine.o
LOAD ./grbl/stepper.o
LOAD ./grbl/stream.o
LOAD ./grbl/system.o
LOAD ./grbl/task.o
LOAD ./grbl/tool_change.o
LOAD ./grbl/vfs.o
LOAD ./grbl/kinematics/corexy.o
LOAD ./grbl/kinematics/delta.o
LOAD ./grbl/kinematics/maslow.o
LOAD ./grbl/kinematics/polar.o
LOAD ./grbl/kinematics/wall_plotter.o
LOAD ./keypad/display/i2c_interface.o
LOAD ./keypad/display/i2c_leds.o
LOAD ./keypad/keypad.o
LOAD ./keypad/macros.o
LOAD ./laser/coolant.o
LOAD ./laser/lb_clusters.o
LOAD ./laser/ppi.o
LOAD ./lwip/src/api/api_lib.o
LOAD ./lwip/src/api/api_msg.o
LOAD ./lwip/src/api/err.o
LOAD ./lwip/src/api/if_api.o
LOAD ./lwip/src/api/netbuf.o
LOAD ./lwip/src/api/netdb.o
LOAD ./lwip/src/api/netifapi.o
LOAD ./lwip/src/api/sockets.o
LOAD ./lwip/src/api/tcpip.o
LOAD ./lwip/src/apps/altcp_tls/altcp_tls_mbedtls.o
LOAD ./lwip/src/apps/altcp_tls/altcp_tls_mbedtls_mem.o
LOAD ./lwip/src/apps/mdns/mdns.o
LOAD ./lwip/src/apps/mqtt/mqtt.o
LOAD ./lwip/src/core/altcp.o
LOAD ./lwip/src/core/altcp_alloc.o
LOAD ./lwip/src/core/altcp_tcp.o
LOAD ./lwip/src/core/def.o
LOAD ./lwip/src/core/dns.o
LOAD ./lwip/src/core/inet_chksum.o
LOAD ./lwip/src/core/init.o
LOAD ./lwip/src/core/ip.o
LOAD ./lwip/src/core/mem.o
LOAD ./lwip/src/core/memp.o
LOAD ./lwip/src/core/netif.o
LOAD ./lwip/src/core/pbuf.o
LOAD ./lwip/src/core/raw.o
LOAD ./lwip/src/core/stats.o
LOAD ./lwip/src/core/sys.o
LOAD ./lwip/src/core/tcp.o
LOAD ./lwip/src/core/tcp_in.o
LOAD ./lwip/src/core/tcp_out.o
LOAD ./lwip/src/core/timeouts.o
LOAD ./lwip/src/core/udp.o
LOAD ./lwip/src/core/ipv4/autoip.o
LOAD ./lwip/src/core/ipv4/dhcp.o
LOAD ./lwip/src/core/ipv4/etharp.o
LOAD ./lwip/src/core/ipv4/icmp.o
LOAD ./lwip/src/core/ipv4/igmp.o
LOAD ./lwip/src/core/ipv4/ip4.o
LOAD ./lwip/src/core/ipv4/ip4_addr.o
LOAD ./lwip/src/core/ipv4/ip4_frag.o
LOAD ./lwip/src/core/ipv6/dhcp6.o
LOAD ./lwip/src/core/ipv6/ethip6.o
LOAD ./lwip/src/core/ipv6/icmp6.o
LOAD ./lwip/src/core/ipv6/inet6.o
LOAD ./lwip/src/core/ipv6/ip6.o
LOAD ./lwip/src/core/ipv6/ip6_addr.o
LOAD ./lwip/src/core/ipv6/ip6_frag.o
LOAD ./lwip/src/core/ipv6/mld6.o
LOAD ./lwip/src/core/ipv6/nd6.o
LOAD ./lwip/src/netif/bridgeif.o
LOAD ./lwip/src/netif/bridgeif_fdb.o
LOAD ./lwip/src/netif/ethernet.o
LOAD ./lwip/src/netif/lowpan6.o
LOAD ./lwip/src/netif/lowpan6_ble.o
LOAD ./lwip/src/netif/lowpan6_common.o
LOAD ./lwip/src/netif/slipif.o
LOAD ./lwip/src/netif/zepif.o
LOAD ./lwip/src/netif/ppp/auth.o
LOAD ./lwip/src/netif/ppp/ccp.o
LOAD ./lwip/src/netif/ppp/chap-md5.o
LOAD ./lwip/src/netif/ppp/chap-new.o
LOAD ./lwip/src/netif/ppp/chap_ms.o
LOAD ./lwip/src/netif/ppp/demand.o
LOAD ./lwip/src/netif/ppp/eap.o
LOAD ./lwip/src/netif/ppp/ecp.o
LOAD ./lwip/src/netif/ppp/eui64.o
LOAD ./lwip/src/netif/ppp/fsm.o
LOAD ./lwip/src/netif/ppp/ipcp.o
LOAD ./lwip/src/netif/ppp/ipv6cp.o
LOAD ./lwip/src/netif/ppp/lcp.o
LOAD ./lwip/src/netif/ppp/magic.o
LOAD ./lwip/src/netif/ppp/mppe.o
LOAD ./lwip/src/netif/ppp/multilink.o
LOAD ./lwip/src/netif/ppp/ppp.o
LOAD ./lwip/src/netif/ppp/pppapi.o
LOAD ./lwip/src/netif/ppp/pppcrypt.o
LOAD ./lwip/src/netif/ppp/pppoe.o
LOAD ./lwip/src/netif/ppp/pppol2tp.o
LOAD ./lwip/src/netif/ppp/pppos.o
LOAD ./lwip/src/netif/ppp/upap.o
LOAD ./lwip/src/netif/ppp/utils.o
LOAD ./lwip/src/netif/ppp/vj.o
LOAD ./lwip/src/netif/ppp/polarssl/arc4.o
LOAD ./lwip/src/netif/ppp/polarssl/des.o
LOAD ./lwip/src/netif/ppp/polarssl/md4.o
LOAD ./lwip/src/netif/ppp/polarssl/md5.o
LOAD ./lwip/src/netif/ppp/polarssl/sha1.o
LOAD ./motors/trinamic.o
LOAD ./networking/base64.o
LOAD ./networking/cJSON.o
LOAD ./networking/fs_ram.o
LOAD ./networking/fs_stream.o
LOAD ./networking/ftpd.o
LOAD ./networking/http_upload.o
LOAD ./networking/httpd.o
LOAD ./networking/mqtt.o
LOAD ./networking/multipartparser.o
LOAD ./networking/networking.o
LOAD ./networking/sfifo.o
LOAD ./networking/sha1.o
LOAD ./networking/ssdp.o
LOAD ./networking/strutils.o
LOAD ./networking/telnetd.o
LOAD ./networking/urldecode.o
LOAD ./networking/urlencode.o
LOAD ./networking/utils.o
LOAD ./networking/webdav.o
LOAD ./networking/websocketd.o
LOAD ./networking/modbus/client.o
LOAD ./networking/wiznet/W5100S/w5100s.o
LOAD ./networking/wiznet/W5500/w5500.o
LOAD ./networking/wiznet/arch/checksum.o
LOAD ./networking/wiznet/arch/memcpy.o
LOAD ./networking/wiznet/arch/sys_arch.o
LOAD ./networking/wiznet/enet.o
LOAD ./networking/wiznet/socket.o
LOAD ./networking/wiznet/wizchip_conf.o
LOAD ./networking/wiznet/port/w5x00_lwip.o
LOAD ./odometer/odometer.o
LOAD ./sdcard/fs_fatfs.o
LOAD ./sdcard/fs_littlefs.o
LOAD ./sdcard/macros.o
LOAD ./sdcard/sdcard.o
LOAD ./sdcard/ymodem.o
LOAD ./spindle/modbus_rtu.o
LOAD ./spindle/select.o
LOAD ./spindle/vfd/gs20.o
LOAD ./spindle/vfd/h100.o
LOAD ./spindle/vfd/huanyang.o
LOAD ./spindle/vfd/huanyang2.o
LOAD ./spindle/vfd/modvfd.o
LOAD ./spindle/vfd/spindle.o
LOAD ./spindle/vfd/yl620.o
LOAD ./trinamic/common.o
LOAD ./trinamic/tmc2130.o
LOAD ./trinamic/tmc2130hal.o
LOAD ./trinamic/tmc2209.o
LOAD ./trinamic/tmc2209hal.o
LOAD ./trinamic/tmc26x.o
LOAD ./trinamic/tmc5160.o
LOAD ./trinamic/tmc5160hal.o
LOAD ./trinamic/tmc_interface.o
START GROUP
LOAD C:/ST/STM32CubeIDE_1.13.0/STM32CubeIDE/plugins/com.st.stm32cube.ide.mcu.externaltools.gnu-tools-for-stm32.11.3.rel1.win32_1.1.0.202305231506/tools/bin/../lib/gcc/arm-none-eabi/11.3.1/../../../../arm-none-eabi/lib/thumb/v7e-m+fp/hard\libc_nano.a
LOAD C:/ST/STM32CubeIDE_1.13.0/STM32CubeIDE/plugins/com.st.stm32cube.ide.mcu.externaltools.gnu-tools-for-stm32.11.3.rel1.win32_1.1.0.202305231506/tools/bin/../lib/gcc/arm-none-eabi/11.3.1/../../../../arm-none-eabi/lib/thumb/v7e-m+fp/hard\libm.a
END GROUP
START GROUP
LOAD C:/ST/STM32CubeIDE_1.13.0/STM32CubeIDE/plugins/com.st.stm32cube.ide.mcu.externaltools.gnu-tools-for-stm32.11.3.rel1.win32_1.1.0.202305231506/tools/bin/../lib/gcc/arm-none-eabi/11.3.1/thumb/v7e-m+fp/hard\libgcc.a
LOAD C:/ST/STM32CubeIDE_1.13.0/STM32CubeIDE/plugins/com.st.stm32cube.ide.mcu.externaltools.gnu-tools-for-stm32.11.3.rel1.win32_1.1.0.202305231506/tools/bin/../lib/gcc/arm-none-eabi/11.3.1/../../../../arm-none-eabi/lib/thumb/v7e-m+fp/hard\libc_nano.a
END GROUP
START GROUP
LOAD C:/ST/STM32CubeIDE_1.13.0/STM32CubeIDE/plugins/com.st.stm32cube.ide.mcu.externaltools.gnu-tools-for-stm32.11.3.rel1.win32_1.1.0.202305231506/tools/bin/../lib/gcc/arm-none-eabi/11.3.1/thumb/v7e-m+fp/hard\libgcc.a
LOAD C:/ST/STM32CubeIDE_1.13.0/STM32CubeIDE/plugins/com.st.stm32cube.ide.mcu.externaltools.gnu-tools-for-stm32.11.3.rel1.win32_1.1.0.202305231506/tools/bin/../lib/gcc/arm-none-eabi/11.3.1/../../../../arm-none-eabi/lib/thumb/v7e-m+fp/hard\libc_nano.a
LOAD C:/ST/STM32CubeIDE_1.13.0/STM32CubeIDE/plugins/com.st.stm32cube.ide.mcu.externaltools.gnu-tools-for-stm32.11.3.rel1.win32_1.1.0.202305231506/tools/bin/../lib/gcc/arm-none-eabi/11.3.1/../../../../arm-none-eabi/lib/thumb/v7e-m+fp/hard\libnosys.a
END GROUP
START GROUP
LOAD C:/ST/STM32CubeIDE_1.13.0/STM32CubeIDE/plugins/com.st.stm32cube.ide.mcu.externaltools.gnu-tools-for-stm32.11.3.rel1.win32_1.1.0.202305231506/tools/bin/../lib/gcc/arm-none-eabi/11.3.1/thumb/v7e-m+fp/hard\libgcc.a
LOAD C:/ST/STM32CubeIDE_1.13.0/STM32CubeIDE/plugins/com.st.stm32cube.ide.mcu.externaltools.gnu-tools-for-stm32.11.3.rel1.win32_1.1.0.202305231506/tools/bin/../lib/gcc/arm-none-eabi/11.3.1/../../../../arm-none-eabi/lib/thumb/v7e-m+fp/hard\libc_nano.a
LOAD C:/ST/STM32CubeIDE_1.13.0/STM32CubeIDE/plugins/com.st.stm32cube.ide.mcu.externaltools.gnu-tools-for-stm32.11.3.rel1.win32_1.1.0.202305231506/tools/bin/../lib/gcc/arm-none-eabi/11.3.1/../../../../arm-none-eabi/lib/thumb/v7e-m+fp/hard\libnosys.a
END GROUP
LOAD C:/ST/STM32CubeIDE_1.13.0/STM32CubeIDE/plugins/com.st.stm32cube.ide.mcu.externaltools.gnu-tools-for-stm32.11.3.rel1.win32_1.1.0.202305231506/tools/bin/../lib/gcc/arm-none-eabi/11.3.1/thumb/v7e-m+fp/hard/crtend.o
LOAD C:/ST/STM32CubeIDE_1.13.0/STM32CubeIDE/plugins/com.st.stm32cube.ide.mcu.externaltools.gnu-tools-for-stm32.11.3.rel1.win32_1.1.0.202305231506/tools/bin/../lib/gcc/arm-none-eabi/11.3.1/thumb/v7e-m+fp/hard/crtn.o
                0x0000000020020000                _estack = (ORIGIN (RAM) + LENGTH (RAM))
                0x0000000000003000                _Min_Heap_Size = 0x3000
                0x0000000000001000                _Min_Stack_Size = 0x1000
                0x0000000008004000                _EEPROM_Emul_Start = ORIGIN (EEPROM_EMUL)
                0x0000000000000001                _EEPROM_Emul_Sector = 0x1

.isr_vector     0x0000000008000000      0x188
                0x0000000008000000                . = ALIGN (0x4)
 *(.isr_vector)
 .isr_vector    0x0000000008000000      0x188 ./StartupF407/startup_stm32f407vgtx.o
                0x0000000008000000                g_pfnVectors
                0x0000000008000188                . = ALIGN (0x4)

.text           0x0000000008008000    0x1d370
                0x0000000008008000                . = ALIGN (0x4)
 *(.text)
 .text          0x0000000008008000       0x40 C:/ST/STM32CubeIDE_1.13.0/STM32CubeIDE/plugins/com.st.stm32cube.ide.mcu.externaltools.gnu-tools-for-stm32.11.3.rel1.win32_1.1.0.202305231506/tools/bin/../lib/gcc/arm-none-eabi/11.3.1/thumb/v7e-m+fp/hard/crtbegin.o
 .text          0x0000000008008040       0x14 C:/ST/STM32CubeIDE_1.13.0/STM32CubeIDE/plugins/com.st.stm32cube.ide.mcu.externaltools.gnu-tools-for-stm32.11.3.rel1.win32_1.1.0.202305231506/tools/bin/../lib/gcc/arm-none-eabi/11.3.1/../../../../arm-none-eabi/lib/thumb/v7e-m+fp/hard\libc_nano.a(libc_a-strcmp.o)
                0x0000000008008040                strcmp
 .text          0x0000000008008054       0x10 C:/ST/STM32CubeIDE_1.13.0/STM32CubeIDE/plugins/com.st.stm32cube.ide.mcu.externaltools.gnu-tools-for-stm32.11.3.rel1.win32_1.1.0.202305231506/tools/bin/../lib/gcc/arm-none-eabi/11.3.1/../../../../arm-none-eabi/lib/thumb/v7e-m+fp/hard\libc_nano.a(libc_a-strlen.o)
                0x0000000008008054                strlen
 *fill*         0x0000000008008064        0xc 
 .text          0x0000000008008070       0xa0 C:/ST/STM32CubeIDE_1.13.0/STM32CubeIDE/plugins/com.st.stm32cube.ide.mcu.externaltools.gnu-tools-for-stm32.11.3.rel1.win32_1.1.0.202305231506/tools/bin/../lib/gcc/arm-none-eabi/11.3.1/../../../../arm-none-eabi/lib/thumb/v7e-m+fp/hard\libc_nano.a(libc_a-memchr.o)
                0x0000000008008070                memchr
 .text          0x0000000008008110      0x378 C:/ST/STM32CubeIDE_1.13.0/STM32CubeIDE/plugins/com.st.stm32cube.ide.mcu.externaltools.gnu-tools-for-stm32.11.3.rel1.win32_1.1.0.202305231506/tools/bin/../lib/gcc/arm-none-eabi/11.3.1/thumb/v7e-m+fp/hard\libgcc.a(_arm_addsubdf3.o)
                0x0000000008008110                __aeabi_drsub
                0x0000000008008118                __aeabi_dsub
                0x0000000008008118                __subdf3
                0x000000000800811c                __aeabi_dadd
                0x000000000800811c                __adddf3
                0x0000000008008394                __floatunsidf
                0x0000000008008394                __aeabi_ui2d
                0x00000000080083b4                __floatsidf
                0x00000000080083b4                __aeabi_i2d
                0x00000000080083d8                __aeabi_f2d
                0x00000000080083d8                __extendsfdf2
                0x000000000800841c                __floatundidf
                0x000000000800841c                __aeabi_ul2d
                0x000000000800842c                __floatdidf
                0x000000000800842c                __aeabi_l2d
 .text          0x0000000008008488      0x424 C:/ST/STM32CubeIDE_1.13.0/STM32CubeIDE/plugins/com.st.stm32cube.ide.mcu.externaltools.gnu-tools-for-stm32.11.3.rel1.win32_1.1.0.202305231506/tools/bin/../lib/gcc/arm-none-eabi/11.3.1/thumb/v7e-m+fp/hard\libgcc.a(_arm_muldivdf3.o)
                0x0000000008008488                __aeabi_dmul
                0x0000000008008488                __muldf3
                0x00000000080086dc                __divdf3
                0x00000000080086dc                __aeabi_ddiv
 .text          0x00000000080088ac      0x110 C:/ST/STM32CubeIDE_1.13.0/STM32CubeIDE/plugins/com.st.stm32cube.ide.mcu.externaltools.gnu-tools-for-stm32.11.3.rel1.win32_1.1.0.202305231506/tools/bin/../lib/gcc/arm-none-eabi/11.3.1/thumb/v7e-m+fp/hard\libgcc.a(_arm_cmpdf2.o)
                0x00000000080088ac                __gtdf2
                0x00000000080088ac                __gedf2
                0x00000000080088b4                __ltdf2
                0x00000000080088b4                __ledf2
                0x00000000080088bc                __nedf2
                0x00000000080088bc                __eqdf2
                0x00000000080088bc                __cmpdf2
                0x0000000008008938                __aeabi_cdrcmple
                0x0000000008008948                __aeabi_cdcmpeq
                0x0000000008008948                __aeabi_cdcmple
                0x0000000008008958                __aeabi_dcmpeq
                0x000000000800896c                __aeabi_dcmplt
                0x0000000008008980                __aeabi_dcmple
                0x0000000008008994                __aeabi_dcmpge
                0x00000000080089a8                __aeabi_dcmpgt
 .text          0x00000000080089bc       0xa0 C:/ST/STM32CubeIDE_1.13.0/STM32CubeIDE/plugins/com.st.stm32cube.ide.mcu.externaltools.gnu-tools-for-stm32.11.3.rel1.win32_1.1.0.202305231506/tools/bin/../lib/gcc/arm-none-eabi/11.3.1/thumb/v7e-m+fp/hard\libgcc.a(_arm_truncdfsf2.o)
                0x00000000080089bc                __truncdfsf2
                0x00000000080089bc                __aeabi_d2f
 .text          0x0000000008008a5c       0x30 C:/ST/STM32CubeIDE_1.13.0/STM32CubeIDE/plugins/com.st.stm32cube.ide.mcu.externaltools.gnu-tools-for-stm32.11.3.rel1.win32_1.1.0.202305231506/tools/bin/../lib/gcc/arm-none-eabi/11.3.1/thumb/v7e-m+fp/hard\libgcc.a(_aeabi_uldivmod.o)
                0x0000000008008a5c                __aeabi_uldivmod
 .text          0x0000000008008a8c      0x2c8 C:/ST/STM32CubeIDE_1.13.0/STM32CubeIDE/plugins/com.st.stm32cube.ide.mcu.externaltools.gnu-tools-for-stm32.11.3.rel1.win32_1.1.0.202305231506/tools/bin/../lib/gcc/arm-none-eabi/11.3.1/thumb/v7e-m+fp/hard\libgcc.a(_udivmoddi4.o)
                0x0000000008008a8c                __udivmoddi4
 .text          0x0000000008008d54        0x4 C:/ST/STM32CubeIDE_1.13.0/STM32CubeIDE/plugins/com.st.stm32cube.ide.mcu.externaltools.gnu-tools-for-stm32.11.3.rel1.win32_1.1.0.202305231506/tools/bin/../lib/gcc/arm-none-eabi/11.3.1/thumb/v7e-m+fp/hard\libgcc.a(_dvmd_tls.o)
                0x0000000008008d54                __aeabi_idiv0
                0x0000000008008d54                __aeabi_ldiv0
 *(.text*)
 .text.HAL_InitTick
                0x0000000008008d58       0x4c ./Drivers/STM32F4xx_HAL_Driver/Src/stm32f4xx_hal.o
                0x0000000008008d58                HAL_InitTick
 .text.HAL_Init
                0x0000000008008da4       0x34 ./Drivers/STM32F4xx_HAL_Driver/Src/stm32f4xx_hal.o
                0x0000000008008da4                HAL_Init
 .text.HAL_IncTick
                0x0000000008008dd8       0x18 ./Drivers/STM32F4xx_HAL_Driver/Src/stm32f4xx_hal.o
                0x0000000008008dd8                HAL_IncTick
 .text.HAL_GetTick
                0x0000000008008df0        0xc ./Drivers/STM32F4xx_HAL_Driver/Src/stm32f4xx_hal.o
                0x0000000008008df0                HAL_GetTick
 .text.HAL_Delay
                0x0000000008008dfc       0x28 ./Drivers/STM32F4xx_HAL_Driver/Src/stm32f4xx_hal.o
                0x0000000008008dfc                HAL_Delay
 .text.HAL_NVIC_SetPriorityGrouping
                0x0000000008008e24       0x24 ./Drivers/STM32F4xx_HAL_Driver/Src/stm32f4xx_hal_cortex.o
                0x0000000008008e24                HAL_NVIC_SetPriorityGrouping
 .text.HAL_NVIC_SetPriority
                0x0000000008008e48       0x70 ./Drivers/STM32F4xx_HAL_Driver/Src/stm32f4xx_hal_cortex.o
                0x0000000008008e48                HAL_NVIC_SetPriority
 .text.HAL_NVIC_EnableIRQ
                0x0000000008008eb8       0x1c ./Drivers/STM32F4xx_HAL_Driver/Src/stm32f4xx_hal_cortex.o
                0x0000000008008eb8                HAL_NVIC_EnableIRQ
 .text.HAL_NVIC_DisableIRQ
                0x0000000008008ed4       0x24 ./Drivers/STM32F4xx_HAL_Driver/Src/stm32f4xx_hal_cortex.o
                0x0000000008008ed4                HAL_NVIC_DisableIRQ
 .text.HAL_SYSTICK_Config
                0x0000000008008ef8       0x28 ./Drivers/STM32F4xx_HAL_Driver/Src/stm32f4xx_hal_cortex.o
                0x0000000008008ef8                HAL_SYSTICK_Config
 .text.FLASH_Program_DoubleWord
                0x0000000008008f20       0x30 ./Drivers/STM32F4xx_HAL_Driver/Src/stm32f4xx_hal_flash.o
 .text.FLASH_Program_Word
                0x0000000008008f50       0x24 ./Drivers/STM32F4xx_HAL_Driver/Src/stm32f4xx_hal_flash.o
 .text.FLASH_Program_HalfWord
                0x0000000008008f74       0x24 ./Drivers/STM32F4xx_HAL_Driver/Src/stm32f4xx_hal_flash.o
 .text.FLASH_Program_Byte
                0x0000000008008f98       0x20 ./Drivers/STM32F4xx_HAL_Driver/Src/stm32f4xx_hal_flash.o
 .text.FLASH_SetErrorCode
                0x0000000008008fb8       0x8c ./Drivers/STM32F4xx_HAL_Driver/Src/stm32f4xx_hal_flash.o
 .text.HAL_FLASH_Unlock
                0x0000000008009044       0x30 ./Drivers/STM32F4xx_HAL_Driver/Src/stm32f4xx_hal_flash.o
                0x0000000008009044                HAL_FLASH_Unlock
 .text.HAL_FLASH_Lock
                0x0000000008009074       0x14 ./Drivers/STM32F4xx_HAL_Driver/Src/stm32f4xx_hal_flash.o
                0x0000000008009074                HAL_FLASH_Lock
 .text.FLASH_WaitForLastOperation
                0x0000000008009088       0x60 ./Drivers/STM32F4xx_HAL_Driver/Src/stm32f4xx_hal_flash.o
                0x0000000008009088                FLASH_WaitForLastOperation
 .text.HAL_FLASH_Program
                0x00000000080090e8       0x7c ./Drivers/STM32F4xx_HAL_Driver/Src/stm32f4xx_hal_flash.o
                0x00000000080090e8                HAL_FLASH_Program
 .text.FLASH_MassErase
                0x0000000008009164       0x24 ./Drivers/STM32F4xx_HAL_Driver/Src/stm32f4xx_hal_flash_ex.o
 .text.FLASH_Erase_Sector
                0x0000000008009188       0x4c ./Drivers/STM32F4xx_HAL_Driver/Src/stm32f4xx_hal_flash_ex.o
                0x0000000008009188                FLASH_Erase_Sector
 .text.FLASH_FlushCaches
                0x00000000080091d4       0x60 ./Drivers/STM32F4xx_HAL_Driver/Src/stm32f4xx_hal_flash_ex.o
                0x00000000080091d4                FLASH_FlushCaches
 .text.HAL_FLASHEx_Erase
                0x0000000008009234       0x94 ./Drivers/STM32F4xx_HAL_Driver/Src/stm32f4xx_hal_flash_ex.o
                0x0000000008009234                HAL_FLASHEx_Erase
 .text.HAL_GPIO_Init
                0x00000000080092c8      0x1d0 ./Drivers/STM32F4xx_HAL_Driver/Src/stm32f4xx_hal_gpio.o
                0x00000000080092c8                HAL_GPIO_Init
 .text.PCD_WriteEmptyTxFifo
                0x0000000008009498       0xd0 ./Drivers/STM32F4xx_HAL_Driver/Src/stm32f4xx_hal_pcd.o
 .text.HAL_PCD_Init
                0x0000000008009568      0x12e ./Drivers/STM32F4xx_HAL_Driver/Src/stm32f4xx_hal_pcd.o
                0x0000000008009568                HAL_PCD_Init
 .text.HAL_PCD_Start
                0x0000000008009696       0x42 ./Drivers/STM32F4xx_HAL_Driver/Src/stm32f4xx_hal_pcd.o
                0x0000000008009696                HAL_PCD_Start
 .text.PCD_EP_OutXfrComplete_int
                0x00000000080096d8       0xf4 ./Drivers/STM32F4xx_HAL_Driver/Src/stm32f4xx_hal_pcd.o
 .text.PCD_EP_OutSetupPacket_int
                0x00000000080097cc       0x50 ./Drivers/STM32F4xx_HAL_Driver/Src/stm32f4xx_hal_pcd.o
 .text.HAL_PCD_IRQHandler
                0x000000000800981c      0x476 ./Drivers/STM32F4xx_HAL_Driver/Src/stm32f4xx_hal_pcd.o
                0x000000000800981c                HAL_PCD_IRQHandler
 .text.HAL_PCD_SetAddress
                0x0000000008009c92       0x28 ./Drivers/STM32F4xx_HAL_Driver/Src/stm32f4xx_hal_pcd.o
                0x0000000008009c92                HAL_PCD_SetAddress
 .text.HAL_PCD_EP_Open
                0x0000000008009cba       0x8a ./Drivers/STM32F4xx_HAL_Driver/Src/stm32f4xx_hal_pcd.o
                0x0000000008009cba                HAL_PCD_EP_Open
 .text.HAL_PCD_EP_Close
                0x0000000008009d44       0x72 ./Drivers/STM32F4xx_HAL_Driver/Src/stm32f4xx_hal_pcd.o
                0x0000000008009d44                HAL_PCD_EP_Close
 .text.HAL_PCD_EP_Receive
                0x0000000008009db6       0x5e ./Drivers/STM32F4xx_HAL_Driver/Src/stm32f4xx_hal_pcd.o
                0x0000000008009db6                HAL_PCD_EP_Receive
 .text.HAL_PCD_EP_GetRxCount
                0x0000000008009e14       0x12 ./Drivers/STM32F4xx_HAL_Driver/Src/stm32f4xx_hal_pcd.o
                0x0000000008009e14                HAL_PCD_EP_GetRxCount
 .text.HAL_PCD_EP_Transmit
                0x0000000008009e26       0x5e ./Drivers/STM32F4xx_HAL_Driver/Src/stm32f4xx_hal_pcd.o
                0x0000000008009e26                HAL_PCD_EP_Transmit
 .text.HAL_PCD_EP_SetStall
                0x0000000008009e84       0x88 ./Drivers/STM32F4xx_HAL_Driver/Src/stm32f4xx_hal_pcd.o
                0x0000000008009e84                HAL_PCD_EP_SetStall
 .text.HAL_PCD_EP_ClrStall
                0x0000000008009f0c       0x76 ./Drivers/STM32F4xx_HAL_Driver/Src/stm32f4xx_hal_pcd.o
                0x0000000008009f0c                HAL_PCD_EP_ClrStall
 .text.HAL_PCDEx_SetTxFiFo
                0x0000000008009f82       0x4c ./Drivers/STM32F4xx_HAL_Driver/Src/stm32f4xx_hal_pcd_ex.o
                0x0000000008009f82                HAL_PCDEx_SetTxFiFo
 .text.HAL_PCDEx_SetRxFiFo
                0x0000000008009fce        0x8 ./Drivers/STM32F4xx_HAL_Driver/Src/stm32f4xx_hal_pcd_ex.o
                0x0000000008009fce                HAL_PCDEx_SetRxFiFo
 .text.HAL_PCDEx_LPM_Callback
                0x0000000008009fd6        0x2 ./Drivers/STM32F4xx_HAL_Driver/Src/stm32f4xx_hal_pcd_ex.o
                0x0000000008009fd6                HAL_PCDEx_LPM_Callback
 .text.HAL_RCC_OscConfig
                0x0000000008009fd8      0x3ec ./Drivers/STM32F4xx_HAL_Driver/Src/stm32f4xx_hal_rcc.o
                0x0000000008009fd8                HAL_RCC_OscConfig
 .text.HAL_RCC_GetSysClockFreq
                0x000000000800a3c4       0xdc ./Drivers/STM32F4xx_HAL_Driver/Src/stm32f4xx_hal_rcc.o
                0x000000000800a3c4                HAL_RCC_GetSysClockFreq
 .text.HAL_RCC_ClockConfig
                0x000000000800a4a0      0x160 ./Drivers/STM32F4xx_HAL_Driver/Src/stm32f4xx_hal_rcc.o
                0x000000000800a4a0                HAL_RCC_ClockConfig
 .text.HAL_RCC_GetHCLKFreq
                0x000000000800a600        0xc ./Drivers/STM32F4xx_HAL_Driver/Src/stm32f4xx_hal_rcc.o
                0x000000000800a600                HAL_RCC_GetHCLKFreq
 .text.HAL_RCC_GetPCLK1Freq
                0x000000000800a60c       0x20 ./Drivers/STM32F4xx_HAL_Driver/Src/stm32f4xx_hal_rcc.o
                0x000000000800a60c                HAL_RCC_GetPCLK1Freq
 .text.HAL_RCC_GetPCLK2Freq
                0x000000000800a62c       0x20 ./Drivers/STM32F4xx_HAL_Driver/Src/stm32f4xx_hal_rcc.o
                0x000000000800a62c                HAL_RCC_GetPCLK2Freq
 .text.HAL_RCC_GetClockConfig
                0x000000000800a64c       0x3c ./Drivers/STM32F4xx_HAL_Driver/Src/stm32f4xx_hal_rcc.o
                0x000000000800a64c                HAL_RCC_GetClockConfig
 .text.TIM_Base_SetConfig
                0x000000000800a688       0xc8 ./Drivers/STM32F4xx_HAL_Driver/Src/stm32f4xx_hal_tim.o
                0x000000000800a688                TIM_Base_SetConfig
 .text.USB_CoreReset
                0x000000000800a750       0x3c ./Drivers/STM32F4xx_HAL_Driver/Src/stm32f4xx_ll_usb.o
 .text.USB_CoreInit
                0x000000000800a78c       0x8a ./Drivers/STM32F4xx_HAL_Driver/Src/stm32f4xx_ll_usb.o
                0x000000000800a78c                USB_CoreInit
 *fill*         0x000000000800a816        0x2 
 .text.USB_SetTurnaroundTime
                0x000000000800a818       0xe4 ./Drivers/STM32F4xx_HAL_Driver/Src/stm32f4xx_ll_usb.o
                0x000000000800a818                USB_SetTurnaroundTime
 .text.USB_EnableGlobalInt
                0x000000000800a8fc        0xc ./Drivers/STM32F4xx_HAL_Driver/Src/stm32f4xx_ll_usb.o
                0x000000000800a8fc                USB_EnableGlobalInt
 .text.USB_DisableGlobalInt
                0x000000000800a908        0xc ./Drivers/STM32F4xx_HAL_Driver/Src/stm32f4xx_ll_usb.o
                0x000000000800a908                USB_DisableGlobalInt
 .text.USB_SetCurrentMode
                0x000000000800a914       0x30 ./Drivers/STM32F4xx_HAL_Driver/Src/stm32f4xx_ll_usb.o
                0x000000000800a914                USB_SetCurrentMode
 .text.USB_FlushTxFifo
                0x000000000800a944       0x28 ./Drivers/STM32F4xx_HAL_Driver/Src/stm32f4xx_ll_usb.o
                0x000000000800a944                USB_FlushTxFifo
 .text.USB_FlushRxFifo
                0x000000000800a96c       0x24 ./Drivers/STM32F4xx_HAL_Driver/Src/stm32f4xx_ll_usb.o
                0x000000000800a96c                USB_FlushRxFifo
 .text.USB_SetDevSpeed
                0x000000000800a990        0xe ./Drivers/STM32F4xx_HAL_Driver/Src/stm32f4xx_ll_usb.o
                0x000000000800a990                USB_SetDevSpeed
 *fill*         0x000000000800a99e        0x2 
 .text.USB_DevInit
                0x000000000800a9a0      0x190 ./Drivers/STM32F4xx_HAL_Driver/Src/stm32f4xx_ll_usb.o
                0x000000000800a9a0                USB_DevInit
 .text.USB_GetDevSpeed
                0x000000000800ab30       0x22 ./Drivers/STM32F4xx_HAL_Driver/Src/stm32f4xx_ll_usb.o
                0x000000000800ab30                USB_GetDevSpeed
 .text.USB_ActivateEndpoint
                0x000000000800ab52       0x9a ./Drivers/STM32F4xx_HAL_Driver/Src/stm32f4xx_ll_usb.o
                0x000000000800ab52                USB_ActivateEndpoint
 .text.USB_DeactivateEndpoint
                0x000000000800abec       0xe0 ./Drivers/STM32F4xx_HAL_Driver/Src/stm32f4xx_ll_usb.o
                0x000000000800abec                USB_DeactivateEndpoint
 .text.USB_EP0StartXfer
                0x000000000800accc      0x120 ./Drivers/STM32F4xx_HAL_Driver/Src/stm32f4xx_ll_usb.o
                0x000000000800accc                USB_EP0StartXfer
 .text.USB_WritePacket
                0x000000000800adec       0x2e ./Drivers/STM32F4xx_HAL_Driver/Src/stm32f4xx_ll_usb.o
                0x000000000800adec                USB_WritePacket
 *fill*         0x000000000800ae1a        0x2 
 .text.USB_EPStartXfer
                0x000000000800ae1c      0x238 ./Drivers/STM32F4xx_HAL_Driver/Src/stm32f4xx_ll_usb.o
                0x000000000800ae1c                USB_EPStartXfer
 .text.USB_ReadPacket
                0x000000000800b054       0x1e ./Drivers/STM32F4xx_HAL_Driver/Src/stm32f4xx_ll_usb.o
                0x000000000800b054                USB_ReadPacket
 .text.USB_EPSetStall
                0x000000000800b072       0x5a ./Drivers/STM32F4xx_HAL_Driver/Src/stm32f4xx_ll_usb.o
                0x000000000800b072                USB_EPSetStall
 .text.USB_EPClearStall
                0x000000000800b0cc       0x5c ./Drivers/STM32F4xx_HAL_Driver/Src/stm32f4xx_ll_usb.o
                0x000000000800b0cc                USB_EPClearStall
 .text.USB_SetDevAddress
                0x000000000800b128       0x20 ./Drivers/STM32F4xx_HAL_Driver/Src/stm32f4xx_ll_usb.o
                0x000000000800b128                USB_SetDevAddress
 .text.USB_DevConnect
                0x000000000800b148       0x1c ./Drivers/STM32F4xx_HAL_Driver/Src/stm32f4xx_ll_usb.o
                0x000000000800b148                USB_DevConnect
 .text.USB_DevDisconnect
                0x000000000800b164       0x1c ./Drivers/STM32F4xx_HAL_Driver/Src/stm32f4xx_ll_usb.o
                0x000000000800b164                USB_DevDisconnect
 .text.USB_ReadInterrupts
                0x000000000800b180        0x8 ./Drivers/STM32F4xx_HAL_Driver/Src/stm32f4xx_ll_usb.o
                0x000000000800b180                USB_ReadInterrupts
 .text.USB_ReadDevAllOutEpInterrupt
                0x000000000800b188       0x10 ./Drivers/STM32F4xx_HAL_Driver/Src/stm32f4xx_ll_usb.o
                0x000000000800b188                USB_ReadDevAllOutEpInterrupt
 .text.USB_ReadDevAllInEpInterrupt
                0x000000000800b198       0x10 ./Drivers/STM32F4xx_HAL_Driver/Src/stm32f4xx_ll_usb.o
                0x000000000800b198                USB_ReadDevAllInEpInterrupt
 .text.USB_ReadDevOutEPInterrupt
                0x000000000800b1a8       0x12 ./Drivers/STM32F4xx_HAL_Driver/Src/stm32f4xx_ll_usb.o
                0x000000000800b1a8                USB_ReadDevOutEPInterrupt
 .text.USB_ReadDevInEPInterrupt
                0x000000000800b1ba       0x24 ./Drivers/STM32F4xx_HAL_Driver/Src/stm32f4xx_ll_usb.o
                0x000000000800b1ba                USB_ReadDevInEPInterrupt
 .text.USB_GetMode
                0x000000000800b1de        0x8 ./Drivers/STM32F4xx_HAL_Driver/Src/stm32f4xx_ll_usb.o
                0x000000000800b1de                USB_GetMode
 .text.USB_ActivateSetup
                0x000000000800b1e6       0x20 ./Drivers/STM32F4xx_HAL_Driver/Src/stm32f4xx_ll_usb.o
                0x000000000800b1e6                USB_ActivateSetup
 *fill*         0x000000000800b206        0x2 
 .text.USB_EP0_OutStart
                0x000000000800b208       0x60 ./Drivers/STM32F4xx_HAL_Driver/Src/stm32f4xx_ll_usb.o
                0x000000000800b208                USB_EP0_OutStart
 .text.USBD_CDC_EP0_RxReady
                0x000000000800b268       0x28 ./Middlewares/ST/STM32_USB_Device_Library/Class/CDC/Src/usbd_cdc.o
 .text.USBD_CDC_GetFSCfgDesc
                0x000000000800b290        0xc ./Middlewares/ST/STM32_USB_Device_Library/Class/CDC/Src/usbd_cdc.o
 .text.USBD_CDC_GetHSCfgDesc
                0x000000000800b29c        0xc ./Middlewares/ST/STM32_USB_Device_Library/Class/CDC/Src/usbd_cdc.o
 .text.USBD_CDC_GetOtherSpeedCfgDesc
                0x000000000800b2a8        0xc ./Middlewares/ST/STM32_USB_Device_Library/Class/CDC/Src/usbd_cdc.o
 .text.USBD_CDC_GetDeviceQualifierDescriptor
                0x000000000800b2b4        0xc ./Middlewares/ST/STM32_USB_Device_Library/Class/CDC/Src/usbd_cdc.o
                0x000000000800b2b4                USBD_CDC_GetDeviceQualifierDescriptor
 .text.USBD_CDC_DataOut
                0x000000000800b2c0       0x2a ./Middlewares/ST/STM32_USB_Device_Library/Class/CDC/Src/usbd_cdc.o
 .text.USBD_CDC_DataIn
                0x000000000800b2ea       0x64 ./Middlewares/ST/STM32_USB_Device_Library/Class/CDC/Src/usbd_cdc.o
 .text.USBD_CDC_Setup
                0x000000000800b34e       0xe0 ./Middlewares/ST/STM32_USB_Device_Library/Class/CDC/Src/usbd_cdc.o
 .text.USBD_CDC_DeInit
                0x000000000800b42e       0x48 ./Middlewares/ST/STM32_USB_Device_Library/Class/CDC/Src/usbd_cdc.o
 .text.USBD_CDC_Init
                0x000000000800b476       0xce ./Middlewares/ST/STM32_USB_Device_Library/Class/CDC/Src/usbd_cdc.o
 .text.USBD_CDC_RegisterInterface
                0x000000000800b544        0xe ./Middlewares/ST/STM32_USB_Device_Library/Class/CDC/Src/usbd_cdc.o
                0x000000000800b544                USBD_CDC_RegisterInterface
 .text.USBD_CDC_SetTxBuffer
                0x000000000800b552       0x10 ./Middlewares/ST/STM32_USB_Device_Library/Class/CDC/Src/usbd_cdc.o
                0x000000000800b552                USBD_CDC_SetTxBuffer
 .text.USBD_CDC_SetRxBuffer
                0x000000000800b562        0xc ./Middlewares/ST/STM32_USB_Device_Library/Class/CDC/Src/usbd_cdc.o
                0x000000000800b562                USBD_CDC_SetRxBuffer
 .text.USBD_CDC_TransmitPacket
                0x000000000800b56e       0x34 ./Middlewares/ST/STM32_USB_Device_Library/Class/CDC/Src/usbd_cdc.o
                0x000000000800b56e                USBD_CDC_TransmitPacket
 .text.USBD_CDC_ReceivePacket
                0x000000000800b5a2       0x32 ./Middlewares/ST/STM32_USB_Device_Library/Class/CDC/Src/usbd_cdc.o
                0x000000000800b5a2                USBD_CDC_ReceivePacket
 .text.USBD_Init
                0x000000000800b5d4       0x38 ./Middlewares/ST/STM32_USB_Device_Library/Core/Src/usbd_core.o
                0x000000000800b5d4                USBD_Init
 .text.USBD_RegisterClass
                0x000000000800b60c       0x28 ./Middlewares/ST/STM32_USB_Device_Library/Core/Src/usbd_core.o
                0x000000000800b60c                USBD_RegisterClass
 .text.USBD_Start
                0x000000000800b634        0x8 ./Middlewares/ST/STM32_USB_Device_Library/Core/Src/usbd_core.o
                0x000000000800b634                USBD_Start
 .text.USBD_SetClassConfig
                0x000000000800b63c       0x12 ./Middlewares/ST/STM32_USB_Device_Library/Core/Src/usbd_core.o
                0x000000000800b63c                USBD_SetClassConfig
 .text.USBD_ClrClassConfig
                0x000000000800b64e       0x10 ./Middlewares/ST/STM32_USB_Device_Library/Core/Src/usbd_core.o
                0x000000000800b64e                USBD_ClrClassConfig
 .text.USBD_LL_SetupStage
                0x000000000800b65e       0x58 ./Middlewares/ST/STM32_USB_Device_Library/Core/Src/usbd_core.o
                0x000000000800b65e                USBD_LL_SetupStage
 .text.USBD_LL_DataOutStage
                0x000000000800b6b6       0x72 ./Middlewares/ST/STM32_USB_Device_Library/Core/Src/usbd_core.o
                0x000000000800b6b6                USBD_LL_DataOutStage
 .text.USBD_LL_DataInStage
                0x000000000800b728       0xb8 ./Middlewares/ST/STM32_USB_Device_Library/Core/Src/usbd_core.o
                0x000000000800b728                USBD_LL_DataInStage
 .text.USBD_LL_Reset
                0x000000000800b7e0       0x52 ./Middlewares/ST/STM32_USB_Device_Library/Core/Src/usbd_core.o
                0x000000000800b7e0                USBD_LL_Reset
 .text.USBD_LL_SetSpeed
                0x000000000800b832        0x6 ./Middlewares/ST/STM32_USB_Device_Library/Core/Src/usbd_core.o
                0x000000000800b832                USBD_LL_SetSpeed
 .text.USBD_LL_Suspend
                0x000000000800b838       0x12 ./Middlewares/ST/STM32_USB_Device_Library/Core/Src/usbd_core.o
                0x000000000800b838                USBD_LL_Suspend
 .text.USBD_LL_Resume
                0x000000000800b84a       0x16 ./Middlewares/ST/STM32_USB_Device_Library/Core/Src/usbd_core.o
                0x000000000800b84a                USBD_LL_Resume
 .text.USBD_LL_SOF
                0x000000000800b860       0x1c ./Middlewares/ST/STM32_USB_Device_Library/Core/Src/usbd_core.o
                0x000000000800b860                USBD_LL_SOF
 .text.USBD_LL_IsoINIncomplete
                0x000000000800b87c        0x4 ./Middlewares/ST/STM32_USB_Device_Library/Core/Src/usbd_core.o
                0x000000000800b87c                USBD_LL_IsoINIncomplete
 .text.USBD_LL_IsoOUTIncomplete
                0x000000000800b880        0x4 ./Middlewares/ST/STM32_USB_Device_Library/Core/Src/usbd_core.o
                0x000000000800b880                USBD_LL_IsoOUTIncomplete
 .text.USBD_LL_DevConnected
                0x000000000800b884        0x4 ./Middlewares/ST/STM32_USB_Device_Library/Core/Src/usbd_core.o
                0x000000000800b884                USBD_LL_DevConnected
 .text.USBD_LL_DevDisconnected
                0x000000000800b888       0x18 ./Middlewares/ST/STM32_USB_Device_Library/Core/Src/usbd_core.o
                0x000000000800b888                USBD_LL_DevDisconnected
 .text.USBD_GetLen
                0x000000000800b8a0       0x14 ./Middlewares/ST/STM32_USB_Device_Library/Core/Src/usbd_ctlreq.o
 .text.USBD_SetFeature
                0x000000000800b8b4       0x14 ./Middlewares/ST/STM32_USB_Device_Library/Core/Src/usbd_ctlreq.o
 .text.USBD_ParseSetupRequest
                0x000000000800b8c8       0x28 ./Middlewares/ST/STM32_USB_Device_Library/Core/Src/usbd_ctlreq.o
                0x000000000800b8c8                USBD_ParseSetupRequest
 .text.USBD_CtlError
                0x000000000800b8f0       0x14 ./Middlewares/ST/STM32_USB_Device_Library/Core/Src/usbd_ctlreq.o
                0x000000000800b8f0                USBD_CtlError
 .text.USBD_GetDescriptor
                0x000000000800b904      0x18a ./Middlewares/ST/STM32_USB_Device_Library/Core/Src/usbd_ctlreq.o
 .text.USBD_SetAddress
                0x000000000800ba8e       0x4e ./Middlewares/ST/STM32_USB_Device_Library/Core/Src/usbd_ctlreq.o
 .text.USBD_SetConfig
                0x000000000800badc       0xc4 ./Middlewares/ST/STM32_USB_Device_Library/Core/Src/usbd_ctlreq.o
 .text.USBD_GetConfig
                0x000000000800bba0       0x3e ./Middlewares/ST/STM32_USB_Device_Library/Core/Src/usbd_ctlreq.o
 .text.USBD_GetStatus
                0x000000000800bbde       0x38 ./Middlewares/ST/STM32_USB_Device_Library/Core/Src/usbd_ctlreq.o
 .text.USBD_ClrFeature
                0x000000000800bc16       0x26 ./Middlewares/ST/STM32_USB_Device_Library/Core/Src/usbd_ctlreq.o
 .text.USBD_StdDevReq
                0x000000000800bc3c       0x70 ./Middlewares/ST/STM32_USB_Device_Library/Core/Src/usbd_ctlreq.o
                0x000000000800bc3c                USBD_StdDevReq
 .text.USBD_StdItfReq
                0x000000000800bcac       0x68 ./Middlewares/ST/STM32_USB_Device_Library/Core/Src/usbd_ctlreq.o
                0x000000000800bcac                USBD_StdItfReq
 .text.USBD_StdEPReq
                0x000000000800bd14      0x1e4 ./Middlewares/ST/STM32_USB_Device_Library/Core/Src/usbd_ctlreq.o
                0x000000000800bd14                USBD_StdEPReq
 .text.USBD_GetString
                0x000000000800bef8       0x3a ./Middlewares/ST/STM32_USB_Device_Library/Core/Src/usbd_ctlreq.o
                0x000000000800bef8                USBD_GetString
 .text.USBD_CtlSendData
                0x000000000800bf32       0x1a ./Middlewares/ST/STM32_USB_Device_Library/Core/Src/usbd_ioreq.o
                0x000000000800bf32                USBD_CtlSendData
 .text.USBD_CtlContinueSendData
                0x000000000800bf4c       0x10 ./Middlewares/ST/STM32_USB_Device_Library/Core/Src/usbd_ioreq.o
                0x000000000800bf4c                USBD_CtlContinueSendData
 .text.USBD_CtlPrepareRx
                0x000000000800bf5c       0x1e ./Middlewares/ST/STM32_USB_Device_Library/Core/Src/usbd_ioreq.o
                0x000000000800bf5c                USBD_CtlPrepareRx
 .text.USBD_CtlContinueRx
                0x000000000800bf7a       0x10 ./Middlewares/ST/STM32_USB_Device_Library/Core/Src/usbd_ioreq.o
                0x000000000800bf7a                USBD_CtlContinueRx
 .text.USBD_CtlSendStatus
                0x000000000800bf8a       0x16 ./Middlewares/ST/STM32_USB_Device_Library/Core/Src/usbd_ioreq.o
                0x000000000800bf8a                USBD_CtlSendStatus
 .text.USBD_CtlReceiveStatus
                0x000000000800bfa0       0x16 ./Middlewares/ST/STM32_USB_Device_Library/Core/Src/usbd_ioreq.o
                0x000000000800bfa0                USBD_CtlReceiveStatus
 .text.__enable_irq
                0x000000000800bfb6        0x4 ./Src/driver.o
 .text.__disable_irq
                0x000000000800bfba        0x4 ./Src/driver.o
 .text.motor_iterator
                0x000000000800bfbe       0x26 ./Src/driver.o
 .text.get_limits_cap
                0x000000000800bfe4       0x4e ./Src/driver.o
 *fill*         0x000000000800c032        0x2 
 .text.stepdirmap_init
                0x000000000800c034       0x48 ./Src/driver.o
 .text.stepperEnable
                0x000000000800c07c       0x1c ./Src/driver.o
 .text.stepperWakeUp
                0x000000000800c098       0x3c ./Src/driver.o
 .text.stepperGoIdle
                0x000000000800c0d4       0x14 ./Src/driver.o
 .text.stepperCyclesPerTick
                0x000000000800c0e8       0x18 ./Src/driver.o
 .text.stepperPulseStart
                0x000000000800c100       0x50 ./Src/driver.o
 .text.stepperPulseStartDelayed
                0x000000000800c150       0x7c ./Src/driver.o
 .text.limitsEnable
                0x000000000800c1cc       0x30 ./Src/driver.o
 .text.limitsGetState
                0x000000000800c1fc       0x58 ./Src/driver.o
 .text.systemGetState
                0x000000000800c254       0x30 ./Src/driver.o
 .text.probeConnectedToggle
                0x000000000800c284       0x18 ./Src/driver.o
 .text.probeConfigure
                0x000000000800c29c       0x40 ./Src/driver.o
 .text.probeGetState
                0x000000000800c2dc       0x28 ./Src/driver.o
 .text.spindleSetState
                0x000000000800c304       0x48 ./Src/driver.o
 .text.spindle_set_speed
                0x000000000800c34c       0x94 ./Src/driver.o
 .text.spindleGetState
                0x000000000800c3e0       0x24 ./Src/driver.o
 .text.coolantSetState
                0x000000000800c404       0x24 ./Src/driver.o
 .text.coolantGetState
                0x000000000800c428       0x24 ./Src/driver.o
 .text.bitsSetAtomic
                0x000000000800c44c        0xc ./Src/driver.o
 .text.bitsClearAtomic
                0x000000000800c458       0x12 ./Src/driver.o
 .text.valueSetAtomic
                0x000000000800c46a        0xc ./Src/driver.o
 *fill*         0x000000000800c476        0x2 
 .text.getElapsedTicks
                0x000000000800c478        0xc ./Src/driver.o
 .text.port2char
                0x000000000800c484       0x70 ./Src/driver.o
 .text.enumeratePins
                0x000000000800c4f4      0x138 ./Src/driver.o
 .text.setPeriphPinDescription
                0x000000000800c62c       0x3c ./Src/driver.o
                0x000000000800c62c                setPeriphPinDescription
 .text.spindleConfig
                0x000000000800c668      0x168 ./Src/driver.o
 .text.settings_changed
                0x000000000800c7d0      0x64c ./Src/driver.o
                0x000000000800c7d0                settings_changed
 .text.spindleSetStateVariable
                0x000000000800ce1c       0x7c ./Src/driver.o
 .text.spindleGetPWM
                0x000000000800ce98       0x10 ./Src/driver.o
 .text.registerPeriphPin
                0x000000000800cea8       0x4c ./Src/driver.o
                0x000000000800cea8                registerPeriphPin
 .text.get_free_mem
                0x000000000800cef4       0x28 ./Src/driver.o
                0x000000000800cef4                get_free_mem
 .text.driver_setup
                0x000000000800cf1c      0x334 ./Src/driver.o
 .text.driver_delay
                0x000000000800d250       0x38 ./Src/driver.o
 .text.driver_init
                0x000000000800d288      0x314 ./Src/driver.o
                0x000000000800d288                driver_init
 .text.TIM5_IRQHandler
                0x000000000800d59c       0x28 ./Src/driver.o
                0x000000000800d59c                TIM5_IRQHandler
 .text.TIM4_IRQHandler
                0x000000000800d5c4       0x6c ./Src/driver.o
                0x000000000800d5c4                TIM4_IRQHandler
 .text.TIM1_BRK_TIM9_IRQHandler
                0x000000000800d630       0xa8 ./Src/driver.o
                0x000000000800d630                TIM1_BRK_TIM9_IRQHandler
 .text.EXTI9_5_IRQHandler
                0x000000000800d6d8       0x2c ./Src/driver.o
                0x000000000800d6d8                EXTI9_5_IRQHandler
 .text.EXTI15_10_IRQHandler
                0x000000000800d704       0x98 ./Src/driver.o
                0x000000000800d704                EXTI15_10_IRQHandler
 .text.Driver_IncTick
                0x000000000800d79c       0x24 ./Src/driver.o
                0x000000000800d79c                Driver_IncTick
 .text.memcpy_from_flash
                0x000000000800d7c0       0x1c ./Src/flash.o
                0x000000000800d7c0                memcpy_from_flash
 .text.memcpy_to_flash
                0x000000000800d7dc       0x9c ./Src/flash.o
                0x000000000800d7dc                memcpy_to_flash
 .text.MX_GPIO_Init
                0x000000000800d878       0xb0 ./Src/main.o
 .text.SystemClock_Config
                0x000000000800d928       0x90 ./Src/main.o
 .text.main     0x000000000800d9b8       0x14 ./Src/main.o
                0x000000000800d9b8                main
 .text.Error_Handler
                0x000000000800d9cc        0x2 ./Src/main.o
                0x000000000800d9cc                Error_Handler
 *fill*         0x000000000800d9ce        0x2 
 .text.serialRxFree
                0x000000000800d9d0       0x28 ./Src/serial.o
 .text.serialRxCount
                0x000000000800d9f8       0x24 ./Src/serial.o
 .text.serialRxFlush
                0x000000000800da1c        0xc ./Src/serial.o
 .text.serialRxCancel
                0x000000000800da28       0x20 ./Src/serial.o
 .text.serialPutC
                0x000000000800da48       0x4c ./Src/serial.o
 .text.serialWriteS
                0x000000000800da94       0x14 ./Src/serial.o
 .text.serialWrite
                0x000000000800daa8       0x1a ./Src/serial.o
 *fill*         0x000000000800dac2        0x2 
 .text.serialTxFlush
                0x000000000800dac4       0x1c ./Src/serial.o
 .text.serialTxCount
                0x000000000800dae0       0x3c ./Src/serial.o
 .text.serialGetC
                0x000000000800db1c       0x24 ./Src/serial.o
 .text.serialDisable
                0x000000000800db40       0x20 ./Src/serial.o
 .text.serialEnqueueRtCommand
                0x000000000800db60       0x10 ./Src/serial.o
 .text.serialSetRtHandler
                0x000000000800db70       0x14 ./Src/serial.o
 .text.serial2RxFree
                0x000000000800db84       0x24 ./Src/serial.o
 .text.serial2RxCount
                0x000000000800dba8       0x24 ./Src/serial.o
 .text.serial2RxFlush
                0x000000000800dbcc        0xc ./Src/serial.o
 .text.serial2RxCancel
                0x000000000800dbd8       0x20 ./Src/serial.o
 .text.serial2PutC
                0x000000000800dbf8       0x58 ./Src/serial.o
 .text.serial2WriteS
                0x000000000800dc50       0x14 ./Src/serial.o
 .text.serial2Write
                0x000000000800dc64       0x1a ./Src/serial.o
 *fill*         0x000000000800dc7e        0x2 
 .text.serial2TxFlush
                0x000000000800dc80       0x1c ./Src/serial.o
 .text.serial2TxCount
                0x000000000800dc9c       0x3c ./Src/serial.o
 .text.serial2GetC
                0x000000000800dcd8       0x24 ./Src/serial.o
 .text.serial2Disable
                0x000000000800dcfc       0x20 ./Src/serial.o
 .text.serial2EnqueueRtCommand
                0x000000000800dd1c       0x10 ./Src/serial.o
 .text.serial2SetRtHandler
                0x000000000800dd2c       0x14 ./Src/serial.o
 .text.serialSetBaudRate
                0x000000000800dd40      0x140 ./Src/serial.o
 .text.serialInit
                0x000000000800de80       0xb0 ./Src/serial.o
                0x000000000800de80                serialInit
 .text.serialSuspendInput
                0x000000000800df30       0x10 ./Src/serial.o
 .text.serial2SuspendInput
                0x000000000800df40       0x10 ./Src/serial.o
 .text.serial2SetBaudRate
                0x000000000800df50      0x140 ./Src/serial.o
 .text.serial2Init
                0x000000000800e090       0xb0 ./Src/serial.o
                0x000000000800e090                serial2Init
 .text.serialRegisterStreams
                0x000000000800e140       0x10 ./Src/serial.o
                0x000000000800e140                serialRegisterStreams
 .text.USART1_IRQHandler
                0x000000000800e150       0x88 ./Src/serial.o
                0x000000000800e150                USART1_IRQHandler
 .text.USART2_IRQHandler
                0x000000000800e1d8       0x88 ./Src/serial.o
                0x000000000800e1d8                USART2_IRQHandler
 .text.HAL_MspInit
                0x000000000800e260       0x40 ./Src/stm32f4xx_hal_msp.o
                0x000000000800e260                HAL_MspInit
 .text.NMI_Handler
                0x000000000800e2a0        0x2 ./Src/stm32f4xx_it.o
                0x000000000800e2a0                NMI_Handler
 .text.HardFault_Handler
                0x000000000800e2a2        0x2 ./Src/stm32f4xx_it.o
                0x000000000800e2a2                HardFault_Handler
 .text.MemManage_Handler
                0x000000000800e2a4        0x2 ./Src/stm32f4xx_it.o
                0x000000000800e2a4                MemManage_Handler
 .text.BusFault_Handler
                0x000000000800e2a6        0x2 ./Src/stm32f4xx_it.o
                0x000000000800e2a6                BusFault_Handler
 .text.UsageFault_Handler
                0x000000000800e2a8        0x2 ./Src/stm32f4xx_it.o
                0x000000000800e2a8                UsageFault_Handler
 .text.SVC_Handler
                0x000000000800e2aa        0x2 ./Src/stm32f4xx_it.o
                0x000000000800e2aa                SVC_Handler
 .text.DebugMon_Handler
                0x000000000800e2ac        0x2 ./Src/stm32f4xx_it.o
                0x000000000800e2ac                DebugMon_Handler
 .text.PendSV_Handler
                0x000000000800e2ae        0x2 ./Src/stm32f4xx_it.o
                0x000000000800e2ae                PendSV_Handler
 .text.SysTick_Handler
                0x000000000800e2b0        0xc ./Src/stm32f4xx_it.o
                0x000000000800e2b0                SysTick_Handler
 .text.OTG_FS_IRQHandler
                0x000000000800e2bc       0x10 ./Src/stm32f4xx_it.o
                0x000000000800e2bc                OTG_FS_IRQHandler
 .text._getpid  0x000000000800e2cc        0x4 ./Src/syscalls.o
                0x000000000800e2cc                _getpid
 .text._kill    0x000000000800e2d0       0x10 ./Src/syscalls.o
                0x000000000800e2d0                _kill
 .text._exit    0x000000000800e2e0        0xc ./Src/syscalls.o
                0x000000000800e2e0                _exit
 .text._read    0x000000000800e2ec       0x20 ./Src/syscalls.o
                0x000000000800e2ec                _read
 .text._write   0x000000000800e30c       0x1c ./Src/syscalls.o
                0x000000000800e30c                _write
 .text._close   0x000000000800e328        0x6 ./Src/syscalls.o
                0x000000000800e328                _close
 .text._fstat   0x000000000800e32e        0xa ./Src/syscalls.o
                0x000000000800e32e                _fstat
 .text._isatty  0x000000000800e338        0x4 ./Src/syscalls.o
                0x000000000800e338                _isatty
 .text._lseek   0x000000000800e33c        0x4 ./Src/syscalls.o
                0x000000000800e33c                _lseek
 .text._sbrk    0x000000000800e340       0x3c ./Src/sysmem.o
                0x000000000800e340                _sbrk
 .text.SystemInit
                0x000000000800e37c       0x1c ./Src/system_stm32f4xx.o
                0x000000000800e37c                SystemInit
 .text.is_connected
                0x000000000800e398       0x34 ./Src/usb_serial.o
 .text.usbRxFree
                0x000000000800e3cc       0x24 ./Src/usb_serial.o
 .text.usbRxFlush
                0x000000000800e3f0        0xc ./Src/usb_serial.o
 .text.usbRxCancel
                0x000000000800e3fc       0x20 ./Src/usb_serial.o
 .text.usbGetC  0x000000000800e41c       0x24 ./Src/usb_serial.o
 .text.usbEnqueueRtCommand
                0x000000000800e440       0x10 ./Src/usb_serial.o
 .text.usbSetRtHandler
                0x000000000800e450       0x14 ./Src/usb_serial.o
 .text.usbPutC  0x000000000800e464       0x30 ./Src/usb_serial.o
 .text.usbSuspendInput
                0x000000000800e494       0x10 ./Src/usb_serial.o
 .text.usbWriteS
                0x000000000800e4a4      0x1d8 ./Src/usb_serial.o
 .text.usbWrite
                0x000000000800e67c      0x1d0 ./Src/usb_serial.o
 .text.usbInit  0x000000000800e84c       0x20 ./Src/usb_serial.o
                0x000000000800e84c                usbInit
 .text.usbBufferInput
                0x000000000800e86c       0x48 ./Src/usb_serial.o
                0x000000000800e86c                usbBufferInput
 .text.Reset_Handler
                0x000000000800e8b4       0x50 ./StartupF407/startup_stm32f407vgtx.o
                0x000000000800e8b4                Reset_Handler
 .text.Default_Handler
                0x000000000800e904        0x2 ./StartupF407/startup_stm32f407vgtx.o
                0x000000000800e904                RTC_Alarm_IRQHandler
                0x000000000800e904                HASH_RNG_IRQHandler
                0x000000000800e904                EXTI2_IRQHandler
                0x000000000800e904                TIM8_CC_IRQHandler
                0x000000000800e904                TIM1_CC_IRQHandler
                0x000000000800e904                DMA2_Stream5_IRQHandler
                0x000000000800e904                DMA1_Stream5_IRQHandler
                0x000000000800e904                PVD_IRQHandler
                0x000000000800e904                SDIO_IRQHandler
                0x000000000800e904                TAMP_STAMP_IRQHandler
                0x000000000800e904                CAN2_RX1_IRQHandler
                0x000000000800e904                EXTI3_IRQHandler
                0x000000000800e904                TIM8_TRG_COM_TIM14_IRQHandler
                0x000000000800e904                TIM1_UP_TIM10_IRQHandler
                0x000000000800e904                TIM8_UP_TIM13_IRQHandler
                0x000000000800e904                I2C3_ER_IRQHandler
                0x000000000800e904                EXTI0_IRQHandler
                0x000000000800e904                I2C2_EV_IRQHandler
                0x000000000800e904                DMA1_Stream2_IRQHandler
                0x000000000800e904                CAN1_RX0_IRQHandler
                0x000000000800e904                FPU_IRQHandler
                0x000000000800e904                OTG_HS_WKUP_IRQHandler
                0x000000000800e904                CAN2_SCE_IRQHandler
                0x000000000800e904                DMA2_Stream2_IRQHandler
                0x000000000800e904                SPI1_IRQHandler
                0x000000000800e904                TIM6_DAC_IRQHandler
                0x000000000800e904                DCMI_IRQHandler
                0x000000000800e904                CAN2_RX0_IRQHandler
                0x000000000800e904                DMA2_Stream3_IRQHandler
                0x000000000800e904                USART6_IRQHandler
                0x000000000800e904                USART3_IRQHandler
                0x000000000800e904                CAN1_RX1_IRQHandler
                0x000000000800e904                UART5_IRQHandler
                0x000000000800e904                DMA2_Stream0_IRQHandler
                0x000000000800e904                I2C1_EV_IRQHandler
                0x000000000800e904                DMA1_Stream6_IRQHandler
                0x000000000800e904                DMA1_Stream1_IRQHandler
                0x000000000800e904                UART4_IRQHandler
                0x000000000800e904                TIM3_IRQHandler
                0x000000000800e904                RCC_IRQHandler
                0x000000000800e904                TIM8_BRK_TIM12_IRQHandler
                0x000000000800e904                Default_Handler
                0x000000000800e904                ADC_IRQHandler
                0x000000000800e904                DMA1_Stream7_IRQHandler
                0x000000000800e904                TIM7_IRQHandler
                0x000000000800e904                CAN2_TX_IRQHandler
                0x000000000800e904                DMA2_Stream7_IRQHandler
                0x000000000800e904                I2C3_EV_IRQHandler
                0x000000000800e904                RTC_WKUP_IRQHandler
                0x000000000800e904                ETH_WKUP_IRQHandler
                0x000000000800e904                SPI2_IRQHandler
                0x000000000800e904                OTG_HS_EP1_IN_IRQHandler
                0x000000000800e904                DMA1_Stream0_IRQHandler
                0x000000000800e904                CAN1_TX_IRQHandler
                0x000000000800e904                EXTI4_IRQHandler
                0x000000000800e904                FSMC_IRQHandler
                0x000000000800e904                ETH_IRQHandler
                0x000000000800e904                OTG_HS_EP1_OUT_IRQHandler
                0x000000000800e904                WWDG_IRQHandler
                0x000000000800e904                TIM2_IRQHandler
                0x000000000800e904                OTG_FS_WKUP_IRQHandler
                0x000000000800e904                TIM1_TRG_COM_TIM11_IRQHandler
                0x000000000800e904                OTG_HS_IRQHandler
                0x000000000800e904                EXTI1_IRQHandler
                0x000000000800e904                I2C2_ER_IRQHandler
                0x000000000800e904                DMA2_Stream1_IRQHandler
                0x000000000800e904                CAN1_SCE_IRQHandler
                0x000000000800e904                FLASH_IRQHandler
                0x000000000800e904                DMA2_Stream4_IRQHandler
                0x000000000800e904                SPI3_IRQHandler
                0x000000000800e904                DMA1_Stream4_IRQHandler
                0x000000000800e904                I2C1_ER_IRQHandler
                0x000000000800e904                DMA2_Stream6_IRQHandler
                0x000000000800e904                DMA1_Stream3_IRQHandler
 *fill*         0x000000000800e906        0x2 
 .text.MX_USB_DEVICE_Init
                0x000000000800e908       0x54 ./USB_DEVICE/App/usb_device.o
                0x000000000800e908                MX_USB_DEVICE_Init
 .text.CDC_DeInit_FS
                0x000000000800e95c        0x4 ./USB_DEVICE/App/usbd_cdc_if.o
 .text.CDC_Control_FS
                0x000000000800e960       0x28 ./USB_DEVICE/App/usbd_cdc_if.o
 .text.CDC_TransmitCplt_FS
                0x000000000800e988        0x4 ./USB_DEVICE/App/usbd_cdc_if.o
 .text.CDC_Receive_FS
                0x000000000800e98c       0x24 ./USB_DEVICE/App/usbd_cdc_if.o
 .text.CDC_Init_FS
                0x000000000800e9b0       0x28 ./USB_DEVICE/App/usbd_cdc_if.o
 .text.CDC_Transmit_FS
                0x000000000800e9d8       0x2c ./USB_DEVICE/App/usbd_cdc_if.o
                0x000000000800e9d8                CDC_Transmit_FS
 .text.USBD_FS_DeviceDescriptor
                0x000000000800ea04        0xc ./USB_DEVICE/App/usbd_desc.o
                0x000000000800ea04                USBD_FS_DeviceDescriptor
 .text.USBD_FS_LangIDStrDescriptor
                0x000000000800ea10        0xc ./USB_DEVICE/App/usbd_desc.o
                0x000000000800ea10                USBD_FS_LangIDStrDescriptor
 .text.IntToUnicode
                0x000000000800ea1c       0x46 ./USB_DEVICE/App/usbd_desc.o
 *fill*         0x000000000800ea62        0x2 
 .text.Get_SerialNum
                0x000000000800ea64       0x38 ./USB_DEVICE/App/usbd_desc.o
 .text.USBD_FS_SerialStrDescriptor
                0x000000000800ea9c       0x14 ./USB_DEVICE/App/usbd_desc.o
                0x000000000800ea9c                USBD_FS_SerialStrDescriptor
 .text.USBD_FS_ProductStrDescriptor
                0x000000000800eab0       0x24 ./USB_DEVICE/App/usbd_desc.o
                0x000000000800eab0                USBD_FS_ProductStrDescriptor
 .text.USBD_FS_ManufacturerStrDescriptor
                0x000000000800ead4       0x1c ./USB_DEVICE/App/usbd_desc.o
                0x000000000800ead4                USBD_FS_ManufacturerStrDescriptor
 .text.USBD_FS_ConfigStrDescriptor
                0x000000000800eaf0       0x24 ./USB_DEVICE/App/usbd_desc.o
                0x000000000800eaf0                USBD_FS_ConfigStrDescriptor
 .text.USBD_FS_InterfaceStrDescriptor
                0x000000000800eb14       0x24 ./USB_DEVICE/App/usbd_desc.o
                0x000000000800eb14                USBD_FS_InterfaceStrDescriptor
 .text.HAL_PCD_MspInit
                0x000000000800eb38       0x84 ./USB_DEVICE/Target/usbd_conf.o
                0x000000000800eb38                HAL_PCD_MspInit
 .text.HAL_PCD_SetupStageCallback
                0x000000000800ebbc       0x10 ./USB_DEVICE/Target/usbd_conf.o
                0x000000000800ebbc                HAL_PCD_SetupStageCallback
 .text.HAL_PCD_DataOutStageCallback
                0x000000000800ebcc       0x18 ./USB_DEVICE/Target/usbd_conf.o
                0x000000000800ebcc                HAL_PCD_DataOutStageCallback
 .text.HAL_PCD_DataInStageCallback
                0x000000000800ebe4       0x16 ./USB_DEVICE/Target/usbd_conf.o
                0x000000000800ebe4                HAL_PCD_DataInStageCallback
 .text.HAL_PCD_SOFCallback
                0x000000000800ebfa        0xc ./USB_DEVICE/Target/usbd_conf.o
                0x000000000800ebfa                HAL_PCD_SOFCallback
 .text.HAL_PCD_ResetCallback
                0x000000000800ec06       0x24 ./USB_DEVICE/Target/usbd_conf.o
                0x000000000800ec06                HAL_PCD_ResetCallback
 *fill*         0x000000000800ec2a        0x2 
 .text.HAL_PCD_SuspendCallback
                0x000000000800ec2c       0x30 ./USB_DEVICE/Target/usbd_conf.o
                0x000000000800ec2c                HAL_PCD_SuspendCallback
 .text.HAL_PCD_ResumeCallback
                0x000000000800ec5c        0xc ./USB_DEVICE/Target/usbd_conf.o
                0x000000000800ec5c                HAL_PCD_ResumeCallback
 .text.HAL_PCD_ISOOUTIncompleteCallback
                0x000000000800ec68        0xc ./USB_DEVICE/Target/usbd_conf.o
                0x000000000800ec68                HAL_PCD_ISOOUTIncompleteCallback
 .text.HAL_PCD_ISOINIncompleteCallback
                0x000000000800ec74        0xc ./USB_DEVICE/Target/usbd_conf.o
                0x000000000800ec74                HAL_PCD_ISOINIncompleteCallback
 .text.HAL_PCD_ConnectCallback
                0x000000000800ec80        0xc ./USB_DEVICE/Target/usbd_conf.o
                0x000000000800ec80                HAL_PCD_ConnectCallback
 .text.HAL_PCD_DisconnectCallback
                0x000000000800ec8c        0xc ./USB_DEVICE/Target/usbd_conf.o
                0x000000000800ec8c                HAL_PCD_DisconnectCallback
 .text.USBD_LL_Init
                0x000000000800ec98       0x68 ./USB_DEVICE/Target/usbd_conf.o
                0x000000000800ec98                USBD_LL_Init
 .text.USBD_LL_IsStallEP
                0x000000000800ed00       0x2e ./USB_DEVICE/Target/usbd_conf.o
                0x000000000800ed00                USBD_LL_IsStallEP
 .text.USBD_LL_GetRxDataSize
                0x000000000800ed2e        0xc ./USB_DEVICE/Target/usbd_conf.o
                0x000000000800ed2e                USBD_LL_GetRxDataSize
 .text.USBD_Get_USB_Status
                0x000000000800ed3a       0x14 ./USB_DEVICE/Target/usbd_conf.o
                0x000000000800ed3a                USBD_Get_USB_Status
 .text.USBD_LL_Start
                0x000000000800ed4e       0x10 ./USB_DEVICE/Target/usbd_conf.o
                0x000000000800ed4e                USBD_LL_Start
 .text.USBD_LL_OpenEP
                0x000000000800ed5e       0x16 ./USB_DEVICE/Target/usbd_conf.o
                0x000000000800ed5e                USBD_LL_OpenEP
 .text.USBD_LL_CloseEP
                0x000000000800ed74       0x10 ./USB_DEVICE/Target/usbd_conf.o
                0x000000000800ed74                USBD_LL_CloseEP
 .text.USBD_LL_StallEP
                0x000000000800ed84       0x10 ./USB_DEVICE/Target/usbd_conf.o
                0x000000000800ed84                USBD_LL_StallEP
 .text.USBD_LL_ClearStallEP
                0x000000000800ed94       0x10 ./USB_DEVICE/Target/usbd_conf.o
                0x000000000800ed94                USBD_LL_ClearStallEP
 .text.USBD_LL_SetUSBAddress
                0x000000000800eda4       0x10 ./USB_DEVICE/Target/usbd_conf.o
                0x000000000800eda4                USBD_LL_SetUSBAddress
 .text.USBD_LL_Transmit
                0x000000000800edb4       0x10 ./USB_DEVICE/Target/usbd_conf.o
                0x000000000800edb4                USBD_LL_Transmit
 .text.USBD_LL_PrepareReceive
                0x000000000800edc4       0x10 ./USB_DEVICE/Target/usbd_conf.o
                0x000000000800edc4                USBD_LL_PrepareReceive
 .text.alarms_get_details
                0x000000000800edd4        0x8 ./grbl/alarms.o
                0x000000000800edd4                alarms_get_details
 .text.coolant_set_state
                0x000000000800eddc       0x24 ./grbl/coolant_control.o
                0x000000000800eddc                coolant_set_state
 .text.coolant_sync
                0x000000000800ee00       0x24 ./grbl/coolant_control.o
                0x000000000800ee00                coolant_sync
 .text.errors_get_details
                0x000000000800ee24        0x8 ./grbl/errors.o
                0x000000000800ee24                errors_get_details
 .text.init_sync_motion
                0x000000000800ee2c       0xb4 ./grbl/gcode.o
 .text.add_output_command
                0x000000000800eee0       0x3c ./grbl/gcode.o
 .text.tool_get_pending
                0x000000000800ef1c       0x30 ./grbl/gcode.o
 .text.output_message
                0x000000000800ef4c       0x28 ./grbl/gcode.o
 .text.gc_get_scaling
                0x000000000800ef74        0x8 ./grbl/gcode.o
                0x000000000800ef74                gc_get_scaling
 .text.gc_get_g51_state
                0x000000000800ef7c       0x3c ./grbl/gcode.o
                0x000000000800ef7c                gc_get_g51_state
 .text.set_scaling
                0x000000000800efb8       0x64 ./grbl/gcode.o
 .text.gc_get_offset
                0x000000000800f01c       0x30 ./grbl/gcode.o
                0x000000000800f01c                gc_get_offset
 .text.gc_set_tool_offset
                0x000000000800f04c       0xb4 ./grbl/gcode.o
                0x000000000800f04c                gc_set_tool_offset
 .text.gc_get_plane_data
                0x000000000800f100       0x30 ./grbl/gcode.o
                0x000000000800f100                gc_get_plane_data
 .text.gc_init  0x000000000800f130      0x124 ./grbl/gcode.o
                0x000000000800f130                gc_init
 .text.gc_spindle_off
                0x000000000800f254       0x1c ./grbl/gcode.o
                0x000000000800f254                gc_spindle_off
 .text.gc_coolant_off
                0x000000000800f270       0x20 ./grbl/gcode.o
                0x000000000800f270                gc_coolant_off
 .text.gc_spindle_get
                0x000000000800f290        0xc ./grbl/gcode.o
                0x000000000800f290                gc_spindle_get
 .text.gc_normalize_block
                0x000000000800f29c      0x144 ./grbl/gcode.o
                0x000000000800f29c                gc_normalize_block
 .text.gc_execute_block
                0x000000000800f3e0     0x38c0 ./grbl/gcode.o
                0x000000000800f3e0                gc_execute_block
 .text.dummy_bool_handler
                0x0000000008012ca0        0x2 ./grbl/grbllib.o
                0x0000000008012ca0                dummy_bool_handler
 .text.dummy_irq_claim
                0x0000000008012ca2        0x4 ./grbl/grbllib.o
 *fill*         0x0000000008012ca6        0x2 
 .text.auto_realtime_report
                0x0000000008012ca8       0x54 ./grbl/grbllib.o
 .text.reset_handler
                0x0000000008012cfc       0x14 ./grbl/grbllib.o
                0x0000000008012cfc                reset_handler
 .text.report_driver_error
                0x0000000008012d10       0x60 ./grbl/grbllib.o
 .text.grbl_enter
                0x0000000008012d70      0x3b8 ./grbl/grbllib.o
                0x0000000008012d70                grbl_enter
 .text.homing_signals_select
                0x0000000008013128       0x3a ./grbl/machine_limits.o
 *fill*         0x0000000008013162        0x2 
 .text.limits_get_homing_rate
                0x0000000008013164       0x18 ./grbl/machine_limits.o
 .text.limits_pull_off
                0x000000000801317c      0x17c ./grbl/machine_limits.o
 .text.limit_signals_merge
                0x00000000080132f8       0x1e ./grbl/machine_limits.o
                0x00000000080132f8                limit_signals_merge
 *fill*         0x0000000008013316        0x2 
 .text.limit_interrupt_handler
                0x0000000008013318       0x40 ./grbl/machine_limits.o
                0x0000000008013318                limit_interrupt_handler
 .text.limits_set_work_envelope
                0x0000000008013358      0x114 ./grbl/machine_limits.o
                0x0000000008013358                limits_set_work_envelope
 .text.limits_set_machine_positions
                0x000000000801346c       0xc4 ./grbl/machine_limits.o
                0x000000000801346c                limits_set_machine_positions
 .text.limits_homing_cycle
                0x0000000008013530      0x4f8 ./grbl/machine_limits.o
 .text.limits_go_home
                0x0000000008013a28       0x90 ./grbl/machine_limits.o
                0x0000000008013a28                limits_go_home
 .text.limits_soft_check
                0x0000000008013ab8       0x5c ./grbl/machine_limits.o
                0x0000000008013ab8                limits_soft_check
 .text.limits_set_homing_axes
                0x0000000008013b14       0x34 ./grbl/machine_limits.o
                0x0000000008013b14                limits_set_homing_axes
 .text.limits_homing_required
                0x0000000008013b48       0x48 ./grbl/machine_limits.o
                0x0000000008013b48                limits_homing_required
 .text.message_get
                0x0000000008013b90       0x28 ./grbl/messages.o
                0x0000000008013b90                message_get
 .text.mc_line  0x0000000008013bb8       0x98 ./grbl/motion_control.o
                0x0000000008013bb8                mc_line
 .text.mc_arc   0x0000000008013c50      0x4e4 ./grbl/motion_control.o
                0x0000000008013c50                mc_arc
 .text.mc_cubic_b_spline
                0x0000000008014134      0x354 ./grbl/motion_control.o
                0x0000000008014134                mc_cubic_b_spline
 .text.mc_thread
                0x0000000008014488      0x300 ./grbl/motion_control.o
                0x0000000008014488                mc_thread
 .text.mc_jog_execute
                0x0000000008014788       0x88 ./grbl/motion_control.o
                0x0000000008014788                mc_jog_execute
 .text.mc_dwell
                0x0000000008014810       0x28 ./grbl/motion_control.o
                0x0000000008014810                mc_dwell
 .text.mc_canned_drill
                0x0000000008014838      0x24c ./grbl/motion_control.o
                0x0000000008014838                mc_canned_drill
 .text.mc_probe_cycle
                0x0000000008014a84      0x23c ./grbl/motion_control.o
                0x0000000008014a84                mc_probe_cycle
 .text.mc_parking_motion
                0x0000000008014cc0       0x3c ./grbl/motion_control.o
                0x0000000008014cc0                mc_parking_motion
 .text.mc_override_ctrl_update
                0x0000000008014cfc       0x1c ./grbl/motion_control.o
                0x0000000008014cfc                mc_override_ctrl_update
 .text.mc_reset
                0x0000000008014d18       0xb4 ./grbl/motion_control.o
                0x0000000008014d18                mc_reset
 .text.mc_homing_cycle
                0x0000000008014dcc      0x218 ./grbl/motion_control.o
                0x0000000008014dcc                mc_homing_cycle
 .text.my_plugin_init
                0x0000000008014fe4        0x2 ./grbl/my_plugin.o
                0x0000000008014fe4                my_plugin_init
 *fill*         0x0000000008014fe6        0x2 
 .text.probe_result
                0x0000000008014fe8       0x20 ./grbl/ngc_params.o
 .text.m66_result
                0x0000000008015008       0x10 ./grbl/ngc_params.o
 .text.tool_number
                0x0000000008015018       0x14 ./grbl/ngc_params.o
 .text.tool_offset
                0x000000000801502c       0x38 ./grbl/ngc_params.o
 .text.coord_system
                0x0000000008015064       0x1c ./grbl/ngc_params.o
 .text.g92_offset_applied
                0x0000000008015080       0x14 ./grbl/ngc_params.o
 .text.g92_offset
                0x0000000008015094       0x38 ./grbl/ngc_params.o
 .text._relative_pos
                0x00000000080150cc       0x64 ./grbl/ngc_params.o
 .text.work_position
                0x0000000008015130       0x2c ./grbl/ngc_params.o
 .text.coord_system_offset
                0x000000000801515c       0x64 ./grbl/ngc_params.o
 .text.g30_home
                0x00000000080151c0       0x48 ./grbl/ngc_params.o
 .text.g28_home
                0x0000000008015208       0x48 ./grbl/ngc_params.o
 .text.probe_coord
                0x0000000008015250       0xbc ./grbl/ngc_params.o
 .text.scaling_factors
                0x000000000801530c       0x3c ./grbl/ngc_params.o
 .text.ngc_param_get
                0x0000000008015348       0x84 ./grbl/ngc_params.o
                0x0000000008015348                ngc_param_get
 .text.ngc_named_param_get_by_id
                0x00000000080153cc      0x2f4 ./grbl/ngc_params.o
                0x00000000080153cc                ngc_named_param_get_by_id
 .text.ngc_named_param_get
                0x00000000080156c0       0xb8 ./grbl/ngc_params.o
                0x00000000080156c0                ngc_named_param_get
 .text.uitoa    0x0000000008015778       0x44 ./grbl/nuts_bolts.o
                0x0000000008015778                uitoa
 .text.ftoa     0x00000000080157bc       0xf8 ./grbl/nuts_bolts.o
                0x00000000080157bc                ftoa
 .text.read_uint
                0x00000000080158b4       0x90 ./grbl/nuts_bolts.o
                0x00000000080158b4                read_uint
 .text.read_float
                0x0000000008015944       0xec ./grbl/nuts_bolts.o
                0x0000000008015944                read_float
 .text.isintf   0x0000000008015a30       0x34 ./grbl/nuts_bolts.o
                0x0000000008015a30                isintf
 .text.delay_sec
                0x0000000008015a64       0x50 ./grbl/nuts_bolts.o
                0x0000000008015a64                delay_sec
 .text.convert_delta_vector_to_unit_vector
                0x0000000008015ab4       0x58 ./grbl/nuts_bolts.o
                0x0000000008015ab4                convert_delta_vector_to_unit_vector
 .text.get_datetime
                0x0000000008015b0c      0x138 ./grbl/nuts_bolts.o
                0x0000000008015b0c                get_datetime
 .text.calc_checksum
                0x0000000008015c44       0x22 ./grbl/nuts_bolts.o
                0x0000000008015c44                calc_checksum
 .text.dummy_handler
                0x0000000008015c66        0x2 ./grbl/nuts_bolts.o
                0x0000000008015c66                dummy_handler
 .text.ram_get_byte
                0x0000000008015c68        0xc ./grbl/nvs_buffer.o
 .text.ram_put_byte
                0x0000000008015c74       0x44 ./grbl/nvs_buffer.o
 .text.nvs_warning
                0x0000000008015cb8       0x10 ./grbl/nvs_buffer.o
 .text.memcpy_from_ram
                0x0000000008015cc8       0x80 ./grbl/nvs_buffer.o
 .text.memcpy_to_ram
                0x0000000008015d48      0x1b4 ./grbl/nvs_buffer.o
 .text.nvs_buffer_alloc
                0x0000000008015efc       0x28 ./grbl/nvs_buffer.o
                0x0000000008015efc                nvs_buffer_alloc
 .text.nvs_buffer_init
                0x0000000008015f24      0x124 ./grbl/nvs_buffer.o
                0x0000000008015f24                nvs_buffer_init
 .text.nvs_alloc
                0x0000000008016048       0x88 ./grbl/nvs_buffer.o
                0x0000000008016048                nvs_alloc
 .text.nvs_buffer_sync_physical
                0x00000000080160d0      0x1bc ./grbl/nvs_buffer.o
                0x00000000080160d0                nvs_buffer_sync_physical
 .text.nvs_buffer_free
                0x000000000801628c       0x1c ./grbl/nvs_buffer.o
                0x000000000801628c                nvs_buffer_free
 .text.nvs_buffer_get_physical
                0x00000000080162a8       0x20 ./grbl/nvs_buffer.o
                0x00000000080162a8                nvs_buffer_get_physical
 .text.enqueue_feed_override
                0x00000000080162c8       0x20 ./grbl/override.o
                0x00000000080162c8                enqueue_feed_override
 .text.get_feed_override
                0x00000000080162e8       0x24 ./grbl/override.o
                0x00000000080162e8                get_feed_override
 .text.enqueue_spindle_override
                0x000000000801630c       0x20 ./grbl/override.o
                0x000000000801630c                enqueue_spindle_override
 .text.get_spindle_override
                0x000000000801632c       0x24 ./grbl/override.o
                0x000000000801632c                get_spindle_override
 .text.enqueue_coolant_override
                0x0000000008016350       0x20 ./grbl/override.o
                0x0000000008016350                enqueue_coolant_override
 .text.get_coolant_override
                0x0000000008016370       0x24 ./grbl/override.o
                0x0000000008016370                get_coolant_override
 .text.flush_override_buffers
                0x0000000008016394       0x24 ./grbl/override.o
                0x0000000008016394                flush_override_buffers
 .text.planner_warning
                0x00000000080163b8       0x10 ./grbl/planner.o
 .text.planner_recalculate
                0x00000000080163c8      0x118 ./grbl/planner.o
 .text.plan_get_buffer_size
                0x00000000080164e0        0xc ./grbl/planner.o
                0x00000000080164e0                plan_get_buffer_size
 .text.plan_reset
                0x00000000080164ec      0x168 ./grbl/planner.o
                0x00000000080164ec                plan_reset
 .text.plan_discard_current_block
                0x0000000008016654       0x54 ./grbl/planner.o
                0x0000000008016654                plan_discard_current_block
 .text.plan_get_system_motion_block
                0x00000000080166a8        0xc ./grbl/planner.o
                0x00000000080166a8                plan_get_system_motion_block
 .text.plan_get_current_block
                0x00000000080166b4       0x1c ./grbl/planner.o
                0x00000000080166b4                plan_get_current_block
 .text.plan_get_exec_block_exit_speed_sqr
                0x00000000080166d0       0x28 ./grbl/planner.o
                0x00000000080166d0                plan_get_exec_block_exit_speed_sqr
 .text.plan_check_full_buffer
                0x00000000080166f8       0x1c ./grbl/planner.o
                0x00000000080166f8                plan_check_full_buffer
 .text.plan_compute_profile_nominal_speed
                0x0000000008016714       0x9c ./grbl/planner.o
                0x0000000008016714                plan_compute_profile_nominal_speed
 .text.plan_update_velocity_profile_parameters
                0x00000000080167b0       0x84 ./grbl/planner.o
 .text.plan_buffer_line
                0x0000000008016834      0x44c ./grbl/planner.o
                0x0000000008016834                plan_buffer_line
 .text.plan_sync_position
                0x0000000008016c80       0x14 ./grbl/planner.o
                0x0000000008016c80                plan_sync_position
 .text.plan_get_block_buffer_available
                0x0000000008016c94       0x3c ./grbl/planner.o
                0x0000000008016c94                plan_get_block_buffer_available
 .text.plan_cycle_reinitialize
                0x0000000008016cd0       0x1c ./grbl/planner.o
                0x0000000008016cd0                plan_cycle_reinitialize
 .text.plan_feed_override
                0x0000000008016cec       0x74 ./grbl/planner.o
                0x0000000008016cec                plan_feed_override
 .text.plan_data_init
                0x0000000008016d60       0x20 ./grbl/planner.o
                0x0000000008016d60                plan_data_init
 .text.recheck_line
                0x0000000008016d80      0x104 ./grbl/protocol.o
 .text.protocol_execute_rt_commands
                0x0000000008016e84       0x4c ./grbl/protocol.o
 .text.protocol_poll_cmd
                0x0000000008016ed0       0xc8 ./grbl/protocol.o
 .text.protocol_enqueue_gcode
                0x0000000008016f98       0x7c ./grbl/protocol.o
                0x0000000008016f98                protocol_enqueue_gcode
 .text.protocol_auto_cycle_start
                0x0000000008017014       0x1c ./grbl/protocol.o
                0x0000000008017014                protocol_auto_cycle_start
 .text.protocol_exec_rt_system
                0x0000000008017030      0x588 ./grbl/protocol.o
                0x0000000008017030                protocol_exec_rt_system
 .text.protocol_exec_rt_suspend
                0x00000000080175b8       0x94 ./grbl/protocol.o
 .text.protocol_execute_realtime
                0x000000000801764c       0x60 ./grbl/protocol.o
                0x000000000801764c                protocol_execute_realtime
 .text.protocol_main_loop
                0x00000000080176ac      0x52c ./grbl/protocol.o
                0x00000000080176ac                protocol_main_loop
 .text.protocol_buffer_synchronize
                0x0000000008017bd8       0x22 ./grbl/protocol.o
                0x0000000008017bd8                protocol_buffer_synchronize
 *fill*         0x0000000008017bfa        0x2 
 .text.protocol_enqueue_realtime_command
                0x0000000008017bfc      0x470 ./grbl/protocol.o
                0x0000000008017bfc                protocol_enqueue_realtime_command
 .text.protocol_enqueue_rt_command
                0x000000000801806c       0x40 ./grbl/protocol.o
                0x000000000801806c                protocol_enqueue_rt_command
 .text.protocol_execute_noop
                0x00000000080180ac        0x2 ./grbl/protocol.o
                0x00000000080180ac                protocol_execute_noop
 .text.matchstar
                0x00000000080180ae       0x2a ./grbl/regex.o
                0x00000000080180ae                matchstar
 .text.matchhere
                0x00000000080180d8       0x4c ./grbl/regex.o
                0x00000000080180d8                matchhere
 .text.report_init_message
                0x0000000008018124       0x28 ./grbl/report.o
 .text.report_help_message
                0x000000000801814c       0x18 ./grbl/report.o
 .text.cmp_settings
                0x0000000008018164        0xc ./grbl/report.o
 .text.write_quoted
                0x0000000008018170       0x38 ./grbl/report.o
 .text.cmp_alarms
                0x00000000080181a8        0xc ./grbl/report.o
 .text.cmp_errors
                0x00000000080181b4        0xc ./grbl/report.o
 .text.cmp_setting_group_id
                0x00000000080181c0        0xc ./grbl/report.o
 .text.group_is_dup
                0x00000000080181cc       0x16 ./grbl/report.o
 *fill*         0x00000000080181e2        0x2 
 .text.get_pinname
                0x00000000080181e4       0x34 ./grbl/report.o
 .text.get_rate_value_mm
                0x0000000008018218       0x10 ./grbl/report.o
 .text.get_rate_value_inch
                0x0000000008018228       0x1c ./grbl/report.o
 .text.print_setting
                0x0000000008018244       0x44 ./grbl/report.o
 .text.print_alarm
                0x0000000008018288       0x94 ./grbl/report.o
 .text.print_error
                0x000000000801831c       0x94 ./grbl/report.o
 .text.report_pin
                0x00000000080183b0       0x70 ./grbl/report.o
 .text.print_uito2a
                0x0000000008018420       0x34 ./grbl/report.o
 .text.report_spindle
                0x0000000008018454       0x4c ./grbl/report.o
 .text.get_axis_values_mm
                0x00000000080184a0       0x74 ./grbl/report.o
 .text.get_axis_values_inches
                0x0000000008018514       0x88 ./grbl/report.o
 .text.get_axis_value_mm
                0x000000000801859c       0x18 ./grbl/report.o
 .text.get_axis_value_inches
                0x00000000080185b4       0x24 ./grbl/report.o
 .text.map_coord_system
                0x00000000080185d8       0x4c ./grbl/report.o
 .text.appendbuf
                0x0000000008018624       0x44 ./grbl/report.o
 .text.report_alarm_message
                0x0000000008018668       0x34 ./grbl/report.o
 .text.report_status_message
                0x000000000801869c       0x40 ./grbl/report.o
 .text.report_bitfield
                0x00000000080186dc       0xd0 ./grbl/report.o
 .text.cmp_setting_group_name
                0x00000000080187ac       0x10 ./grbl/report.o
 .text.write_name
                0x00000000080187bc       0x4c ./grbl/report.o
 .text.report_settings_detail
                0x0000000008018808      0x678 ./grbl/report.o
 .text.print_unsorted
                0x0000000008018e80       0x30 ./grbl/report.o
 .text.print_sorted
                0x0000000008018eb0       0x22 ./grbl/report.o
 *fill*         0x0000000008018ed2        0x2 
 .text.print_settings_details
                0x0000000008018ed4      0x148 ./grbl/report.o
 .text.print_setting_group
                0x000000000801901c       0x8c ./grbl/report.o
 .text.report_setting
                0x00000000080190a8       0x58 ./grbl/report.o
 .text.add_limits
                0x0000000008019100       0xd0 ./grbl/report.o
 .text.report_init
                0x00000000080191d0       0x58 ./grbl/report.o
                0x00000000080191d0                report_init
 .text.report_message
                0x0000000008019228       0x58 ./grbl/report.o
                0x0000000008019228                report_message
 .text.report_feedback_message
                0x0000000008019280       0x38 ./grbl/report.o
 .text.report_grbl_setting
                0x00000000080192b8       0x28 ./grbl/report.o
                0x00000000080192b8                report_grbl_setting
 .text.report_grbl_settings
                0x00000000080192e0      0x108 ./grbl/report.o
                0x00000000080192e0                report_grbl_settings
 .text.report_probe_parameters
                0x00000000080193e8       0x68 ./grbl/report.o
                0x00000000080193e8                report_probe_parameters
 .text.report_home_position
                0x0000000008019450       0x54 ./grbl/report.o
                0x0000000008019450                report_home_position
 .text.report_tool_offsets
                0x00000000080194a4       0x38 ./grbl/report.o
                0x00000000080194a4                report_tool_offsets
 .text.report_ngc_parameter
                0x00000000080194dc       0x70 ./grbl/report.o
                0x00000000080194dc                report_ngc_parameter
 .text.report_named_ngc_parameter
                0x000000000801954c       0x6c ./grbl/report.o
                0x000000000801954c                report_named_ngc_parameter
 .text.report_ngc_parameters
                0x00000000080195b8      0x184 ./grbl/report.o
                0x00000000080195b8                report_ngc_parameters
 .text.report_gcode_modes
                0x000000000801973c      0x454 ./grbl/report.o
                0x000000000801973c                report_gcode_modes
 .text.report_startup_line
                0x0000000008019b90       0x40 ./grbl/report.o
                0x0000000008019b90                report_startup_line
 .text.report_execute_startup_message
                0x0000000008019bd0       0x3c ./grbl/report.o
                0x0000000008019bd0                report_execute_startup_message
 .text.report_build_info
                0x0000000008019c0c      0x720 ./grbl/report.o
                0x0000000008019c0c                report_build_info
 .text.report_realtime_status
                0x000000000801a32c      0xb80 ./grbl/report.o
                0x000000000801a32c                report_realtime_status
 .text.report_settings_details
                0x000000000801aeac       0x34 ./grbl/report.o
                0x000000000801aeac                report_settings_details
 .text.report_group_settings
                0x000000000801aee0       0x98 ./grbl/report.o
 .text.report_setting_description
                0x000000000801af78       0xb0 ./grbl/report.o
                0x000000000801af78                report_setting_description
 .text.report_alarm_details
                0x000000000801b028       0xac ./grbl/report.o
                0x000000000801b028                report_alarm_details
 .text.report_error_details
                0x000000000801b0d4       0xac ./grbl/report.o
                0x000000000801b0d4                report_error_details
 .text.report_setting_group_details
                0x000000000801b180       0xc0 ./grbl/report.o
                0x000000000801b180                report_setting_group_details
 .text.report_help
                0x000000000801b240       0xe8 ./grbl/report.o
                0x000000000801b240                report_help
 .text.report_last_signals_event
                0x000000000801b328       0xc4 ./grbl/report.o
                0x000000000801b328                report_last_signals_event
 .text.report_current_limit_state
                0x000000000801b3ec       0x48 ./grbl/report.o
                0x000000000801b3ec                report_current_limit_state
 .text.report_spindle_data
                0x000000000801b434       0xa8 ./grbl/report.o
                0x000000000801b434                report_spindle_data
 .text.report_pins
                0x000000000801b4dc       0x20 ./grbl/report.o
                0x000000000801b4dc                report_pins
 .text.report_time
                0x000000000801b4fc       0x90 ./grbl/report.o
                0x000000000801b4fc                report_time
 .text.report_spindles
                0x000000000801b58c       0x28 ./grbl/report.o
                0x000000000801b58c                report_spindles
 .text.report_pid_log
                0x000000000801b5b4       0x10 ./grbl/report.o
                0x000000000801b5b4                report_pid_log