../lwip/src/apps/mqtt/mqtt.c:170:1:msg_generate_packet_id	0	static
../lwip/src/apps/mqtt/mqtt.c:184:1:mqtt_ringbuf_put	0	static
../lwip/src/apps/mqtt/mqtt.c:195:1:mqtt_ringbuf_get_ptr	0	static
../lwip/src/apps/mqtt/mqtt.c:201:1:mqtt_ringbuf_advance_get_idx	0	static
../lwip/src/apps/mqtt/mqtt.c:213:1:mqtt_ringbuf_len	0	static
../lwip/src/apps/mqtt/mqtt.c:287:1:mqtt_create_request	12	static
../lwip/src/apps/mqtt/mqtt.c:313:1:mqtt_append_request	4	static
../lwip/src/apps/mqtt/mqtt.c:342:1:mqtt_delete_request	0	static
../lwip/src/apps/mqtt/mqtt.c:356:1:mqtt_take_request	0	static
../lwip/src/apps/mqtt/mqtt.c:391:1:mqtt_request_time_elapsed	16	static
../lwip/src/apps/mqtt/mqtt.c:420:1:mqtt_clear_requests	16	static
../lwip/src/apps/mqtt/mqtt.c:436:1:mqtt_init_requests	0	static
../lwip/src/apps/mqtt/mqtt.c:451:1:mqtt_output_append_u8	8	static
../lwip/src/apps/mqtt/mqtt.c:457:6:mqtt_output_append_u16	16	static
../lwip/src/apps/mqtt/mqtt.c:464:1:mqtt_output_append_buf	24	static
../lwip/src/apps/mqtt/mqtt.c:473:1:mqtt_output_append_string	24	static
../lwip/src/apps/mqtt/mqtt.c:494:1:mqtt_output_append_fixed_header	16	static
../lwip/src/apps/mqtt/mqtt.c:514:1:mqtt_output_check_space	8	static
../lwip/src/apps/mqtt/mqtt.c:656:1:mqtt_incomming_suback	8	static
../lwip/src/apps/mqtt/mqtt.c:234:1:mqtt_output_send	24	static
../lwip/src/apps/mqtt/mqtt.c:1026:1:mqtt_tcp_poll_cb	8	static
../lwip/src/apps/mqtt/mqtt.c:975:1:mqtt_tcp_sent_cb	16	static
../lwip/src/apps/mqtt/mqtt.c:635:1:pub_ack_rec_rel_response	40	static
../lwip/src/apps/mqtt/mqtt.c:672:1:mqtt_message_received	48	static
../lwip/src/apps/mqtt/mqtt.c:537:1:mqtt_close	16	static
../lwip/src/apps/mqtt/mqtt.c:1008:1:mqtt_tcp_err_cb	8	static
../lwip/src/apps/mqtt/mqtt.c:576:1:mqtt_cyclic_timer	32	static
../lwip/src/apps/mqtt/mqtt.c:1043:1:mqtt_tcp_connect_cb	24	static
../lwip/src/apps/mqtt/mqtt.c:840:1:mqtt_parse_incoming	40	static
../lwip/src/apps/mqtt/mqtt.c:931:1:mqtt_tcp_recv_cb	24	static
../lwip/src/apps/mqtt/mqtt.c:1096:1:mqtt_publish	56	static
../lwip/src/apps/mqtt/mqtt.c:1172:1:mqtt_sub_unsub	56	static
../lwip/src/apps/mqtt/mqtt.c:1237:1:mqtt_set_inpub_callback	0	static
../lwip/src/apps/mqtt/mqtt.c:1253:1:mqtt_client_new	8	static
../lwip/src/apps/mqtt/mqtt.c:1265:1:mqtt_client_free	8	static
../lwip/src/apps/mqtt/mqtt.c:1282:1:mqtt_client_connect	72	static
../lwip/src/apps/mqtt/mqtt.c:1436:1:mqtt_disconnect	8	static
../lwip/src/apps/mqtt/mqtt.c:1455:1:mqtt_client_is_connected	0	static
