../grbl/ioports.c:50:16:ioports_count	24	static
../grbl/ioports.c:163:14:get_pnum	0	static
../grbl/ioports.c:392:17:aux_get_value	0	static
../grbl/ioports.c:435:13:ioport_settings_load	0	static
../grbl/ioports.c:339:13:is_setting_available	0	static
../grbl/ioports.c:362:22:aux_set_value	8	static
../grbl/ioports.c:69:9:ioports_available	16	static
../grbl/ioports.c:103:6:ioport_claim	40	static
../grbl/ioports.c:141:6:ioport_can_claim_explicit	0	static
../grbl/ioports.c:146:6:ioports_enumerate	32	static
../grbl/ioports.c:168:6:ioports_add	48	static
../grbl/ioports.c:258:18:ioports_map_reverse	0	static
../grbl/ioports.c:289:6:ioports_precompute_pwm_values	8	static
../grbl/ioports.c:318:15:ioports_compute_pwm_value	8	static
../grbl/ioports.c:454:6:ioport_setting_changed	0	static
../grbl/ioports.c:460:6:ioports_add_settings	0	static
