../grbl/machine_limits.c:254:14:limits_get_homing_rate	0	static
../grbl/machine_limits.c:170:13:limits_pull_off	88	static
../grbl/machine_limits.c:54:25:limit_signals_merge	8	static
../grbl/machine_limits.c:87:15:limit_interrupt_handler	16	static
../grbl/machine_limits.c:114:6:limits_set_work_envelope	20	static
../grbl/machine_limits.c:144:6:limits_set_machine_positions	32	static
../grbl/machine_limits.c:521:15:limits_go_home	152	static
../grbl/machine_limits.c:554:6:limits_soft_check	16	static
../grbl/machine_limits.c:575:6:limits_set_homing_axes	0	static
../grbl/machine_limits.c:589:6:limits_homing_required	0	static
