../grbl/machine_limits.c:597:14:get_homing_rate	0	static
../grbl/machine_limits.c:603:13:check_travel_limits	12	static
../grbl/machine_limits.c:170:13:limits_pull_off	88	static
../grbl/machine_limits.c:619:13:check_arc_travel_limits	96	static
../grbl/machine_limits.c:754:13:apply_jog_limits	20	static
../grbl/machine_limits.c:42:25:limit_signals_merge	8	static
../grbl/machine_limits.c:82:15:limit_interrupt_handler	16	static
../grbl/machine_limits.c:114:6:limits_set_work_envelope	20	static
../grbl/machine_limits.c:144:6:limits_set_machine_positions	32	static
../grbl/machine_limits.c:260:13:homing_cycle	144	static
../grbl/machine_limits.c:515:15:limits_go_home	32	static
../grbl/machine_limits.c:550:6:limits_soft_check	16	static
../grbl/machine_limits.c:576:6:limits_set_homing_axes	0	static
../grbl/machine_limits.c:590:6:limits_homing_required	0	static
../grbl/machine_limits.c:784:6:limits_init	0	static
