../grbl/protocol.c:419:13:protocol_poll_cmd	16	static
../grbl/protocol.c:76:6:protocol_enqueue_gcode	8	static
../grbl/protocol.c:382:6:protocol_auto_cycle_start	8	static
../grbl/protocol.c:444:6:protocol_exec_rt_system	32	static
../grbl/protocol.c:401:6:protocol_execute_realtime	24	static
../grbl/protocol.c:135:6:protocol_main_loop	56	static
../grbl/protocol.c:365:6:protocol_buffer_synchronize	8	static
../grbl/protocol.c:1029:6:protocol_enqueue_foreground_task	16	static
../grbl/protocol.c:813:15:protocol_enqueue_realtime_command	16	static
../grbl/protocol.c:1049:15:protocol_enqueue_rt_command	0	static
../grbl/protocol.c:1077:6:protocol_execute_noop	0	static
