../grbl/settings.c:307:13:group_is_available	0	static
../grbl/settings.c:877:22:set_probe_invert	8	static
../grbl/settings.c:888:22:set_ganged_dir_invert	8	static
../grbl/settings.c:898:22:set_stepper_deenergize_mask	8	static
../grbl/settings.c:907:22:set_report_interval	0	static
../grbl/settings.c:915:22:set_report_mask	0	static
../grbl/settings.c:949:22:set_control_invert	0	static
../grbl/settings.c:956:22:set_pwm_mode	0	static
../grbl/settings.c:1003:22:set_control_disable_pullup	0	static
../grbl/settings.c:1010:22:set_probe_disable_pullup	0	static
../grbl/settings.c:1020:22:set_soft_limits_enable	0	static
../grbl/settings.c:1030:22:set_estop_unlock	0	static
../grbl/settings.c:1040:22:set_hard_limits_enable	8	static
../grbl/settings.c:1051:22:set_jog_soft_limited	0	static
../grbl/settings.c:1089:22:set_enable_legacy_rt_commands	0	static
../grbl/settings.c:1133:22:set_parking_enable	0	static
../grbl/settings.c:1140:22:set_restore_overrides	0	static
../grbl/settings.c:1149:22:set_sleep_enable	0	static
../grbl/settings.c:1156:22:set_hold_actions	0	static
../grbl/settings.c:1165:22:set_g92_disable_persistence	0	static
../grbl/settings.c:1173:22:set_force_initialization_alarm	0	static
../grbl/settings.c:1180:22:set_probe_allow_feed_override	0	static
../grbl/settings.c:1202:22:set_tool_change_probing_distance	0	static
../grbl/settings.c:1212:22:set_tool_restore_pos	0	static
../grbl/settings.c:1452:17:get_int	0	static
../grbl/settings.c:2102:20:is_available	8	static
../grbl/settings.c:978:22:set_spindle_type	8	static
../grbl/settings.c:1187:22:set_tool_change_mode	8	static
../grbl/settings.c:1096:22:set_homing_cycle	8	static
../grbl/settings.c:1104:22:set_mode	8	static
../grbl/settings.c:927:22:set_report_inches	8	static
../grbl/settings.c:1618:23:get_decimal_places	16	static
../grbl/settings.c:2279:22:validate_value	24	static
../grbl/settings.c:963:22:set_pwm_options	0	static
../grbl/settings.c:1061:22:set_homing_enable	0	static
../grbl/settings.c:1305:28:normalize_id	0	static
../grbl/settings.c:1790:13:is_setting_available	8	static
../grbl/settings.c:2026:6:settings_write_global	4	static
../grbl/settings.c:992:22:set_spindle_invert	8	static
../grbl/settings.c:2539:13:settings_changed_spindle	8	static
../grbl/settings.c:2336:17:strnumentries.constprop	8	static
../grbl/settings.c:821:6:settings_override_acceleration	16	static
../grbl/settings.c:844:6:settings_register	0	static
../grbl/settings.c:850:20:settings_get_details	0	static
../grbl/settings.c:1318:14:settings_get_axis_base	8	static
../grbl/settings.c:1400:14:get_float	16	static
../grbl/settings.c:1326:22:set_axis_setting	32	static
../grbl/settings.c:1625:7:setting_get_value	16	static
../grbl/settings.c:1707:10:setting_get_int_value	0	static
../grbl/settings.c:1763:7:setting_get_float_value	0	static
../grbl/settings.c:1888:6:settings_write_build_info	4	static
../grbl/settings.c:1895:6:settings_read_build_info	16	static
../grbl/settings.c:1907:6:settings_write_startup_line	16	static
../grbl/settings.c:1920:6:settings_read_startup_line	16	static
../grbl/settings.c:1934:6:settings_write_coord_data	8	static
../grbl/settings.c:1947:6:settings_read_coord_data	16	static
../grbl/settings.c:1961:6:settings_write_tool_data	0	static
../grbl/settings.c:1976:6:settings_read_tool_data	0	static
../grbl/settings.c:1995:6:read_global_settings	24	static
../grbl/settings.c:2039:6:settings_restore	104	static
../grbl/settings.c:2167:17:settings_normalize_group	0	static
../grbl/settings.c:2198:25:setting_get_details	32	static
../grbl/settings.c:2172:6:settings_iterator	32	static
../grbl/settings.c:2401:13:setting_remove_element	8	static
../grbl/settings.c:2224:13:setting_get_description	16	static
../grbl/settings.c:2254:31:setting_get_group_details	20	static
../grbl/settings.c:2112:6:settings_is_group_available	24	static
../grbl/settings.c:2107:13:is_group_available	0	static
../grbl/settings.c:2352:20:setting_datatype_to_external	0	static
../grbl/settings.c:2368:6:setting_is_list	0	static
../grbl/settings.c:2373:6:setting_is_integer	0	static
../grbl/settings.c:2411:6:setting_remove_elements	24	static
../grbl/settings.c:2485:15:setting_validate_me	40	static
../grbl/settings.c:2531:15:setting_validate	16	static
../grbl/settings.c:2552:15:settings_store_setting	40	static
../grbl/settings.c:2671:6:settings_add_spindle_type	16	static
../grbl/settings.c:2685:6:settings_clear	0	static
../grbl/settings.c:2692:6:settings_init	24	static
