../grbl/spindle_control.c:381:13:null_set_state	0	static
../grbl/spindle_control.c:388:24:null_get_state	0	static
../grbl/spindle_control.c:396:13:null_update_pwm	0	static
../grbl/spindle_control.c:402:22:null_get_pwm	0	static
../grbl/spindle_control.c:410:13:null_update_rpm	0	static
../grbl/spindle_control.c:732:22:compute_dummy_pwm_value	0	static
../grbl/spindle_control.c:60:13:spindle_activate.constprop	88	static
../grbl/spindle_control.c:692:22:spindle_compute_pwm_value	16	static
../grbl/spindle_control.c:142:14:spindle_register	24	static
../grbl/spindle_control.c:174:15:spindle_enable	8	static
../grbl/spindle_control.c:212:17:spindle_get_hal	8	static
../grbl/spindle_control.c:235:14:spindle_get_default	0	static
../grbl/spindle_control.c:244:15:spindle_get_caps	8	static
../grbl/spindle_control.c:261:13:spindle_get_name	0	static
../grbl/spindle_control.c:271:6:spindle_update_caps	16	static
../grbl/spindle_control.c:326:6:spindle_enumerate_spindles	56	static
../grbl/spindle_control.c:356:6:spindle_is_enabled	0	static
../grbl/spindle_control.c:370:17:spindle_get	0	static
../grbl/spindle_control.c:420:14:spindle_add_null	0	static
../grbl/spindle_control.c:191:6:spindle_select	8	static
../grbl/spindle_control.c:295:9:spindle_get_count	8	static
../grbl/spindle_control.c:611:7:spindle_set_rpm	0	static
../grbl/spindle_control.c:493:13:set_state	32	static
../grbl/spindle_control.c:526:6:spindle_set_state	0	static
../grbl/spindle_control.c:575:6:spindle_restore	32	static
../grbl/spindle_control.c:539:6:spindle_sync	40	static
../grbl/spindle_control.c:456:6:spindle_set_override	24	static
../grbl/spindle_control.c:632:6:spindle_all_off	8	static
../grbl/spindle_control.c:655:6:spindle_is_on	8	static
../grbl/spindle_control.c:743:6:spindle_precompute_pwm_values	12	static
