../grbl/state_machine.c:394:13:state_noop	0	static
../grbl/state_machine.c:123:13:initiate_hold	24	static
../grbl/state_machine.c:114:13:enter_sleep	8	static
../grbl/state_machine.c:699:13:state_await_restart_retract	8	static
../grbl/state_machine.c:736:13:state_await_waypoint_retract	40	static
../grbl/state_machine.c:716:13:restart_retract	8	static
../grbl/state_machine.c:777:13:state_restore	32	static
../grbl/state_machine.c:187:6:state_door_reopened	0	static
../grbl/state_machine.c:200:22:state_get	0	static
../grbl/state_machine.c:205:9:state_get_substate	8	static
../grbl/state_machine.c:235:6:state_set	40	static
../grbl/state_machine.c:401:13:state_idle	8	static
../grbl/state_machine.c:192:6:state_update	8	static
../grbl/state_machine.c:594:13:state_await_resume	48	static
../grbl/state_machine.c:832:13:state_await_resumed	8	static
../grbl/state_machine.c:444:13:state_await_toolchanged	16	static
../grbl/state_machine.c:420:13:state_cycle	8	static
../grbl/state_machine.c:467:13:state_await_motion_cancel	16	static
../grbl/state_machine.c:485:13:state_await_hold.part.0	24	static
../grbl/state_machine.c:485:13:state_await_hold	0	static
../grbl/state_machine.c:353:6:state_suspend_manager	16	static
