../grbl/stepper.c:183:6:st_deenergize	8	static
../grbl/stepper.c:193:6:st_wake_up	0	static
../grbl/stepper.c:208:15:st_go_idle	16	static
../grbl/stepper.c:279:15:stepper_driver_interrupt_handler	24	static
../grbl/stepper.c:536:6:st_reset	24	static
../grbl/stepper.c:586:6:st_rpm_changed	0	static
../grbl/stepper.c:592:6:st_update_plan_block_parameters	0	static
../grbl/stepper.c:602:6:st_parking_setup_buffer	16	static
../grbl/stepper.c:620:6:st_parking_restore_buffer	16	static
../grbl/stepper.c:651:6:st_prep_buffer	56	static
../grbl/stepper.c:1096:7:st_get_realtime_rate	8	static
