../grbl/stream.c:112:9:stream_get_null	0	static
../grbl/stream.c:172:13:is_connected	0	static
../grbl/stream.c:177:13:is_not_connected	0	static
../grbl/stream.c:205:13:stream_write_all	16	static
../grbl/stream.c:395:13:_open_instance	8	static
../grbl/stream.c:549:17:null_rx_free	0	static
../grbl/stream.c:554:17:null_count	0	static
../grbl/stream.c:559:13:null_put_c	0	static
../grbl/stream.c:564:13:null_write_string	0	static
../grbl/stream.c:568:13:null_write	0	static
../grbl/stream.c:572:13:null_suspend_disable	0	static
../grbl/stream.c:577:13:null_set_baudrate	0	static
../grbl/stream.c:582:13:null_enqueue_rt_command	0	static
../grbl/stream.c:587:37:null_set_rt_handler	0	static
../grbl/stream.c:597:20:stream_null_init	0	static
../grbl/stream.c:117:22:await_toolchange_ack	24	static
../grbl/stream.c:216:29:add_connection	16	static
../grbl/stream.c:182:13:connection_is_up	4	static
../grbl/stream.c:243:13:stream_select	32	static
../grbl/stream.c:73:6:stream_register_streams	0	static
../grbl/stream.c:81:6:stream_enumerate_streams	16	static
../grbl/stream.c:102:6:stream_tx_blocking	8	static
../grbl/stream.c:134:6:stream_rx_suspend	16	static
../grbl/stream.c:157:15:stream_buffer_all	0	static
../grbl/stream.c:162:15:stream_enqueue_realtime_command	8	static
../grbl/stream.c:343:20:stream_get_base	0	static
../grbl/stream.c:348:19:stream_get_flags	16	static
../grbl/stream.c:367:6:stream_set_description	24	static
../grbl/stream.c:379:6:stream_connect	16	static
../grbl/stream.c:403:6:stream_connect_instance	8	static
../grbl/stream.c:412:6:stream_disconnect	0	static
../grbl/stream.c:418:20:stream_open_instance	16	static
../grbl/stream.c:440:15:stream_mpg_check_enable	8	static
../grbl/stream.c:450:6:stream_mpg_register	24	static
../grbl/stream.c:491:6:stream_mpg_enable	32	static
../grbl/stream.c:435:6:stream_mpg_set_mode	0	static
