../networking/fs_stream.c:214:15:fs_tell	0	static
../networking/fs_stream.c:219:13:fs_eof	0	static
../networking/fs_stream.c:236:12:fs_dirop	0	static
../networking/fs_stream.c:241:19:fs_opendir	0	static
../networking/fs_stream.c:246:13:fs_closedir	0	static
../networking/fs_stream.c:250:12:fs_stat	0	static
../networking/fs_stream.c:259:13:fs_reset	8	static
../networking/fs_stream.c:224:12:fs_unlink	8	static
../networking/fs_stream.c:167:15:fs_read	16	static
../networking/fs_stream.c:67:13:vf_write	16	static
../networking/fs_stream.c:93:13:stream_write	16	static
../networking/fs_stream.c:183:15:fs_write	16	static
../networking/fs_stream.c:121:20:fs_open	24	static
../networking/fs_stream.c:157:13:fs_close	0	static
../networking/fs_stream.c:276:6:fs_stream_mount	0	static
