../keypad/keypad.c:95:13:keypad_settings_save	8	static
../keypad/keypad.c:100:13:keypad_settings_restore	8	static
../keypad/keypad.c:112:13:keypad_settings_load	16	static
../keypad/keypad.c:136:13:keypad_get_keycode	0	static
../keypad/keypad.c:398:13:onReportOptions	8	static
../keypad/keypad.c:164:13:jog_command	8	static
../keypad/keypad.c:149:14:strrepl	56	static
../keypad/keypad.c:169:13:keypad_process_keypress	64	static
../keypad/keypad.c:406:15:keypad_enqueue_keycode	8	static
../keypad/keypad.c:483:6:keypad_init	8	static
