../Drivers/CMSIS/Include/cmsis_gcc.h:129:27:__enable_irq	0	static,ignoring_inline_asm
../Drivers/CMSIS/Include/cmsis_gcc.h:140:27:__disable_irq	0	static,ignoring_inline_asm
../Src/driver.c:559:13:stepperEnable	0	static
../Src/driver.c:592:13:stepperWakeUp	8	static
../Src/driver.c:603:13:stepperGoIdle	0	static
../Src/driver.c:610:13:stepperCyclesPerTick	0	static
../Src/driver.c:840:13:stepperPulseStart	8	static
../Src/driver.c:1109:31:limitsGetState	8	static
../Src/driver.c:1187:26:systemGetState	8	static
../Src/driver.c:1338:13:probeConnectedToggle	0	static
../Src/driver.c:1346:13:probeConfigure	0	static
../Src/driver.c:1359:22:probeGetState	0	static
../Src/driver.c:1454:22:spindleGetPWM	0	static
../Src/driver.c:1572:24:spindleGetState	0	static
../Src/driver.c:1689:13:coolantSetState	0	static
../Src/driver.c:1699:24:coolantGetState	0	static
../Src/driver.c:1742:13:bitsSetAtomic	0	static,ignoring_inline_asm
../Src/driver.c:1749:22:bitsClearAtomic	0	static,ignoring_inline_asm
../Src/driver.c:1759:22:valueSetAtomic	0	static,ignoring_inline_asm
../Src/driver.c:1784:17:getElapsedMicros	16	static,ignoring_inline_asm
../Src/driver.c:1801:17:getElapsedTicks	0	static
../Src/driver.c:2156:14:port2char	0	static
../Src/driver.c:2165:13:enumeratePins	32	static
../Src/driver.c:2232:6:setPeriphPinDescription	8	static
../Src/driver.c:2212:6:registerPeriphPin	16	static
../Src/driver.c:2705:10:get_free_mem	48	static
E:/Projects/STM32CubeIDE/CNC_grbl_stm32f407/grbl/motor_pins.h:1046:13:motor_iterator	16	static
../Src/driver.c:1489:13:spindleConfig	80	static
../Src/driver.c:1825:6:settings_changed	96	static
../Src/driver.c:544:13:driver_delay	16	static
../Src/driver.c:863:13:stepperPulseStartDelayed	8	static
../Src/driver.c:2398:13:driver_setup	96	static
../Src/driver.c:1402:13:spindleSetState	0	static
../Src/driver.c:1417:13:spindleSetSpeed	8	static
../Src/driver.c:1460:13:spindleSetStateVariable	8	static
../Src/driver.c:1806:6:gpio_irq_enable	0	static
../Src/driver.c:1085:13:limitsEnable	40	static
../Src/driver.c:2718:6:driver_init	112	static
../Src/driver.c:3071:6:TIM5_IRQHandler	0	static
../Src/driver.c:3097:6:TIM4_IRQHandler	8	static
../Src/driver.c:3132:6:TIM1_BRK_TIM9_IRQHandler	16	static
../Src/driver.c:3442:6:EXTI9_5_IRQHandler	16	static
../Src/driver.c:3508:6:EXTI15_10_IRQHandler	16	static
../Src/driver.c:3571:6:Driver_IncTick	16	static
