../Src/serial.c:461:17:serialRxFree	0	static
../Src/serial.c:471:17:serialRxCount	0	static
../Src/serial.c:481:13:serialRxFlush	0	static
../Src/serial.c:489:13:serialRxCancel	0	static
../Src/serial.c:499:13:serialPutC	24	static
../Src/serial.c:517:13:serialWriteS	8	static
../Src/serial.c:528:13:serialWrite	16	static
../Src/serial.c:539:13:serialTxFlush	0	static
../Src/serial.c:548:17:serialTxCount	0	static
../Src/serial.c:558:16:serialGetC	0	static
../Src/serial.c:595:13:serialEnqueueRtCommand	0	static
../Src/serial.c:600:37:serialSetRtHandler	0	static
../Src/serial.c:576:13:serialSetBaudRate	48	static
../Src/serial.c:571:13:serialSuspendInput	0	static
../Src/serial.c:585:13:serialDisable	0	static
../Src/serial.c:610:27:serialInit	48	static
../Src/serial.c:350:6:serialRegisterStreams	8	static
../Src/serial.c:654:6:USART3_IRQHandler	8	static
