../Core/grblHALParser/parser.c:117:6:setGrblLegacyMode	16	static
../Core/grblHALParser/parser.c:121:6:mapRTC2Legacy	16	static
../Core/grblHALParser/parser.c:141:14:setGrblReceiveCallback	16	static
../Core/grblHALParser/parser.c:153:6:setLeds	24	static
../Core/grblHALParser/parser.c:164:6:grblIsMPGActive	4	static
../Core/grblHALParser/parser.c:190:6:processReply	24	static
../Core/grblHALParser/parser.c:194:6:setGrblTransmitCallback	16	static
../Core/grblHALParser/parser.c:199:6:grblSerialFlush	8	static
../Core/grblHALParser/parser.c:203:6:parseDecimal	24	static
../Core/grblHALParser/parser.c:214:6:parseInt	24	static
../Core/grblHALParser/parser.c:225:6:parseUint	24	static
../Core/grblHALParser/parser.c:236:6:parsePositions	24	static
../Core/grblHALParser/parser.c:259:6:parseOffsets	24	static
../Core/grblHALParser/parser.c:292:6:parseOverrides	24	static
../Core/grblHALParser/parser.c:315:6:parseFeedSpeed	24	static
../Core/grblHALParser/parser.c:339:6:parseData	32	static
../Core/grblHALParser/parser.c:558:6:grblClearAlarm	4	static
../Core/grblHALParser/parser.c:563:6:grblClearError	4	static
../Core/grblHALParser/parser.c:568:6:grblClearMessage	4	static
../Core/grblHALParser/parser.c:573:6:grblSendSerial	16	static
../Core/grblHALParser/parser.c:577:6:grblParseState	40	static
../Core/grblHALParser/parser.c:611:6:parse_info	16	static
../Core/grblHALParser/parser.c:645:6:grblGetInfo	16	static
../Core/grblHALParser/parser.c:656:16:grblGetOptions	4	static
../Core/grblHALParser/parser.c:660:6:parse_settings	24	static
../Core/grblHALParser/parser.c:718:6:grblGetSettings	16	static
../Core/grblHALParser/parser.c:730:31:serial_getC	4	static
../Core/grblHALParser/parser.c:731:28:serial_writeLn	16	static
