../grbl/gcode.c:395:22:init_sync_motion	16	static
../grbl/gcode.c:352:21:tool_get_pending	20	static
../grbl/gcode.c:374:13:add_output_command.constprop.isra	8	static
../grbl/gcode.c:146:17:gc_get_state	0	static
../grbl/gcode.c:169:8:gc_get_scaling	0	static
../grbl/gcode.c:174:16:gc_get_g51_state	0	static
../grbl/gcode.c:151:13:set_scaling.constprop	8	static
../grbl/gcode.c:189:7:gc_get_offset	0	static
../grbl/gcode.c:199:6:gc_set_tool_offset	24	static
../grbl/gcode.c:238:10:gc_get_plane_data	0	static
../grbl/gcode.c:263:6:gc_init	56	static
../grbl/gcode.c:324:6:gc_laser_ppi_enable	8	static
../grbl/gcode.c:331:6:gc_spindle_off	8	static
../grbl/gcode.c:340:6:gc_coolant_off	8	static
../grbl/gcode.c:347:17:gc_spindle_get	0	static
../grbl/gcode.c:423:6:gc_output_message	8	static
../grbl/gcode.c:491:7:gc_normalize_block	48	static
../grbl/gcode.c:629:15:gc_execute_block	200	static
