../grbl/nvs_buffer.c:126:23:ram_get_byte	0	static
../grbl/nvs_buffer.c:131:20:ram_put_byte	8	static
../grbl/nvs_buffer.c:202:30:memcpy_from_ram	24	static
../grbl/nvs_buffer.c:139:30:memcpy_to_ram	48	static
../grbl/nvs_buffer.c:216:6:nvs_buffer_alloc	8	static
../grbl/nvs_buffer.c:236:6:nvs_buffer_init	24	static
../grbl/nvs_buffer.c:281:15:nvs_alloc	12	static
../grbl/nvs_buffer.c:309:6:nvs_buffer_sync_physical	40	static
../grbl/nvs_buffer.c:226:6:nvs_buffer_free	8	static
../grbl/nvs_buffer.c:384:11:nvs_buffer_get_physical	0	static
