../grbl/settings.c:310:13:group_is_available	0	static
../grbl/settings.c:901:22:set_probe_invert	8	static
../grbl/settings.c:912:22:set_ganged_dir_invert	8	static
../grbl/settings.c:922:22:set_stepper_deenergize_mask	8	static
../grbl/settings.c:931:22:set_report_interval	0	static
../grbl/settings.c:939:22:set_report_mask	0	static
../grbl/settings.c:983:22:set_pwm_mode	0	static
../grbl/settings.c:1042:22:set_control_disable_pullup	0	static
../grbl/settings.c:1049:22:set_probe_disable_pullup	0	static
../grbl/settings.c:1084:22:set_estop_unlock	0	static
../grbl/settings.c:1096:22:set_offset_lock	0	static
../grbl/settings.c:1116:22:set_hard_limits_enable	8	static
../grbl/settings.c:1134:22:set_jog_soft_limited	0	static
../grbl/settings.c:1172:22:set_enable_legacy_rt_commands	0	static
../grbl/settings.c:1220:22:set_parking_enable	0	static
../grbl/settings.c:1227:22:set_restore_overrides	0	static
../grbl/settings.c:1236:22:set_sleep_enable	0	static
../grbl/settings.c:1243:22:set_hold_actions	0	static
../grbl/settings.c:1252:22:set_g92_disable_persistence	0	static
../grbl/settings.c:1260:22:set_force_initialization_alarm	0	static
../grbl/settings.c:1267:22:set_probe_allow_feed_override	0	static
../grbl/settings.c:1289:22:set_tool_change_probing_distance	0	static
../grbl/settings.c:1299:22:set_tool_restore_pos	0	static
../grbl/settings.c:1551:17:get_int	0	static
../grbl/settings.c:2239:20:is_available	8	static
../grbl/settings.c:1019:22:set_encoder_spindle	8	static
../grbl/settings.c:1005:22:set_spindle_type	8	static
../grbl/settings.c:1274:22:set_tool_change_mode	8	static
../grbl/settings.c:1179:22:set_homing_cycle	8	static
../grbl/settings.c:1189:22:set_mode	8	static
../grbl/settings.c:973:22:set_control_invert	8	static
../grbl/settings.c:951:22:set_report_inches	8	static
../grbl/settings.c:1727:23:get_decimal_places	16	static
../grbl/settings.c:2422:22:validate_value	24	static
../grbl/settings.c:990:22:set_pwm_options	0	static
../grbl/settings.c:1059:13:tmp_set_soft_limits	0	static
../grbl/settings.c:1072:22:set_soft_limits_enable	8	static
../grbl/settings.c:1144:22:set_homing_enable	0	static
../grbl/settings.c:1403:28:normalize_id	0	static
../grbl/settings.c:1899:13:is_setting_available	8	static
../grbl/settings.c:2168:6:settings_write_global	4	static
../grbl/settings.c:1031:22:set_spindle_invert	8	static
../grbl/settings.c:2682:13:settings_changed_spindle	8	static
../grbl/settings.c:2479:17:strnumentries.constprop	8	static
../grbl/settings.c:845:6:settings_override_acceleration	16	static
../grbl/settings.c:868:6:settings_register	0	static
../grbl/settings.c:874:20:settings_get_details	0	static
../grbl/settings.c:1416:14:settings_get_axis_base	8	static
../grbl/settings.c:1499:14:get_float	16	static
../grbl/settings.c:1424:22:set_axis_setting	32	static
../grbl/settings.c:1734:7:setting_get_value	16	static
../grbl/settings.c:1816:10:setting_get_int_value	0	static
../grbl/settings.c:1872:7:setting_get_float_value	0	static
../grbl/settings.c:2013:6:settings_write_build_info	4	static
../grbl/settings.c:2020:6:settings_read_build_info	16	static
../grbl/settings.c:2032:6:settings_write_startup_line	16	static
../grbl/settings.c:2045:6:settings_read_startup_line	16	static
../grbl/settings.c:2059:6:settings_write_coord_data	8	static
../grbl/settings.c:2072:6:settings_read_coord_data	16	static
../grbl/settings.c:2131:6:read_global_settings	16	static
../grbl/settings.c:2181:6:settings_restore	104	static
../grbl/settings.c:2304:17:settings_normalize_group	0	static
../grbl/settings.c:2336:25:setting_get_details	32	static
../grbl/settings.c:2309:6:settings_iterator	40	static
../grbl/settings.c:2544:13:setting_remove_element	8	static
../grbl/settings.c:2364:13:setting_get_description	16	static
../grbl/settings.c:2397:31:setting_get_group_details	20	static
../grbl/settings.c:2249:6:settings_is_group_available	24	static
../grbl/settings.c:2244:13:is_group_available	0	static
../grbl/settings.c:2495:20:setting_datatype_to_external	0	static
../grbl/settings.c:2511:6:setting_is_list	0	static
../grbl/settings.c:2516:6:setting_is_integer	0	static
../grbl/settings.c:2554:6:setting_remove_elements	24	static
../grbl/settings.c:2628:15:setting_validate_me	40	static
../grbl/settings.c:2674:15:setting_validate	16	static
../grbl/settings.c:2695:15:settings_store_setting	40	static
../grbl/settings.c:2816:6:settings_add_spindle_type	16	static
../grbl/settings.c:2830:6:settings_clear	0	static
../grbl/settings.c:2837:6:settings_init	32	static
