../Drivers/FATFS/Target/bsp_driver_sd.c:55:6:HAL_SD_MspInit	56	static
../Drivers/FATFS/Target/bsp_driver_sd.c:132:16:BSP_SD_ITConfig	0	static
../Drivers/FATFS/Target/bsp_driver_sd.c:141:13:BSP_SD_DetectIT	0	static
../Drivers/FATFS/Target/bsp_driver_sd.c:158:16:BSP_SD_ReadBlocks	16	static
../Drivers/FATFS/Target/bsp_driver_sd.c:181:16:BSP_SD_WriteBlocks	16	static
../Drivers/FATFS/Target/bsp_driver_sd.c:203:16:BSP_SD_ReadBlocks_DMA	8	static
../Drivers/FATFS/Target/bsp_driver_sd.c:226:16:BSP_SD_WriteBlocks_DMA	8	static
../Drivers/FATFS/Target/bsp_driver_sd.c:248:16:BSP_SD_Erase	8	static
../Drivers/FATFS/Target/bsp_driver_sd.c:268:16:BSP_SD_GetCardState	8	static
../Drivers/FATFS/Target/bsp_driver_sd.c:278:13:BSP_SD_GetCardInfo	8	static
../Drivers/FATFS/Target/bsp_driver_sd.c:323:13:BSP_SD_AbortCallback	0	static
../Drivers/FATFS/Target/bsp_driver_sd.c:292:6:HAL_SD_AbortCallback	8	static
../Drivers/FATFS/Target/bsp_driver_sd.c:333:13:BSP_SD_WriteCpltCallback	0	static
../Drivers/FATFS/Target/bsp_driver_sd.c:302:6:HAL_SD_TxCpltCallback	8	static
../Drivers/FATFS/Target/bsp_driver_sd.c:343:13:BSP_SD_ReadCpltCallback	0	static
../Drivers/FATFS/Target/bsp_driver_sd.c:312:6:HAL_SD_RxCpltCallback	8	static
../Drivers/FATFS/Target/bsp_driver_sd.c:355:16:BSP_SD_IsDetected	8	static
../Drivers/FATFS/Target/bsp_driver_sd.c:101:16:BSP_SD_Init	16	static
