../Src/usb_serial.c:42:13:is_connected	8	static
../Src/usb_serial.c:50:17:usbRxFree	0	static
../Src/usb_serial.c:60:13:usbRxFlush	0	static
../Src/usb_serial.c:68:13:usbRxCancel	0	static
../Src/usb_serial.c:187:16:usbGetC	0	static
../Src/usb_serial.c:205:13:usbEnqueueRtCommand	0	static
../Src/usb_serial.c:210:37:usbSetRtHandler	0	static
../Src/usb_serial.c:106:13:usbPutC	16	static
../Src/usb_serial.c:200:13:usbSuspendInput	0	static
../Src/usb_serial.c:78:20:usb_write	16	static
../Src/usb_serial.c:124:13:usbWriteS	16	static
../Src/usb_serial.c:157:13:usbWrite	16	static
../Src/usb_serial.c:222:20:usbInit	8	static
../Src/usb_serial.c:249:6:usbBufferInput	24	static
