../Src/ioports.c:38:13:digital_out	0	static
../Src/ioports.c:194:13:set_pin_description	4	static
../Src/ioports.c:286:13:on_setting_changed	4	static
../Src/ioports.c:301:13:on_settings_loaded	4	static
../Src/ioports.c:204:13:claim	32	static
../Src/ioports.c:252:6:swap_pins	72	static
../Src/ioports.c:153:16:get_pin_info	16	static
../Src/ioports.c:126:13:register_interrupt_handler	16	static
../Src/ioports.c:99:16:wait_on_input	24	static
../Src/ioports.c:111:6:ioports_event	24	static
../Src/ioports.c:332:6:ioports_init	8	static
