../Src/serial.c:113:17:serialRxFree	0	static
../Src/serial.c:123:17:serialRxCount	0	static
../Src/serial.c:133:13:serialRxFlush	0	static
../Src/serial.c:141:13:serialRxCancel	0	static
../Src/serial.c:151:13:serialPutC	16	static
../Src/serial.c:169:13:serialWriteS	8	static
../Src/serial.c:180:13:serialWrite	16	static
../Src/serial.c:191:13:serialTxFlush	0	static
../Src/serial.c:200:17:serialTxCount	0	static
../Src/serial.c:210:16:serialGetC	0	static
../Src/serial.c:237:13:serialDisable	0	static
../Src/serial.c:247:13:serialEnqueueRtCommand	8	static
../Src/serial.c:252:37:serialSetRtHandler	0	static
../Src/serial.c:461:17:serial2RxFree	0	static
../Src/serial.c:471:17:serial2RxCount	0	static
../Src/serial.c:481:13:serial2RxFlush	0	static
../Src/serial.c:489:13:serial2RxCancel	0	static
../Src/serial.c:499:13:serial2PutC	16	static
../Src/serial.c:520:13:serial2WriteS	8	static
../Src/serial.c:530:13:serial2Write	16	static
../Src/serial.c:541:13:serial2TxFlush	0	static
../Src/serial.c:550:17:serial2TxCount	0	static
../Src/serial.c:560:16:serial2GetC	0	static
../Src/serial.c:587:13:serial2Disable	0	static
../Src/serial.c:597:13:serial2EnqueueRtCommand	8	static
../Src/serial.c:602:37:serial2SetRtHandler	0	static
../Src/serial.c:228:13:serialSetBaudRate	40	static
../Src/serial.c:262:20:serialInit	48	static
../Src/serial.c:223:13:serialSuspendInput	8	static
../Src/serial.c:573:13:serial2SuspendInput	8	static
../Src/serial.c:578:13:serial2SetBaudRate	40	static
../Src/serial.c:612:20:serial2Init	48	static
../Src/serial.c:100:6:serialRegisterStreams	8	static
../Src/serial.c:432:6:USART1_IRQHandler	8	static
../Src/serial.c:783:6:USART2_IRQHandler	8	static
