../Core/grblHALComm/parser.c:193:6:processReply	8	static
../Core/grblHALComm/parser.c:120:6:setGrblLegacyMode	0	static
../Core/grblHALComm/parser.c:124:6:mapRTC2Legacy	0	static
../Core/grblHALComm/parser.c:144:14:setGrblReceiveCallback	0	static
../Core/grblHALComm/parser.c:156:6:setLeds	8	static
../Core/grblHALComm/parser.c:167:6:grblIsMPGActive	0	static
../Core/grblHALComm/parser.c:197:6:setGrblTransmitCallback	0	static
../Core/grblHALComm/parser.c:202:6:grblSerialFlush	8	static
../Core/grblHALComm/parser.c:206:6:parseDecimal	8	static
../Core/grblHALComm/parser.c:217:6:parseInt	8	static
../Core/grblHALComm/parser.c:228:6:parseUint	8	static
../Core/grblHALComm/parser.c:239:6:parsePositions	16	static
../Core/grblHALComm/parser.c:262:6:parseOffsets	24	static
../Core/grblHALComm/parser.c:295:6:parseOverrides	16	static
../Core/grblHALComm/parser.c:318:6:parseFeedSpeed	16	static
../Core/grblHALComm/parser.c:561:6:grblClearAlarm	0	static
../Core/grblHALComm/parser.c:566:6:grblClearError	0	static
../Core/grblHALComm/parser.c:571:6:grblClearMessage	0	static
../Core/grblHALComm/parser.c:580:6:grblParseState	32	static
../Core/grblHALComm/parser.c:342:6:parseData	32	static
../Core/grblHALComm/parser.c:614:6:parseInfo	24	static
../Core/grblHALComm/parser.c:659:16:grblGetOptions	0	static
../Core/grblHALComm/parser.c:663:6:parseSettings	16	static
../Core/grblHALComm/parser.c:721:6:grblGetSettings	40	static
../Core/grblHALComm/parser.c:749:31:serial_getC	0	static
../Core/grblHALComm/parser.c:750:28:serial_writeLn	0	static
../Core/grblHALComm/parser.c:576:6:grblSendSerial	8	static
../Core/grblHALComm/parser.c:648:6:grblGetInfo	8	static
