Archive member included to satisfy reference by file (symbol)

C:/ST/STM32CubeIDE_1.13.0/STM32CubeIDE/plugins/com.st.stm32cube.ide.mcu.externaltools.gnu-tools-for-stm32.11.3.rel1.win32_1.1.0.202305231506/tools/bin/../lib/gcc/arm-none-eabi/11.3.1/../../../../arm-none-eabi/lib/thumb/v7e-m+dp/hard\libc_nano.a(libc_a-exit.o)
                              C:/ST/STM32CubeIDE_1.13.0/STM32CubeIDE/plugins/com.st.stm32cube.ide.mcu.externaltools.gnu-tools-for-stm32.11.3.rel1.win32_1.1.0.202305231506/tools/bin/../lib/gcc/arm-none-eabi/11.3.1/../../../../arm-none-eabi/lib/thumb/v7e-m+dp/hard/crt0.o (exit)
C:/ST/STM32CubeIDE_1.13.0/STM32CubeIDE/plugins/com.st.stm32cube.ide.mcu.externaltools.gnu-tools-for-stm32.11.3.rel1.win32_1.1.0.202305231506/tools/bin/../lib/gcc/arm-none-eabi/11.3.1/../../../../arm-none-eabi/lib/thumb/v7e-m+dp/hard\libc_nano.a(libc_a-findfp.o)
                              C:/ST/STM32CubeIDE_1.13.0/STM32CubeIDE/plugins/com.st.stm32cube.ide.mcu.externaltools.gnu-tools-for-stm32.11.3.rel1.win32_1.1.0.202305231506/tools/bin/../lib/gcc/arm-none-eabi/11.3.1/../../../../arm-none-eabi/lib/thumb/v7e-m+dp/hard\libc_nano.a(libc_a-exit.o) (__stdio_exit_handler)
C:/ST/STM32CubeIDE_1.13.0/STM32CubeIDE/plugins/com.st.stm32cube.ide.mcu.externaltools.gnu-tools-for-stm32.11.3.rel1.win32_1.1.0.202305231506/tools/bin/../lib/gcc/arm-none-eabi/11.3.1/../../../../arm-none-eabi/lib/thumb/v7e-m+dp/hard\libc_nano.a(libc_a-fwalk.o)
                              C:/ST/STM32CubeIDE_1.13.0/STM32CubeIDE/plugins/com.st.stm32cube.ide.mcu.externaltools.gnu-tools-for-stm32.11.3.rel1.win32_1.1.0.202305231506/tools/bin/../lib/gcc/arm-none-eabi/11.3.1/../../../../arm-none-eabi/lib/thumb/v7e-m+dp/hard\libc_nano.a(libc_a-findfp.o) (_fwalk_sglue)
C:/ST/STM32CubeIDE_1.13.0/STM32CubeIDE/plugins/com.st.stm32cube.ide.mcu.externaltools.gnu-tools-for-stm32.11.3.rel1.win32_1.1.0.202305231506/tools/bin/../lib/gcc/arm-none-eabi/11.3.1/../../../../arm-none-eabi/lib/thumb/v7e-m+dp/hard\libc_nano.a(libc_a-sprintf.o)
                              ./Core/Comm/grbl_cpu_comm.o (sprintf)
C:/ST/STM32CubeIDE_1.13.0/STM32CubeIDE/plugins/com.st.stm32cube.ide.mcu.externaltools.gnu-tools-for-stm32.11.3.rel1.win32_1.1.0.202305231506/tools/bin/../lib/gcc/arm-none-eabi/11.3.1/../../../../arm-none-eabi/lib/thumb/v7e-m+dp/hard\libc_nano.a(libc_a-stdio.o)
                              C:/ST/STM32CubeIDE_1.13.0/STM32CubeIDE/plugins/com.st.stm32cube.ide.mcu.externaltools.gnu-tools-for-stm32.11.3.rel1.win32_1.1.0.202305231506/tools/bin/../lib/gcc/arm-none-eabi/11.3.1/../../../../arm-none-eabi/lib/thumb/v7e-m+dp/hard\libc_nano.a(libc_a-findfp.o) (__sread)
C:/ST/STM32CubeIDE_1.13.0/STM32CubeIDE/plugins/com.st.stm32cube.ide.mcu.externaltools.gnu-tools-for-stm32.11.3.rel1.win32_1.1.0.202305231506/tools/bin/../lib/gcc/arm-none-eabi/11.3.1/../../../../arm-none-eabi/lib/thumb/v7e-m+dp/hard\libc_nano.a(libc_a-memset.o)
                              C:/ST/STM32CubeIDE_1.13.0/STM32CubeIDE/plugins/com.st.stm32cube.ide.mcu.externaltools.gnu-tools-for-stm32.11.3.rel1.win32_1.1.0.202305231506/tools/bin/../lib/gcc/arm-none-eabi/11.3.1/../../../../arm-none-eabi/lib/thumb/v7e-m+dp/hard/crt0.o (memset)
C:/ST/STM32CubeIDE_1.13.0/STM32CubeIDE/plugins/com.st.stm32cube.ide.mcu.externaltools.gnu-tools-for-stm32.11.3.rel1.win32_1.1.0.202305231506/tools/bin/../lib/gcc/arm-none-eabi/11.3.1/../../../../arm-none-eabi/lib/thumb/v7e-m+dp/hard\libc_nano.a(libc_a-closer.o)
                              C:/ST/STM32CubeIDE_1.13.0/STM32CubeIDE/plugins/com.st.stm32cube.ide.mcu.externaltools.gnu-tools-for-stm32.11.3.rel1.win32_1.1.0.202305231506/tools/bin/../lib/gcc/arm-none-eabi/11.3.1/../../../../arm-none-eabi/lib/thumb/v7e-m+dp/hard\libc_nano.a(libc_a-stdio.o) (_close_r)
C:/ST/STM32CubeIDE_1.13.0/STM32CubeIDE/plugins/com.st.stm32cube.ide.mcu.externaltools.gnu-tools-for-stm32.11.3.rel1.win32_1.1.0.202305231506/tools/bin/../lib/gcc/arm-none-eabi/11.3.1/../../../../arm-none-eabi/lib/thumb/v7e-m+dp/hard\libc_nano.a(libc_a-reent.o)
                              C:/ST/STM32CubeIDE_1.13.0/STM32CubeIDE/plugins/com.st.stm32cube.ide.mcu.externaltools.gnu-tools-for-stm32.11.3.rel1.win32_1.1.0.202305231506/tools/bin/../lib/gcc/arm-none-eabi/11.3.1/../../../../arm-none-eabi/lib/thumb/v7e-m+dp/hard\libc_nano.a(libc_a-closer.o) (errno)
C:/ST/STM32CubeIDE_1.13.0/STM32CubeIDE/plugins/com.st.stm32cube.ide.mcu.externaltools.gnu-tools-for-stm32.11.3.rel1.win32_1.1.0.202305231506/tools/bin/../lib/gcc/arm-none-eabi/11.3.1/../../../../arm-none-eabi/lib/thumb/v7e-m+dp/hard\libc_nano.a(libc_a-impure.o)
                              C:/ST/STM32CubeIDE_1.13.0/STM32CubeIDE/plugins/com.st.stm32cube.ide.mcu.externaltools.gnu-tools-for-stm32.11.3.rel1.win32_1.1.0.202305231506/tools/bin/../lib/gcc/arm-none-eabi/11.3.1/../../../../arm-none-eabi/lib/thumb/v7e-m+dp/hard\libc_nano.a(libc_a-sprintf.o) (_impure_ptr)
[...]
Memory Configuration

Name             Origin             Length             Attributes
FLASH            0x0000000008000000 0x0000000000020000 xr
DTCMRAM          0x0000000020000000 0x0000000000020000 xrw
RAM_D1           0x0000000024000000 0x0000000000080000 xrw
RAM_D2           0x0000000030000000 0x0000000000048000 xrw
RAM_D3           0x0000000038000000 0x0000000000010000 xrw
ITCMRAM          0x0000000000000000 0x0000000000010000 xrw
*default*        0x0000000000000000 0xffffffffffffffff

Linker script and memory map

LOAD C:/ST/STM32CubeIDE_1.13.0/STM32CubeIDE/plugins/com.st.stm32cube.ide.mcu.externaltools.gnu-tools-for-stm32.11.3.rel1.win32_1.1.0.202305231506/tools/bin/../lib/gcc/arm-none-eabi/11.3.1/thumb/v7e-m+dp/hard/crti.o
LOAD C:/ST/STM32CubeIDE_1.13.0/STM32CubeIDE/plugins/com.st.stm32cube.ide.mcu.externaltools.gnu-tools-for-stm32.11.3.rel1.win32_1.1.0.202305231506/tools/bin/../lib/gcc/arm-none-eabi/11.3.1/thumb/v7e-m+dp/hard/crtbegin.o
LOAD C:/ST/STM32CubeIDE_1.13.0/STM32CubeIDE/plugins/com.st.stm32cube.ide.mcu.externaltools.gnu-tools-for-stm32.11.3.rel1.win32_1.1.0.202305231506/tools/bin/../lib/gcc/arm-none-eabi/11.3.1/../../../../arm-none-eabi/lib/thumb/v7e-m+dp/hard/crt0.o
LOAD ./Core/Comm/grbl_cpu_comm.o
LOAD ./Core/Comm/parser.o
LOAD ./Core/FT5436/ft5436.o
LOAD ./Core/R61529/fonts.o
LOAD ./Core/R61529/r61529.o
LOAD ./Core/SoundFX/sound_fx.o
LOAD ./Core/Src/buttons.o
LOAD ./Core/Src/main.o
LOAD ./Core/Src/r61529_screen_menu.o
LOAD ./Core/Src/stm32h7xx_hal_msp.o
LOAD ./Core/Src/stm32h7xx_it.o
LOAD ./Core/Src/syscalls.o
LOAD ./Core/Src/sysmem.o
LOAD ./Core/Src/system_stm32h7xx.o
LOAD ./Core/Src/systick_timer.o
LOAD ./Core/Startup/startup_stm32h750vbtx.o
LOAD ./Drivers/STM32H7xx_HAL_Driver/Src/stm32h7xx_hal.o
LOAD ./Drivers/STM32H7xx_HAL_Driver/Src/stm32h7xx_hal_cortex.o
LOAD ./Drivers/STM32H7xx_HAL_Driver/Src/stm32h7xx_hal_dma.o
LOAD ./Drivers/STM32H7xx_HAL_Driver/Src/stm32h7xx_hal_dma_ex.o
LOAD ./Drivers/STM32H7xx_HAL_Driver/Src/stm32h7xx_hal_exti.o
LOAD ./Drivers/STM32H7xx_HAL_Driver/Src/stm32h7xx_hal_flash.o
LOAD ./Drivers/STM32H7xx_HAL_Driver/Src/stm32h7xx_hal_flash_ex.o
LOAD ./Drivers/STM32H7xx_HAL_Driver/Src/stm32h7xx_hal_gpio.o
LOAD ./Drivers/STM32H7xx_HAL_Driver/Src/stm32h7xx_hal_hsem.o
LOAD ./Drivers/STM32H7xx_HAL_Driver/Src/stm32h7xx_hal_i2c.o
LOAD ./Drivers/STM32H7xx_HAL_Driver/Src/stm32h7xx_hal_i2c_ex.o
LOAD ./Drivers/STM32H7xx_HAL_Driver/Src/stm32h7xx_hal_mdma.o
LOAD ./Drivers/STM32H7xx_HAL_Driver/Src/stm32h7xx_hal_pwr.o
LOAD ./Drivers/STM32H7xx_HAL_Driver/Src/stm32h7xx_hal_pwr_ex.o
LOAD ./Drivers/STM32H7xx_HAL_Driver/Src/stm32h7xx_hal_rcc.o
LOAD ./Drivers/STM32H7xx_HAL_Driver/Src/stm32h7xx_hal_rcc_ex.o
LOAD ./Drivers/STM32H7xx_HAL_Driver/Src/stm32h7xx_hal_spi.o
LOAD ./Drivers/STM32H7xx_HAL_Driver/Src/stm32h7xx_hal_spi_ex.o
LOAD ./Drivers/STM32H7xx_HAL_Driver/Src/stm32h7xx_hal_tim.o
LOAD ./Drivers/STM32H7xx_HAL_Driver/Src/stm32h7xx_hal_tim_ex.o
LOAD ./Drivers/STM32H7xx_HAL_Driver/Src/stm32h7xx_hal_uart.o
LOAD ./Drivers/STM32H7xx_HAL_Driver/Src/stm32h7xx_hal_uart_ex.o
START GROUP
LOAD C:/ST/STM32CubeIDE_1.13.0/STM32CubeIDE/plugins/com.st.stm32cube.ide.mcu.externaltools.gnu-tools-for-stm32.11.3.rel1.win32_1.1.0.202305231506/tools/bin/../lib/gcc/arm-none-eabi/11.3.1/../../../../arm-none-eabi/lib/thumb/v7e-m+dp/hard\libc_nano.a
LOAD C:/ST/STM32CubeIDE_1.13.0/STM32CubeIDE/plugins/com.st.stm32cube.ide.mcu.externaltools.gnu-tools-for-stm32.11.3.rel1.win32_1.1.0.202305231506/tools/bin/../lib/gcc/arm-none-eabi/11.3.1/../../../../arm-none-eabi/lib/thumb/v7e-m+dp/hard\libm.a
END GROUP
START GROUP
LOAD C:/ST/STM32CubeIDE_1.13.0/STM32CubeIDE/plugins/com.st.stm32cube.ide.mcu.externaltools.gnu-tools-for-stm32.11.3.rel1.win32_1.1.0.202305231506/tools/bin/../lib/gcc/arm-none-eabi/11.3.1/thumb/v7e-m+dp/hard\libgcc.a
LOAD C:/ST/STM32CubeIDE_1.13.0/STM32CubeIDE/plugins/com.st.stm32cube.ide.mcu.externaltools.gnu-tools-for-stm32.11.3.rel1.win32_1.1.0.202305231506/tools/bin/../lib/gcc/arm-none-eabi/11.3.1/../../../../arm-none-eabi/lib/thumb/v7e-m+dp/hard\libc_nano.a
END GROUP
START GROUP
LOAD C:/ST/STM32CubeIDE_1.13.0/STM32CubeIDE/plugins/com.st.stm32cube.ide.mcu.externaltools.gnu-tools-for-stm32.11.3.rel1.win32_1.1.0.202305231506/tools/bin/../lib/gcc/arm-none-eabi/11.3.1/thumb/v7e-m+dp/hard\libgcc.a
LOAD C:/ST/STM32CubeIDE_1.13.0/STM32CubeIDE/plugins/com.st.stm32cube.ide.mcu.externaltools.gnu-tools-for-stm32.11.3.rel1.win32_1.1.0.202305231506/tools/bin/../lib/gcc/arm-none-eabi/11.3.1/../../../../arm-none-eabi/lib/thumb/v7e-m+dp/hard\libc_nano.a
LOAD C:/ST/STM32CubeIDE_1.13.0/STM32CubeIDE/plugins/com.st.stm32cube.ide.mcu.externaltools.gnu-tools-for-stm32.11.3.rel1.win32_1.1.0.202305231506/tools/bin/../lib/gcc/arm-none-eabi/11.3.1/../../../../arm-none-eabi/lib/thumb/v7e-m+dp/hard\libnosys.a
END GROUP
START GROUP
LOAD C:/ST/STM32CubeIDE_1.13.0/STM32CubeIDE/plugins/com.st.stm32cube.ide.mcu.externaltools.gnu-tools-for-stm32.11.3.rel1.win32_1.1.0.202305231506/tools/bin/../lib/gcc/arm-none-eabi/11.3.1/thumb/v7e-m+dp/hard\libgcc.a
LOAD C:/ST/STM32CubeIDE_1.13.0/STM32CubeIDE/plugins/com.st.stm32cube.ide.mcu.externaltools.gnu-tools-for-stm32.11.3.rel1.win32_1.1.0.202305231506/tools/bin/../lib/gcc/arm-none-eabi/11.3.1/../../../../arm-none-eabi/lib/thumb/v7e-m+dp/hard\libc_nano.a
LOAD C:/ST/STM32CubeIDE_1.13.0/STM32CubeIDE/plugins/com.st.stm32cube.ide.mcu.externaltools.gnu-tools-for-stm32.11.3.rel1.win32_1.1.0.202305231506/tools/bin/../lib/gcc/arm-none-eabi/11.3.1/../../../../arm-none-eabi/lib/thumb/v7e-m+dp/hard\libnosys.a
END GROUP
LOAD C:/ST/STM32CubeIDE_1.13.0/STM32CubeIDE/plugins/com.st.stm32cube.ide.mcu.externaltools.gnu-tools-for-stm32.11.3.rel1.win32_1.1.0.202305231506/tools/bin/../lib/gcc/arm-none-eabi/11.3.1/thumb/v7e-m+dp/hard/crtend.o
LOAD C:/ST/STM32CubeIDE_1.13.0/STM32CubeIDE/plugins/com.st.stm32cube.ide.mcu.externaltools.gnu-tools-for-stm32.11.3.rel1.win32_1.1.0.202305231506/tools/bin/../lib/gcc/arm-none-eabi/11.3.1/thumb/v7e-m+dp/hard/crtn.o
                0x0000000024080000                _estack = (ORIGIN (RAM_D1) + LENGTH (RAM_D1))
                0x0000000000000200                _Min_Heap_Size = 0x200
                0x0000000000003c00                _Min_Stack_Size = 0x3c00

.isr_vector     0x0000000008000000      0x298
                0x0000000008000000                . = ALIGN (0x4)
 *(.isr_vector)
 .isr_vector    0x0000000008000000      0x298 ./Core/Startup/startup_stm32h750vbtx.o
                0x0000000008000000                g_pfnVectors
                0x0000000008000298                . = ALIGN (0x4)

.text           0x00000000080002a0     0x8e5c
                0x00000000080002a0                . = ALIGN (0x4)
 *(.text)
 .text          0x00000000080002a0       0x40 C:/ST/STM32CubeIDE_1.13.0/STM32CubeIDE/plugins/com.st.stm32cube.ide.mcu.externaltools.gnu-tools-for-stm32.11.3.rel1.win32_1.1.0.202305231506/tools/bin/../lib/gcc/arm-none-eabi/11.3.1/thumb/v7e-m+dp/hard/crtbegin.o
 .text          0x00000000080002e0       0x10 C:/ST/STM32CubeIDE_1.13.0/STM32CubeIDE/plugins/com.st.stm32cube.ide.mcu.externaltools.gnu-tools-for-stm32.11.3.rel1.win32_1.1.0.202305231506/tools/bin/../lib/gcc/arm-none-eabi/11.3.1/../../../../arm-none-eabi/lib/thumb/v7e-m+dp/hard\libc_nano.a(libc_a-strlen.o)
                0x00000000080002e0                strlen
 .text          0x00000000080002f0       0xa0 C:/ST/STM32CubeIDE_1.13.0/STM32CubeIDE/plugins/com.st.stm32cube.ide.mcu.externaltools.gnu-tools-for-stm32.11.3.rel1.win32_1.1.0.202305231506/tools/bin/../lib/gcc/arm-none-eabi/11.3.1/../../../../arm-none-eabi/lib/thumb/v7e-m+dp/hard\libc_nano.a(libc_a-memchr.o)
                0x00000000080002f0                memchr
 .text          0x0000000008000390       0x30 C:/ST/STM32CubeIDE_1.13.0/STM32CubeIDE/plugins/com.st.stm32cube.ide.mcu.externaltools.gnu-tools-for-stm32.11.3.rel1.win32_1.1.0.202305231506/tools/bin/../lib/gcc/arm-none-eabi/11.3.1/thumb/v7e-m+dp/hard\libgcc.a(_aeabi_uldivmod.o)
                0x0000000008000390                __aeabi_uldivmod
 .text          0x00000000080003c0      0x2c8 C:/ST/STM32CubeIDE_1.13.0/STM32CubeIDE/plugins/com.st.stm32cube.ide.mcu.externaltools.gnu-tools-for-stm32.11.3.rel1.win32_1.1.0.202305231506/tools/bin/../lib/gcc/arm-none-eabi/11.3.1/thumb/v7e-m+dp/hard\libgcc.a(_udivmoddi4.o)
                0x00000000080003c0                __udivmoddi4
 .text          0x0000000008000688        0x4 C:/ST/STM32CubeIDE_1.13.0/STM32CubeIDE/plugins/com.st.stm32cube.ide.mcu.externaltools.gnu-tools-for-stm32.11.3.rel1.win32_1.1.0.202305231506/tools/bin/../lib/gcc/arm-none-eabi/11.3.1/thumb/v7e-m+dp/hard\libgcc.a(_dvmd_tls.o)
                0x0000000008000688                __aeabi_idiv0
                0x0000000008000688                __aeabi_ldiv0
 *(.text*)
 .text.reset_pending_command
                0x000000000800068c        0xc ./Core/Comm/grbl_cpu_comm.o
                0x000000000800068c                reset_pending_command
 .text.Init_FT5436
                0x0000000008000698       0xe0 ./Core/FT5436/ft5436.o
                0x0000000008000698                Init_FT5436
 .text.request_available_points
                0x0000000008000778       0x6c ./Core/FT5436/ft5436.o
                0x0000000008000778                request_available_points
 .text.transmission_complete_callback
                0x00000000080007e4       0x9c ./Core/FT5436/ft5436.o
                0x00000000080007e4                transmission_complete_callback
 .text.reception_complete_callback
                0x0000000008000880       0xe8 ./Core/FT5436/ft5436.o
                0x0000000008000880                reception_complete_callback
 .text.HAL_I2C_MasterTxCpltCallback
                0x0000000008000968       0x18 ./Core/FT5436/ft5436.o
                0x0000000008000968                HAL_I2C_MasterTxCpltCallback
 .text.HAL_I2C_MasterRxCpltCallback
                0x0000000008000980       0x18 ./Core/FT5436/ft5436.o
                0x0000000008000980                HAL_I2C_MasterRxCpltCallback
 .text.Lcd_Write
                0x0000000008000998       0x78 ./Core/R61529/r61529.o
                0x0000000008000998                Lcd_Write
 .text.Lcd_Write_Reg
                0x0000000008000a10        0x6 ./Core/R61529/r61529.o
                0x0000000008000a10                Lcd_Write_Reg
 .text.Lcd_Write_Data
                0x0000000008000a16        0x6 ./Core/R61529/r61529.o
                0x0000000008000a16                Lcd_Write_Data
 .text.R61529_SetAddrWindow
                0x0000000008000a1c       0x50 ./Core/R61529/r61529.o
                0x0000000008000a1c                R61529_SetAddrWindow
 .text.Init_R61529
                0x0000000008000a6c      0x434 ./Core/R61529/r61529.o
                0x0000000008000a6c                Init_R61529
 .text.R61529_SetRotation
                0x0000000008000ea0       0x54 ./Core/R61529/r61529.o
                0x0000000008000ea0                R61529_SetRotation
 .text.R61529_Flood
                0x0000000008000ef4       0x5e ./Core/R61529/r61529.o
                0x0000000008000ef4                R61529_Flood
 *fill*         0x0000000008000f52        0x2 
 .text.R61529_FillScreen
                0x0000000008000f54       0x34 ./Core/R61529/r61529.o
                0x0000000008000f54                R61529_FillScreen
 .text.R61529_FillRect
                0x0000000008000f88       0x50 ./Core/R61529/r61529.o
                0x0000000008000f88                R61529_FillRect
 .text.R61529_DrawPixel
                0x0000000008000fd8       0x3c ./Core/R61529/r61529.o
                0x0000000008000fd8                R61529_DrawPixel
 .text.R61529_DrawLine
                0x0000000008001014       0x9e ./Core/R61529/r61529.o
                0x0000000008001014                R61529_DrawLine
 .text.R61529_DrawRect
                0x00000000080010b2       0x4c ./Core/R61529/r61529.o
                0x00000000080010b2                R61529_DrawRect
 *fill*         0x00000000080010fe        0x2 
 .text.R61529_WriteString
                0x0000000008001100       0xd0 ./Core/R61529/r61529.o
                0x0000000008001100                R61529_WriteString
 .text.enable_buzzer
                0x00000000080011d0        0xc ./Core/SoundFX/sound_fx.o
                0x00000000080011d0                enable_buzzer
 .text.buzzer_short_ring
                0x00000000080011dc       0x6c ./Core/SoundFX/sound_fx.o
                0x00000000080011dc                buzzer_short_ring
 .text.DOOM     0x0000000008001248       0xd0 ./Core/SoundFX/sound_fx.o
                0x0000000008001248                DOOM
 .text.play_DOOM
                0x0000000008001318        0xc ./Core/SoundFX/sound_fx.o
                0x0000000008001318                play_DOOM
 .text.stop_DOOM
                0x0000000008001324        0xc ./Core/SoundFX/sound_fx.o
                0x0000000008001324                stop_DOOM
 .text.rewind_DOOM
                0x0000000008001330       0x14 ./Core/SoundFX/sound_fx.o
                0x0000000008001330                rewind_DOOM
 .text.DOOM_playing
                0x0000000008001344        0xc ./Core/SoundFX/sound_fx.o
                0x0000000008001344                DOOM_playing
 .text.update_button_status
                0x0000000008001350       0x84 ./Core/Src/buttons.o
                0x0000000008001350                update_button_status
 .text.clear_button_statuses
                0x00000000080013d4       0x24 ./Core/Src/buttons.o
                0x00000000080013d4                clear_button_statuses
 .text.set_button_channel
                0x00000000080013f8       0x38 ./Core/Src/buttons.o
                0x00000000080013f8                set_button_channel
 .text.get_button_state
                0x0000000008001430        0xc ./Core/Src/buttons.o
                0x0000000008001430                get_button_state
 .text.SystemClock_Config
                0x000000000800143c       0xb4 ./Core/Src/main.o
                0x000000000800143c                SystemClock_Config
 .text.PeriphCommonClock_Config
                0x00000000080014f0       0x48 ./Core/Src/main.o
                0x00000000080014f0                PeriphCommonClock_Config
 .text.Init_interfaces
                0x0000000008001538       0xe8 ./Core/Src/main.o
                0x0000000008001538                Init_interfaces
 .text.startup.main
                0x0000000008001620      0x4cc ./Core/Src/main.o
                0x0000000008001620                main
 .text.Error_Handler
                0x0000000008001aec        0x4 ./Core/Src/main.o
                0x0000000008001aec                Error_Handler
 .text.init_button_inputs
                0x0000000008001af0       0x50 ./Core/Src/r61529_screen_menu.o
                0x0000000008001af0                init_button_inputs
 .text.draw_loading_screen
                0x0000000008001b40       0x64 ./Core/Src/r61529_screen_menu.o
                0x0000000008001b40                draw_loading_screen
 .text.delete_main_menu
                0x0000000008001ba4       0x38 ./Core/Src/r61529_screen_menu.o
                0x0000000008001ba4                delete_main_menu
 .text.update_submenu_graphics
                0x0000000008001bdc       0x90 ./Core/Src/r61529_screen_menu.o
                0x0000000008001bdc                update_submenu_graphics
 .text.draw_submenu
                0x0000000008001c6c      0x138 ./Core/Src/r61529_screen_menu.o
                0x0000000008001c6c                draw_submenu
 .text.submenu  0x0000000008001da4       0xc4 ./Core/Src/r61529_screen_menu.o
                0x0000000008001da4                submenu
 .text.delete_submenu
                0x0000000008001e68       0x94 ./Core/Src/r61529_screen_menu.o
                0x0000000008001e68                delete_submenu
 .text.select_submenu
                0x0000000008001efc       0x40 ./Core/Src/r61529_screen_menu.o
                0x0000000008001efc                select_submenu
 .text.unselect_submenu
                0x0000000008001f3c       0x40 ./Core/Src/r61529_screen_menu.o
                0x0000000008001f3c                unselect_submenu
 .text.process_user_input
                0x0000000008001f7c      0x1d4 ./Core/Src/r61529_screen_menu.o
                0x0000000008001f7c                process_user_input
 .text.draw_main_menu
                0x0000000008002150       0x28 ./Core/Src/r61529_screen_menu.o
                0x0000000008002150                draw_main_menu
 .text.main_menu
                0x0000000008002178       0x1c ./Core/Src/r61529_screen_menu.o
                0x0000000008002178                main_menu
 .text.r61529_screen_menu
                0x0000000008002194       0x2c ./Core/Src/r61529_screen_menu.o
                0x0000000008002194                r61529_screen_menu
 .text.HAL_MspInit
                0x00000000080021c0       0x24 ./Core/Src/stm32h7xx_hal_msp.o
                0x00000000080021c0                HAL_MspInit
 .text.HAL_I2C_MspInit
                0x00000000080021e4      0x254 ./Core/Src/stm32h7xx_hal_msp.o
                0x00000000080021e4                HAL_I2C_MspInit
 .text.HAL_SPI_MspInit
                0x0000000008002438       0xe8 ./Core/Src/stm32h7xx_hal_msp.o
                0x0000000008002438                HAL_SPI_MspInit
 .text.HAL_TIM_Base_MspInit
                0x0000000008002520       0x48 ./Core/Src/stm32h7xx_hal_msp.o
                0x0000000008002520                HAL_TIM_Base_MspInit
 .text.HAL_TIM_Encoder_MspInit
                0x0000000008002568       0x6c ./Core/Src/stm32h7xx_hal_msp.o
                0x0000000008002568                HAL_TIM_Encoder_MspInit
 .text.HAL_TIM_PWM_MspInit
                0x00000000080025d4       0x6c ./Core/Src/stm32h7xx_hal_msp.o
                0x00000000080025d4                HAL_TIM_PWM_MspInit
 .text.HAL_TIM_MspPostInit
                0x0000000008002640       0x90 ./Core/Src/stm32h7xx_hal_msp.o
                0x0000000008002640                HAL_TIM_MspPostInit
 .text.HAL_UART_MspInit
                0x00000000080026d0       0xb8 ./Core/Src/stm32h7xx_hal_msp.o
                0x00000000080026d0                HAL_UART_MspInit
 .text.NMI_Handler
                0x0000000008002788        0x2 ./Core/Src/stm32h7xx_it.o
                0x0000000008002788                NMI_Handler
 .text.HardFault_Handler
                0x000000000800278a        0x2 ./Core/Src/stm32h7xx_it.o
                0x000000000800278a                HardFault_Handler
 .text.MemManage_Handler
                0x000000000800278c        0x2 ./Core/Src/stm32h7xx_it.o
                0x000000000800278c                MemManage_Handler
 .text.BusFault_Handler
                0x000000000800278e        0x2 ./Core/Src/stm32h7xx_it.o
                0x000000000800278e                BusFault_Handler
 .text.UsageFault_Handler
                0x0000000008002790        0x2 ./Core/Src/stm32h7xx_it.o
                0x0000000008002790                UsageFault_Handler
 .text.SVC_Handler
                0x0000000008002792        0x2 ./Core/Src/stm32h7xx_it.o
                0x0000000008002792                SVC_Handler
 .text.DebugMon_Handler
                0x0000000008002794        0x2 ./Core/Src/stm32h7xx_it.o
                0x0000000008002794                DebugMon_Handler
 .text.PendSV_Handler
                0x0000000008002796        0x2 ./Core/Src/stm32h7xx_it.o
                0x0000000008002796                PendSV_Handler
 .text.SysTick_Handler
                0x0000000008002798        0x4 ./Core/Src/stm32h7xx_it.o
                0x0000000008002798                SysTick_Handler
 .text.DMA1_Stream0_IRQHandler
                0x000000000800279c       0x40 ./Core/Src/stm32h7xx_it.o
                0x000000000800279c                DMA1_Stream0_IRQHandler
 .text.DMA1_Stream1_IRQHandler
                0x00000000080027dc       0x40 ./Core/Src/stm32h7xx_it.o
                0x00000000080027dc                DMA1_Stream1_IRQHandler
 .text.DMA1_Stream2_IRQHandler
                0x000000000800281c       0x20 ./Core/Src/stm32h7xx_it.o
                0x000000000800281c                DMA1_Stream2_IRQHandler
 .text.EXTI9_5_IRQHandler
                0x000000000800283c       0x1c ./Core/Src/stm32h7xx_it.o
                0x000000000800283c                EXTI9_5_IRQHandler
 .text.TIM1_UP_IRQHandler
                0x0000000008002858       0x14 ./Core/Src/stm32h7xx_it.o
                0x0000000008002858                TIM1_UP_IRQHandler
 .text.TIM4_IRQHandler
                0x000000000800286c       0x44 ./Core/Src/stm32h7xx_it.o
                0x000000000800286c                TIM4_IRQHandler
 .text.USART2_IRQHandler
                0x00000000080028b0        0xc ./Core/Src/stm32h7xx_it.o
                0x00000000080028b0                USART2_IRQHandler
 .text.I2C3_EV_IRQHandler
                0x00000000080028bc        0xc ./Core/Src/stm32h7xx_it.o
                0x00000000080028bc                I2C3_EV_IRQHandler
 .text.I2C3_ER_IRQHandler
                0x00000000080028c8        0xc ./Core/Src/stm32h7xx_it.o
                0x00000000080028c8                I2C3_ER_IRQHandler
 .text.turn_on_buzzer
                0x00000000080028d4       0x30 ./Core/Src/stm32h7xx_it.o
                0x00000000080028d4                turn_on_buzzer
 .text._sbrk    0x0000000008002904       0x40 ./Core/Src/sysmem.o
                0x0000000008002904                _sbrk
 .text.SystemInit
                0x0000000008002944       0xc0 ./Core/Src/system_stm32h7xx.o
                0x0000000008002944                SystemInit
 .text.delay_ms
                0x0000000008002a04       0x18 ./Core/Src/systick_timer.o
                0x0000000008002a04                delay_ms
 .text.reset_wait_ms_ch
                0x0000000008002a1c       0x14 ./Core/Src/systick_timer.o
                0x0000000008002a1c                reset_wait_ms_ch
 .text.wait_ms_ch
                0x0000000008002a30       0x4c ./Core/Src/systick_timer.o
                0x0000000008002a30                wait_ms_ch
 .text.Reset_Handler
                0x0000000008002a7c       0x50 ./Core/Startup/startup_stm32h750vbtx.o
                0x0000000008002a7c                Reset_Handler
 .text.Default_Handler
                0x0000000008002acc        0x2 ./Core/Startup/startup_stm32h750vbtx.o
                0x0000000008002acc                RTC_Alarm_IRQHandler
                0x0000000008002acc                HASH_RNG_IRQHandler
                0x0000000008002acc                EXTI2_IRQHandler
                0x0000000008002acc                TIM8_CC_IRQHandler
                0x0000000008002acc                HRTIM1_Master_IRQHandler
                0x0000000008002acc                UART8_IRQHandler
                0x0000000008002acc                SPI4_IRQHandler
                0x0000000008002acc                TIM1_CC_IRQHandler
                0x0000000008002acc                BDMA_Channel6_IRQHandler
                0x0000000008002acc                DMA2_Stream5_IRQHandler
                0x0000000008002acc                HRTIM1_FLT_IRQHandler
                0x0000000008002acc                JPEG_IRQHandler
                0x0000000008002acc                DMA1_Stream5_IRQHandler
                0x0000000008002acc                BDMA_Channel1_IRQHandler
                0x0000000008002acc                HRTIM1_TIMD_IRQHandler
                0x0000000008002acc                TAMP_STAMP_IRQHandler
                0x0000000008002acc                EXTI3_IRQHandler
                0x0000000008002acc                LPTIM4_IRQHandler
                0x0000000008002acc                TIM8_TRG_COM_TIM14_IRQHandler
                0x0000000008002acc                LPTIM2_IRQHandler
                0x0000000008002acc                DFSDM1_FLT1_IRQHandler
                0x0000000008002acc                DMAMUX2_OVR_IRQHandler
                0x0000000008002acc                TIM8_UP_TIM13_IRQHandler
                0x0000000008002acc                DFSDM1_FLT2_IRQHandler
                0x0000000008002acc                MDMA_IRQHandler
                0x0000000008002acc                LPTIM3_IRQHandler
                0x0000000008002acc                HSEM1_IRQHandler
                0x0000000008002acc                EXTI0_IRQHandler
                0x0000000008002acc                I2C2_EV_IRQHandler
                0x0000000008002acc                FPU_IRQHandler
                0x0000000008002acc                OTG_HS_WKUP_IRQHandler
                0x0000000008002acc                FDCAN1_IT1_IRQHandler
                0x0000000008002acc                LTDC_ER_IRQHandler
                0x0000000008002acc                DMA2_Stream2_IRQHandler
                0x0000000008002acc                HRTIM1_TIME_IRQHandler
                0x0000000008002acc                SPI1_IRQHandler
                0x0000000008002acc                TIM6_DAC_IRQHandler
                0x0000000008002acc                DCMI_IRQHandler
                0x0000000008002acc                HRTIM1_TIMC_IRQHandler
                0x0000000008002acc                DMA2_Stream3_IRQHandler
                0x0000000008002acc                SAI2_IRQHandler
                0x0000000008002acc                DFSDM1_FLT3_IRQHandler
                0x0000000008002acc                USART6_IRQHandler
                0x0000000008002acc                TIM17_IRQHandler
                0x0000000008002acc                USART3_IRQHandler
                0x0000000008002acc                BDMA_Channel7_IRQHandler
                0x0000000008002acc                CRYP_IRQHandler
                0x0000000008002acc                LPTIM5_IRQHandler
                0x0000000008002acc                UART5_IRQHandler
                0x0000000008002acc                ADC3_IRQHandler
                0x0000000008002acc                DMA2_Stream0_IRQHandler
                0x0000000008002acc                BDMA_Channel2_IRQHandler
                0x0000000008002acc                QUADSPI_IRQHandler
                0x0000000008002acc                I2C1_EV_IRQHandler
                0x0000000008002acc                DMA1_Stream6_IRQHandler
                0x0000000008002acc                DMAMUX1_OVR_IRQHandler
                0x0000000008002acc                TIM16_IRQHandler
                0x0000000008002acc                UART4_IRQHandler
                0x0000000008002acc                BDMA_Channel5_IRQHandler
                0x0000000008002acc                TIM3_IRQHandler
                0x0000000008002acc                RCC_IRQHandler
                0x0000000008002acc                TIM8_BRK_TIM12_IRQHandler
                0x0000000008002acc                TIM1_TRG_COM_IRQHandler
                0x0000000008002acc                Default_Handler
                0x0000000008002acc                ECC_IRQHandler
                0x0000000008002acc                CEC_IRQHandler
                0x0000000008002acc                EXTI15_10_IRQHandler
                0x0000000008002acc                BDMA_Channel0_IRQHandler
                0x0000000008002acc                ADC_IRQHandler
                0x0000000008002acc                DMA1_Stream7_IRQHandler
                0x0000000008002acc                HRTIM1_TIMA_IRQHandler
                0x0000000008002acc                SPI5_IRQHandler
                0x0000000008002acc                TIM7_IRQHandler
                0x0000000008002acc                SDMMC1_IRQHandler
                0x0000000008002acc                TIM5_IRQHandler
                0x0000000008002acc                DMA2_Stream7_IRQHandler
                0x0000000008002acc                TIM15_IRQHandler
                0x0000000008002acc                PVD_AVD_IRQHandler
                0x0000000008002acc                RTC_WKUP_IRQHandler
                0x0000000008002acc                LTDC_IRQHandler
                0x0000000008002acc                SAI3_IRQHandler
                0x0000000008002acc                ETH_WKUP_IRQHandler
                0x0000000008002acc                SPDIF_RX_IRQHandler
                0x0000000008002acc                SPI2_IRQHandler
                0x0000000008002acc                OTG_HS_EP1_IN_IRQHandler
                0x0000000008002acc                CRS_IRQHandler
                0x0000000008002acc                EXTI4_IRQHandler
                0x0000000008002acc                HRTIM1_TIMB_IRQHandler
                0x0000000008002acc                FDCAN2_IT1_IRQHandler
                0x0000000008002acc                ETH_IRQHandler
                0x0000000008002acc                BDMA_Channel4_IRQHandler
                0x0000000008002acc                OTG_HS_EP1_OUT_IRQHandler
                0x0000000008002acc                WWDG_IRQHandler
                0x0000000008002acc                SPI6_IRQHandler
                0x0000000008002acc                MDIOS_IRQHandler
                0x0000000008002acc                I2C4_EV_IRQHandler
                0x0000000008002acc                FDCAN2_IT0_IRQHandler
                0x0000000008002acc                LPUART1_IRQHandler
                0x0000000008002acc                FDCAN1_IT0_IRQHandler
                0x0000000008002acc                TIM2_IRQHandler
                0x0000000008002acc                OTG_FS_WKUP_IRQHandler
                0x0000000008002acc                OTG_HS_IRQHandler
                0x0000000008002acc                DMA2D_IRQHandler
                0x0000000008002acc                TIM1_BRK_IRQHandler
                0x0000000008002acc                EXTI1_IRQHandler
                0x0000000008002acc                SDMMC2_IRQHandler
                0x0000000008002acc                OTG_FS_EP1_OUT_IRQHandler
                0x0000000008002acc                BDMA_Channel3_IRQHandler
                0x0000000008002acc                UART7_IRQHandler
                0x0000000008002acc                MDIOS_WKUP_IRQHandler
                0x0000000008002acc                DFSDM1_FLT0_IRQHandler
                0x0000000008002acc                SAI4_IRQHandler
                0x0000000008002acc                I2C2_ER_IRQHandler
                0x0000000008002acc                DMA2_Stream1_IRQHandler
                0x0000000008002acc                FLASH_IRQHandler
                0x0000000008002acc                DMA2_Stream4_IRQHandler
                0x0000000008002acc                USART1_IRQHandler
                0x0000000008002acc                OTG_FS_IRQHandler
                0x0000000008002acc                SPI3_IRQHandler
                0x0000000008002acc                WAKEUP_PIN_IRQHandler
                0x0000000008002acc                DMA1_Stream4_IRQHandler
                0x0000000008002acc                OTG_FS_EP1_IN_IRQHandler
                0x0000000008002acc                I2C1_ER_IRQHandler
                0x0000000008002acc                FMC_IRQHandler
                0x0000000008002acc                FDCAN_CAL_IRQHandler
                0x0000000008002acc                SWPMI1_IRQHandler
                0x0000000008002acc                COMP1_IRQHandler
                0x0000000008002acc                LPTIM1_IRQHandler
                0x0000000008002acc                I2C4_ER_IRQHandler
                0x0000000008002acc                DMA2_Stream6_IRQHandler
                0x0000000008002acc                SAI1_IRQHandler
                0x0000000008002acc                DMA1_Stream3_IRQHandler
 *fill*         0x0000000008002ace        0x2 
 .text.HAL_InitTick
                0x0000000008002ad0       0x4c ./Drivers/STM32H7xx_HAL_Driver/Src/stm32h7xx_hal.o
                0x0000000008002ad0                HAL_InitTick
 .text.HAL_Init
                0x0000000008002b1c       0x5c ./Drivers/STM32H7xx_HAL_Driver/Src/stm32h7xx_hal.o
                0x0000000008002b1c                HAL_Init
 .text.HAL_IncTick
                0x0000000008002b78       0x18 ./Drivers/STM32H7xx_HAL_Driver/Src/stm32h7xx_hal.o
                0x0000000008002b78                HAL_IncTick
 .text.HAL_GetTick
                0x0000000008002b90        0xc ./Drivers/STM32H7xx_HAL_Driver/Src/stm32h7xx_hal.o
                0x0000000008002b90                HAL_GetTick
 .text.HAL_Delay
                0x0000000008002b9c       0x24 ./Drivers/STM32H7xx_HAL_Driver/Src/stm32h7xx_hal.o
                0x0000000008002b9c                HAL_Delay
 .text.HAL_GetREVID
                0x0000000008002bc0        0xc ./Drivers/STM32H7xx_HAL_Driver/Src/stm32h7xx_hal.o
                0x0000000008002bc0                HAL_GetREVID
 .text.HAL_NVIC_SetPriorityGrouping
                0x0000000008002bcc       0x24 ./Drivers/STM32H7xx_HAL_Driver/Src/stm32h7xx_hal_cortex.o
                0x0000000008002bcc                HAL_NVIC_SetPriorityGrouping
 .text.HAL_NVIC_SetPriority
                0x0000000008002bf0       0x64 ./Drivers/STM32H7xx_HAL_Driver/Src/stm32h7xx_hal_cortex.o
                0x0000000008002bf0                HAL_NVIC_SetPriority
 .text.HAL_NVIC_EnableIRQ
                0x0000000008002c54       0x1c ./Drivers/STM32H7xx_HAL_Driver/Src/stm32h7xx_hal_cortex.o
                0x0000000008002c54                HAL_NVIC_EnableIRQ
 .text.HAL_SYSTICK_Config
                0x0000000008002c70       0x28 ./Drivers/STM32H7xx_HAL_Driver/Src/stm32h7xx_hal_cortex.o
                0x0000000008002c70                HAL_SYSTICK_Config
 .text.DMA_SetConfig
                0x0000000008002c98      0x184 ./Drivers/STM32H7xx_HAL_Driver/Src/stm32h7xx_hal_dma.o
 .text.DMA_CalcBaseAndBitshift
                0x0000000008002e1c       0x98 ./Drivers/STM32H7xx_HAL_Driver/Src/stm32h7xx_hal_dma.o
 .text.DMA_CalcDMAMUXChannelBaseAndMask
                0x0000000008002eb4       0x98 ./Drivers/STM32H7xx_HAL_Driver/Src/stm32h7xx_hal_dma.o
 .text.DMA_CalcDMAMUXRequestGenBaseAndMask
                0x0000000008002f4c       0x70 ./Drivers/STM32H7xx_HAL_Driver/Src/stm32h7xx_hal_dma.o
 .text.HAL_DMA_Init
                0x0000000008002fbc      0x340 ./Drivers/STM32H7xx_HAL_Driver/Src/stm32h7xx_hal_dma.o
                0x0000000008002fbc                HAL_DMA_Init
 .text.HAL_DMA_Start_IT
                0x00000000080032fc      0x234 ./Drivers/STM32H7xx_HAL_Driver/Src/stm32h7xx_hal_dma.o
                0x00000000080032fc                HAL_DMA_Start_IT
 .text.HAL_DMA_Abort
                0x0000000008003530      0x34c ./Drivers/STM32H7xx_HAL_Driver/Src/stm32h7xx_hal_dma.o
                0x0000000008003530                HAL_DMA_Abort
 .text.HAL_DMA_Abort_IT
                0x000000000800387c      0x120 ./Drivers/STM32H7xx_HAL_Driver/Src/stm32h7xx_hal_dma.o
                0x000000000800387c                HAL_DMA_Abort_IT
 .text.HAL_DMA_IRQHandler
                0x000000000800399c      0x39c ./Drivers/STM32H7xx_HAL_Driver/Src/stm32h7xx_hal_dma.o
                0x000000000800399c                HAL_DMA_IRQHandler
 .text.HAL_DMA_GetState
                0x0000000008003d38        0x6 ./Drivers/STM32H7xx_HAL_Driver/Src/stm32h7xx_hal_dma.o
                0x0000000008003d38                HAL_DMA_GetState
 .text.HAL_DMA_GetError
                0x0000000008003d3e        0x4 ./Drivers/STM32H7xx_HAL_Driver/Src/stm32h7xx_hal_dma.o
                0x0000000008003d3e                HAL_DMA_GetError
 *fill*         0x0000000008003d42        0x2 
 .text.HAL_GPIO_Init
                0x0000000008003d44      0x1d4 ./Drivers/STM32H7xx_HAL_Driver/Src/stm32h7xx_hal_gpio.o
                0x0000000008003d44                HAL_GPIO_Init
 .text.HAL_GPIO_ReadPin
                0x0000000008003f18        0xc ./Drivers/STM32H7xx_HAL_Driver/Src/stm32h7xx_hal_gpio.o
                0x0000000008003f18                HAL_GPIO_ReadPin
 .text.HAL_GPIO_WritePin
                0x0000000008003f24        0xa ./Drivers/STM32H7xx_HAL_Driver/Src/stm32h7xx_hal_gpio.o
                0x0000000008003f24                HAL_GPIO_WritePin
 .text.HAL_GPIO_EXTI_Callback
                0x0000000008003f2e        0x2 ./Drivers/STM32H7xx_HAL_Driver/Src/stm32h7xx_hal_gpio.o
                0x0000000008003f2e                HAL_GPIO_EXTI_Callback
 .text.HAL_GPIO_EXTI_IRQHandler
                0x0000000008003f30       0x18 ./Drivers/STM32H7xx_HAL_Driver/Src/stm32h7xx_hal_gpio.o
                0x0000000008003f30                HAL_GPIO_EXTI_IRQHandler
 .text.I2C_Flush_TXDR
                0x0000000008003f48       0x1c ./Drivers/STM32H7xx_HAL_Driver/Src/stm32h7xx_hal_i2c.o
 .text.I2C_TransferConfig
                0x0000000008003f64       0x2c ./Drivers/STM32H7xx_HAL_Driver/Src/stm32h7xx_hal_i2c.o
 .text.I2C_Enable_IRQ
                0x0000000008003f90       0x74 ./Drivers/STM32H7xx_HAL_Driver/Src/stm32h7xx_hal_i2c.o
 .text.I2C_Disable_IRQ
                0x0000000008004004       0x42 ./Drivers/STM32H7xx_HAL_Driver/Src/stm32h7xx_hal_i2c.o
 .text.I2C_IsErrorOccurred
                0x0000000008004046      0x100 ./Drivers/STM32H7xx_HAL_Driver/Src/stm32h7xx_hal_i2c.o
 .text.I2C_WaitOnTXISFlagUntilTimeout
                0x0000000008004146       0x56 ./Drivers/STM32H7xx_HAL_Driver/Src/stm32h7xx_hal_i2c.o
 .text.I2C_WaitOnFlagUntilTimeout
                0x000000000800419c       0x66 ./Drivers/STM32H7xx_HAL_Driver/Src/stm32h7xx_hal_i2c.o
 .text.I2C_WaitOnSTOPFlagUntilTimeout
                0x0000000008004202       0x52 ./Drivers/STM32H7xx_HAL_Driver/Src/stm32h7xx_hal_i2c.o
 .text.I2C_WaitOnRXNEFlagUntilTimeout
                0x0000000008004254       0x94 ./Drivers/STM32H7xx_HAL_Driver/Src/stm32h7xx_hal_i2c.o
 .text.HAL_I2C_Init
                0x00000000080042e8       0xa2 ./Drivers/STM32H7xx_HAL_Driver/Src/stm32h7xx_hal_i2c.o
                0x00000000080042e8                HAL_I2C_Init
 *fill*         0x000000000800438a        0x2 
 .text.HAL_I2C_Master_Transmit
                0x000000000800438c      0x12c ./Drivers/STM32H7xx_HAL_Driver/Src/stm32h7xx_hal_i2c.o
                0x000000000800438c                HAL_I2C_Master_Transmit
 .text.HAL_I2C_Master_Receive
                0x00000000080044b8      0x130 ./Drivers/STM32H7xx_HAL_Driver/Src/stm32h7xx_hal_i2c.o
                0x00000000080044b8                HAL_I2C_Master_Receive
 .text.HAL_I2C_Master_Transmit_DMA
                0x00000000080045e8      0x12c ./Drivers/STM32H7xx_HAL_Driver/Src/stm32h7xx_hal_i2c.o
                0x00000000080045e8                HAL_I2C_Master_Transmit_DMA
 .text.HAL_I2C_Master_Receive_DMA
                0x0000000008004714      0x12c ./Drivers/STM32H7xx_HAL_Driver/Src/stm32h7xx_hal_i2c.o
                0x0000000008004714                HAL_I2C_Master_Receive_DMA
 .text.HAL_I2C_EV_IRQHandler
                0x0000000008004840        0xe ./Drivers/STM32H7xx_HAL_Driver/Src/stm32h7xx_hal_i2c.o
                0x0000000008004840                HAL_I2C_EV_IRQHandler
 .text.I2C_ITMasterSeqCplt
                0x000000000800484e       0x44 ./Drivers/STM32H7xx_HAL_Driver/Src/stm32h7xx_hal_i2c.o
 .text.HAL_I2C_SlaveTxCpltCallback
                0x0000000008004892        0x2 ./Drivers/STM32H7xx_HAL_Driver/Src/stm32h7xx_hal_i2c.o
                0x0000000008004892                HAL_I2C_SlaveTxCpltCallback
 .text.HAL_I2C_SlaveRxCpltCallback
                0x0000000008004894        0x2 ./Drivers/STM32H7xx_HAL_Driver/Src/stm32h7xx_hal_i2c.o
                0x0000000008004894                HAL_I2C_SlaveRxCpltCallback
 .text.I2C_ITSlaveSeqCplt
                0x0000000008004896       0x6c ./Drivers/STM32H7xx_HAL_Driver/Src/stm32h7xx_hal_i2c.o
 .text.HAL_I2C_AddrCallback
                0x0000000008004902        0x2 ./Drivers/STM32H7xx_HAL_Driver/Src/stm32h7xx_hal_i2c.o
                0x0000000008004902                HAL_I2C_AddrCallback
 .text.I2C_ITAddrCplt.constprop.0
                0x0000000008004904       0x88 ./Drivers/STM32H7xx_HAL_Driver/Src/stm32h7xx_hal_i2c.o
 .text.HAL_I2C_ListenCpltCallback
                0x000000000800498c        0x2 ./Drivers/STM32H7xx_HAL_Driver/Src/stm32h7xx_hal_i2c.o
                0x000000000800498c                HAL_I2C_ListenCpltCallback
 *fill*         0x000000000800498e        0x2 
 .text.I2C_ITListenCplt
                0x0000000008004990       0x60 ./Drivers/STM32H7xx_HAL_Driver/Src/stm32h7xx_hal_i2c.o
 .text.HAL_I2C_MemTxCpltCallback
                0x00000000080049f0        0x2 ./Drivers/STM32H7xx_HAL_Driver/Src/stm32h7xx_hal_i2c.o
                0x00000000080049f0                HAL_I2C_MemTxCpltCallback
 .text.HAL_I2C_MemRxCpltCallback
                0x00000000080049f2        0x2 ./Drivers/STM32H7xx_HAL_Driver/Src/stm32h7xx_hal_i2c.o
                0x00000000080049f2                HAL_I2C_MemRxCpltCallback
 .text.HAL_I2C_ErrorCallback
                0x00000000080049f4        0x2 ./Drivers/STM32H7xx_HAL_Driver/Src/stm32h7xx_hal_i2c.o
                0x00000000080049f4                HAL_I2C_ErrorCallback
 .text.HAL_I2C_AbortCpltCallback
                0x00000000080049f6        0x2 ./Drivers/STM32H7xx_HAL_Driver/Src/stm32h7xx_hal_i2c.o
                0x00000000080049f6                HAL_I2C_AbortCpltCallback
 .text.I2C_TreatErrorCallback
                0x00000000080049f8       0x2c ./Drivers/STM32H7xx_HAL_Driver/Src/stm32h7xx_hal_i2c.o
 .text.I2C_ITError
                0x0000000008004a24      0x108 ./Drivers/STM32H7xx_HAL_Driver/Src/stm32h7xx_hal_i2c.o
 .text.I2C_ITMasterCplt
                0x0000000008004b2c       0xee ./Drivers/STM32H7xx_HAL_Driver/Src/stm32h7xx_hal_i2c.o
 .text.I2C_Master_ISR_IT
                0x0000000008004c1a      0x122 ./Drivers/STM32H7xx_HAL_Driver/Src/stm32h7xx_hal_i2c.o
 .text.I2C_Master_ISR_DMA
                0x0000000008004d3c      0x104 ./Drivers/STM32H7xx_HAL_Driver/Src/stm32h7xx_hal_i2c.o
 .text.I2C_DMAError
                0x0000000008004e40       0xdc ./Drivers/STM32H7xx_HAL_Driver/Src/stm32h7xx_hal_i2c.o
 .text.I2C_DMAMasterTransmitCplt
                0x0000000008004f1c       0x54 ./Drivers/STM32H7xx_HAL_Driver/Src/stm32h7xx_hal_i2c.o
 .text.I2C_DMAMasterReceiveCplt
                0x0000000008004f70       0x54 ./Drivers/STM32H7xx_HAL_Driver/Src/stm32h7xx_hal_i2c.o
 .text.HAL_I2C_ER_IRQHandler
                0x0000000008004fc4       0x60 ./Drivers/STM32H7xx_HAL_Driver/Src/stm32h7xx_hal_i2c.o
                0x0000000008004fc4                HAL_I2C_ER_IRQHandler
 .text.I2C_ITSlaveCplt.constprop.0
                0x0000000008005024      0x174 ./Drivers/STM32H7xx_HAL_Driver/Src/stm32h7xx_hal_i2c.o
 .text.I2C_Slave_ISR_DMA
                0x0000000008005198      0x18c ./Drivers/STM32H7xx_HAL_Driver/Src/stm32h7xx_hal_i2c.o
 .text.I2C_Slave_ISR_IT
                0x0000000008005324      0x112 ./Drivers/STM32H7xx_HAL_Driver/Src/stm32h7xx_hal_i2c.o
 .text.I2C_DMAAbort
                0x0000000008005436       0x16 ./Drivers/STM32H7xx_HAL_Driver/Src/stm32h7xx_hal_i2c.o
 .text.HAL_I2CEx_ConfigAnalogFilter
                0x000000000800544c       0x4c ./Drivers/STM32H7xx_HAL_Driver/Src/stm32h7xx_hal_i2c_ex.o
                0x000000000800544c                HAL_I2CEx_ConfigAnalogFilter
 .text.HAL_I2CEx_ConfigDigitalFilter
                0x0000000008005498       0x4a ./Drivers/STM32H7xx_HAL_Driver/Src/stm32h7xx_hal_i2c_ex.o
                0x0000000008005498                HAL_I2CEx_ConfigDigitalFilter
 *fill*         0x00000000080054e2        0x2 
 .text.HAL_PWREx_ConfigSupply
                0x00000000080054e4       0x48 ./Drivers/STM32H7xx_HAL_Driver/Src/stm32h7xx_hal_pwr_ex.o
                0x00000000080054e4                HAL_PWREx_ConfigSupply
 .text.HAL_RCC_OscConfig
                0x000000000800552c      0x558 ./Drivers/STM32H7xx_HAL_Driver/Src/stm32h7xx_hal_rcc.o
                0x000000000800552c                HAL_RCC_OscConfig
 .text.HAL_RCC_GetSysClockFreq
                0x0000000008005a84      0x144 ./Drivers/STM32H7xx_HAL_Driver/Src/stm32h7xx_hal_rcc.o
                0x0000000008005a84                HAL_RCC_GetSysClockFreq
 .text.HAL_RCC_ClockConfig
                0x0000000008005bc8      0x24c ./Drivers/STM32H7xx_HAL_Driver/Src/stm32h7xx_hal_rcc.o
                0x0000000008005bc8                HAL_RCC_ClockConfig
 .text.HAL_RCC_GetHCLKFreq
                0x0000000008005e14       0x44 ./Drivers/STM32H7xx_HAL_Driver/Src/stm32h7xx_hal_rcc.o
                0x0000000008005e14                HAL_RCC_GetHCLKFreq
 .text.HAL_RCC_GetPCLK1Freq
                0x0000000008005e58       0x24 ./Drivers/STM32H7xx_HAL_Driver/Src/stm32h7xx_hal_rcc.o
                0x0000000008005e58                HAL_RCC_GetPCLK1Freq
 .text.HAL_RCC_GetPCLK2Freq
                0x0000000008005e7c       0x24 ./Drivers/STM32H7xx_HAL_Driver/Src/stm32h7xx_hal_rcc.o
                0x0000000008005e7c                HAL_RCC_GetPCLK2Freq
 .text.RCCEx_PLL2_Config
                0x0000000008005ea0       0xf0 ./Drivers/STM32H7xx_HAL_Driver/Src/stm32h7xx_hal_rcc_ex.o
 .text.RCCEx_PLL3_Config
                0x0000000008005f90       0xf0 ./Drivers/STM32H7xx_HAL_Driver/Src/stm32h7xx_hal_rcc_ex.o
 .text.HAL_RCCEx_PeriphCLKConfig
                0x0000000008006080      0xa28 ./Drivers/STM32H7xx_HAL_Driver/Src/stm32h7xx_hal_rcc_ex.o
                0x0000000008006080                HAL_RCCEx_PeriphCLKConfig
 .text.HAL_RCCEx_GetD3PCLK1Freq
                0x0000000008006aa8       0x24 ./Drivers/STM32H7xx_HAL_Driver/Src/stm32h7xx_hal_rcc_ex.o
                0x0000000008006aa8                HAL_RCCEx_GetD3PCLK1Freq
 .text.HAL_RCCEx_GetPLL2ClockFreq
                0x0000000008006acc      0x154 ./Drivers/STM32H7xx_HAL_Driver/Src/stm32h7xx_hal_rcc_ex.o
                0x0000000008006acc                HAL_RCCEx_GetPLL2ClockFreq
 .text.HAL_RCCEx_GetPLL3ClockFreq
                0x0000000008006c20      0x154 ./Drivers/STM32H7xx_HAL_Driver/Src/stm32h7xx_hal_rcc_ex.o
                0x0000000008006c20                HAL_RCCEx_GetPLL3ClockFreq
 .text.HAL_SPI_Init
                0x0000000008006d74      0x148 ./Drivers/STM32H7xx_HAL_Driver/Src/stm32h7xx_hal_spi.o
                0x0000000008006d74                HAL_SPI_Init
 .text.TIM_OC1_SetConfig
                0x0000000008006ebc       0x98 ./Drivers/STM32H7xx_HAL_Driver/Src/stm32h7xx_hal_tim.o
 .text.TIM_OC3_SetConfig
                0x0000000008006f54       0x88 ./Drivers/STM32H7xx_HAL_Driver/Src/stm32h7xx_hal_tim.o
 .text.TIM_OC4_SetConfig
                0x0000000008006fdc       0x68 ./Drivers/STM32H7xx_HAL_Driver/Src/stm32h7xx_hal_tim.o
 .text.TIM_OC5_SetConfig
                0x0000000008007044       0x68 ./Drivers/STM32H7xx_HAL_Driver/Src/stm32h7xx_hal_tim.o
 .text.TIM_OC6_SetConfig
                0x00000000080070ac       0x68 ./Drivers/STM32H7xx_HAL_Driver/Src/stm32h7xx_hal_tim.o
 .text.HAL_TIM_Base_Start_IT
                0x0000000008007114       0x7c ./Drivers/STM32H7xx_HAL_Driver/Src/stm32h7xx_hal_tim.o
                0x0000000008007114                HAL_TIM_Base_Start_IT
 .text.HAL_TIM_Encoder_Start
                0x0000000008007190       0xb2 ./Drivers/STM32H7xx_HAL_Driver/Src/stm32h7xx_hal_tim.o
                0x0000000008007190                HAL_TIM_Encoder_Start
 .text.HAL_TIM_PeriodElapsedCallback
                0x0000000008007242        0x2 ./Drivers/STM32H7xx_HAL_Driver/Src/stm32h7xx_hal_tim.o
                0x0000000008007242                HAL_TIM_PeriodElapsedCallback
 .text.HAL_TIM_OC_DelayElapsedCallback
                0x0000000008007244        0x2 ./Drivers/STM32H7xx_HAL_Driver/Src/stm32h7xx_hal_tim.o
                0x0000000008007244                HAL_TIM_OC_DelayElapsedCallback
 .text.HAL_TIM_IC_CaptureCallback
                0x0000000008007246        0x2 ./Drivers/STM32H7xx_HAL_Driver/Src/stm32h7xx_hal_tim.o
                0x0000000008007246                HAL_TIM_IC_CaptureCallback
 .text.HAL_TIM_PWM_PulseFinishedCallback
                0x0000000008007248        0x2 ./Drivers/STM32H7xx_HAL_Driver/Src/stm32h7xx_hal_tim.o
                0x0000000008007248                HAL_TIM_PWM_PulseFinishedCallback
 .text.HAL_TIM_TriggerCallback
                0x000000000800724a        0x2 ./Drivers/STM32H7xx_HAL_Driver/Src/stm32h7xx_hal_tim.o
                0x000000000800724a                HAL_TIM_TriggerCallback
 .text.HAL_TIM_IRQHandler
                0x000000000800724c      0x160 ./Drivers/STM32H7xx_HAL_Driver/Src/stm32h7xx_hal_tim.o
                0x000000000800724c                HAL_TIM_IRQHandler
 .text.TIM_Base_SetConfig
                0x00000000080073ac       0xcc ./Drivers/STM32H7xx_HAL_Driver/Src/stm32h7xx_hal_tim.o
                0x00000000080073ac                TIM_Base_SetConfig
 .text.HAL_TIM_Base_Init
                0x0000000008007478       0x60 ./Drivers/STM32H7xx_HAL_Driver/Src/stm32h7xx_hal_tim.o
                0x0000000008007478                HAL_TIM_Base_Init
 .text.HAL_TIM_PWM_Init
                0x00000000080074d8       0x60 ./Drivers/STM32H7xx_HAL_Driver/Src/stm32h7xx_hal_tim.o
                0x00000000080074d8                HAL_TIM_PWM_Init
 .text.HAL_TIM_Encoder_Init
                0x0000000008007538       0xa8 ./Drivers/STM32H7xx_HAL_Driver/Src/stm32h7xx_hal_tim.o
                0x0000000008007538                HAL_TIM_Encoder_Init
 .text.TIM_OC2_SetConfig
                0x00000000080075e0       0x8c ./Drivers/STM32H7xx_HAL_Driver/Src/stm32h7xx_hal_tim.o
                0x00000000080075e0                TIM_OC2_SetConfig
 .text.HAL_TIM_PWM_ConfigChannel
                0x000000000800766c       0xfa ./Drivers/STM32H7xx_HAL_Driver/Src/stm32h7xx_hal_tim.o
                0x000000000800766c                HAL_TIM_PWM_ConfigChannel
 .text.TIM_ETR_SetConfig
                0x0000000008007766       0x14 ./Drivers/STM32H7xx_HAL_Driver/Src/stm32h7xx_hal_tim.o
                0x0000000008007766                TIM_ETR_SetConfig
 *fill*         0x000000000800777a        0x2 
 .text.HAL_TIM_ConfigClockSource
                0x000000000800777c      0x178 ./Drivers/STM32H7xx_HAL_Driver/Src/stm32h7xx_hal_tim.o
                0x000000000800777c                HAL_TIM_ConfigClockSource
 .text.TIM_CCxChannelCmd
                0x00000000080078f4       0x1c ./Drivers/STM32H7xx_HAL_Driver/Src/stm32h7xx_hal_tim.o
                0x00000000080078f4                TIM_CCxChannelCmd
 .text.HAL_TIM_OC_Start
                0x0000000008007910      0x128 ./Drivers/STM32H7xx_HAL_Driver/Src/stm32h7xx_hal_tim.o
                0x0000000008007910                HAL_TIM_OC_Start
 .text.HAL_TIM_PWM_Start
                0x0000000008007a38        0x4 ./Drivers/STM32H7xx_HAL_Driver/Src/stm32h7xx_hal_tim.o
                0x0000000008007a38                HAL_TIM_PWM_Start
 .text.HAL_TIM_OC_Start_IT
                0x0000000008007a3c      0x150 ./Drivers/STM32H7xx_HAL_Driver/Src/stm32h7xx_hal_tim.o
                0x0000000008007a3c                HAL_TIM_OC_Start_IT
 .text.HAL_TIM_PWM_Start_IT
                0x0000000008007b8c        0x4 ./Drivers/STM32H7xx_HAL_Driver/Src/stm32h7xx_hal_tim.o
                0x0000000008007b8c                HAL_TIM_PWM_Start_IT
 .text.HAL_TIM_OC_Stop_IT
                0x0000000008007b90       0xd4 ./Drivers/STM32H7xx_HAL_Driver/Src/stm32h7xx_hal_tim.o
                0x0000000008007b90                HAL_TIM_OC_Stop_IT
 .text.HAL_TIM_PWM_Stop_IT
                0x0000000008007c64        0x4 ./Drivers/STM32H7xx_HAL_Driver/Src/stm32h7xx_hal_tim.o
                0x0000000008007c64                HAL_TIM_PWM_Stop_IT
 .text.HAL_TIMEx_MasterConfigSynchronization
                0x0000000008007c68       0x98 ./Drivers/STM32H7xx_HAL_Driver/Src/stm32h7xx_hal_tim_ex.o
                0x0000000008007c68                HAL_TIMEx_MasterConfigSynchronization
 .text.HAL_TIMEx_CommutCallback
                0x0000000008007d00        0x2 ./Drivers/STM32H7xx_HAL_Driver/Src/stm32h7xx_hal_tim_ex.o
                0x0000000008007d00                HAL_TIMEx_CommutCallback
 .text.HAL_TIMEx_BreakCallback
                0x0000000008007d02        0x2 ./Drivers/STM32H7xx_HAL_Driver/Src/stm32h7xx_hal_tim_ex.o
                0x0000000008007d02                HAL_TIMEx_BreakCallback
 .text.HAL_TIMEx_Break2Callback
                0x0000000008007d04        0x2 ./Drivers/STM32H7xx_HAL_Driver/Src/stm32h7xx_hal_tim_ex.o
                0x0000000008007d04                HAL_TIMEx_Break2Callback
 *fill*         0x0000000008007d06        0x2 
 .text.UART_EndRxTransfer
                0x0000000008007d08       0x58 ./Drivers/STM32H7xx_HAL_Driver/Src/stm32h7xx_hal_uart.o
 .text.HAL_UART_TxCpltCallback
                0x0000000008007d60        0x2 ./Drivers/STM32H7xx_HAL_Driver/Src/stm32h7xx_hal_uart.o
                0x0000000008007d60                HAL_UART_TxCpltCallback
 .text.HAL_UART_ErrorCallback
                0x0000000008007d62        0x2 ./Drivers/STM32H7xx_HAL_Driver/Src/stm32h7xx_hal_uart.o
                0x0000000008007d62                HAL_UART_ErrorCallback
 .text.UART_DMAAbortOnError
                0x0000000008007d64       0x14 ./Drivers/STM32H7xx_HAL_Driver/Src/stm32h7xx_hal_uart.o
 .text.HAL_UARTEx_RxEventCallback
                0x0000000008007d78        0x2 ./Drivers/STM32H7xx_HAL_Driver/Src/stm32h7xx_hal_uart.o
                0x0000000008007d78                HAL_UARTEx_RxEventCallback
 *fill*         0x0000000008007d7a        0x2 
 .text.HAL_UART_IRQHandler
                0x0000000008007d7c      0x348 ./Drivers/STM32H7xx_HAL_Driver/Src/stm32h7xx_hal_uart.o
                0x0000000008007d7c                HAL_UART_IRQHandler
 .text.UART_SetConfig
                0x00000000080080c4      0x38c ./Drivers/STM32H7xx_HAL_Driver/Src/stm32h7xx_hal_uart.o
                0x00000000080080c4                UART_SetConfig
 .text.UART_AdvFeatureConfig
                0x0000000008008450       0xaa ./Drivers/STM32H7xx_HAL_Driver/Src/stm32h7xx_hal_uart.o
                0x0000000008008450                UART_AdvFeatureConfig
 .text.UART_WaitOnFlagUntilTimeout
                0x00000000080084fa       0x88 ./Drivers/STM32H7xx_HAL_Driver/Src/stm32h7xx_hal_uart.o
                0x00000000080084fa                UART_WaitOnFlagUntilTimeout
 .text.UART_CheckIdleState
                0x0000000008008582       0xb8 ./Drivers/STM32H7xx_HAL_Driver/Src/stm32h7xx_hal_uart.o
                0x0000000008008582                UART_CheckIdleState
 .text.HAL_UART_Init
                0x000000000800863a       0x60 ./Drivers/STM32H7xx_HAL_Driver/Src/stm32h7xx_hal_uart.o
                0x000000000800863a                HAL_UART_Init
 *fill*         0x000000000800869a        0x2 
 .text.UARTEx_SetNbDataToProcess
                0x000000000800869c       0x44 ./Drivers/STM32H7xx_HAL_Driver/Src/stm32h7xx_hal_uart_ex.o
 .text.HAL_UARTEx_WakeupCallback
                0x00000000080086e0        0x2 ./Drivers/STM32H7xx_HAL_Driver/Src/stm32h7xx_hal_uart_ex.o
                0x00000000080086e0                HAL_UARTEx_WakeupCallback
 .text.HAL_UARTEx_RxFifoFullCallback
                0x00000000080086e2        0x2 ./Drivers/STM32H7xx_HAL_Driver/Src/stm32h7xx_hal_uart_ex.o
                0x00000000080086e2                HAL_UARTEx_RxFifoFullCallback
 .text.HAL_UARTEx_TxFifoEmptyCallback
                0x00000000080086e4        0x2 ./Drivers/STM32H7xx_HAL_Driver/Src/stm32h7xx_hal_uart_ex.o
                0x00000000080086e4                HAL_UARTEx_TxFifoEmptyCallback
 .text.HAL_UARTEx_DisableFifoMode
                0x00000000080086e6       0x36 ./Drivers/STM32H7xx_HAL_Driver/Src/stm32h7xx_hal_uart_ex.o
                0x00000000080086e6                HAL_UARTEx_DisableFifoMode
 .text.HAL_UARTEx_SetTxFifoThreshold
                0x000000000800871c       0x40 ./Drivers/STM32H7xx_HAL_Driver/Src/stm32h7xx_hal_uart_ex.o
                0x000000000800871c                HAL_UARTEx_SetTxFifoThreshold
 .text.HAL_UARTEx_SetRxFifoThreshold
                0x000000000800875c       0x40 ./Drivers/STM32H7xx_HAL_Driver/Src/stm32h7xx_hal_uart_ex.o
                0x000000000800875c                HAL_UARTEx_SetRxFifoThreshold
 .text.sprintf  0x000000000800879c       0x40 C:/ST/STM32CubeIDE_1.13.0/STM32CubeIDE/plugins/com.st.stm32cube.ide.mcu.externaltools.gnu-tools-for-stm32.11.3.rel1.win32_1.1.0.202305231506/tools/bin/../lib/gcc/arm-none-eabi/11.3.1/../../../../arm-none-eabi/lib/thumb/v7e-m+dp/hard\libc_nano.a(libc_a-sprintf.o)
                0x000000000800879c                siprintf
                0x000000000800879c                sprintf
 .text.memset   0x00000000080087dc       0x10 C:/ST/STM32CubeIDE_1.13.0/STM32CubeIDE/plugins/com.st.stm32cube.ide.mcu.externaltools.gnu-tools-for-stm32.11.3.rel1.win32_1.1.0.202305231506/tools/bin/../lib/gcc/arm-none-eabi/11.3.1/../../../../arm-none-eabi/lib/thumb/v7e-m+dp/hard\libc_nano.a(libc_a-memset.o)
                0x00000000080087dc                memset
 .text.__errno  0x00000000080087ec        0xc C:/ST/STM32CubeIDE_1.13.0/STM32CubeIDE/plugins/com.st.stm32cube.ide.mcu.externaltools.gnu-tools-for-stm32.11.3.rel1.win32_1.1.0.202305231506/tools/bin/../lib/gcc/arm-none-eabi/11.3.1/../../../../arm-none-eabi/lib/thumb/v7e-m+dp/hard\libc_nano.a(libc_a-errno.o)
                0x00000000080087ec                __errno
 .text.__libc_init_array
                0x00000000080087f8       0x48 C:/ST/STM32CubeIDE_1.13.0/STM32CubeIDE/plugins/com.st.stm32cube.ide.mcu.externaltools.gnu-tools-for-stm32.11.3.rel1.win32_1.1.0.202305231506/tools/bin/../lib/gcc/arm-none-eabi/11.3.1/../../../../arm-none-eabi/lib/thumb/v7e-m+dp/hard\libc_nano.a(libc_a-init.o)
                0x00000000080087f8                __libc_init_array
 .text.__retarget_lock_acquire_recursive
                0x0000000008008840        0x2 C:/ST/STM32CubeIDE_1.13.0/STM32CubeIDE/plugins/com.st.stm32cube.ide.mcu.externaltools.gnu-tools-for-stm32.11.3.rel1.win32_1.1.0.202305231506/tools/bin/../lib/gcc/arm-none-eabi/11.3.1/../../../../arm-none-eabi/lib/thumb/v7e-m+dp/hard\libc_nano.a(libc_a-lock.o)
                0x0000000008008840                __retarget_lock_acquire_recursive
 .text.__retarget_lock_release_recursive
                0x0000000008008842        0x2 C:/ST/STM32CubeIDE_1.13.0/STM32CubeIDE/plugins/com.st.stm32cube.ide.mcu.externaltools.gnu-tools-for-stm32.11.3.rel1.win32_1.1.0.202305231506/tools/bin/../lib/gcc/arm-none-eabi/11.3.1/../../../../arm-none-eabi/lib/thumb/v7e-m+dp/hard\libc_nano.a(libc_a-lock.o)
                0x0000000008008842                __retarget_lock_release_recursive
 .text._free_r  0x0000000008008844       0x98 C:/ST/STM32CubeIDE_1.13.0/STM32CubeIDE/plugins/com.st.stm32cube.ide.mcu.externaltools.gnu-tools-for-stm32.11.3.rel1.win32_1.1.0.202305231506/tools/bin/../lib/gcc/arm-none-eabi/11.3.1/../../../../arm-none-eabi/lib/thumb/v7e-m+dp/hard\libc_nano.a(libc_a-freer.o)
                0x0000000008008844                _free_r
 .text.sbrk_aligned
                0x00000000080088dc       0x40 C:/ST/STM32CubeIDE_1.13.0/STM32CubeIDE/plugins/com.st.stm32cube.ide.mcu.externaltools.gnu-tools-for-stm32.11.3.rel1.win32_1.1.0.202305231506/tools/bin/../lib/gcc/arm-none-eabi/11.3.1/../../../../arm-none-eabi/lib/thumb/v7e-m+dp/hard\libc_nano.a(libc_a-mallocr.o)
 .text._malloc_r
                0x000000000800891c      0x100 C:/ST/STM32CubeIDE_1.13.0/STM32CubeIDE/plugins/com.st.stm32cube.ide.mcu.externaltools.gnu-tools-for-stm32.11.3.rel1.win32_1.1.0.202305231506/tools/bin/../lib/gcc/arm-none-eabi/11.3.1/../../../../arm-none-eabi/lib/thumb/v7e-m+dp/hard\libc_nano.a(libc_a-mallocr.o)
                0x000000000800891c                _malloc_r
 .text.__malloc_lock
                0x0000000008008a1c        0xc C:/ST/STM32CubeIDE_1.13.0/STM32CubeIDE/plugins/com.st.stm32cube.ide.mcu.externaltools.gnu-tools-for-stm32.11.3.rel1.win32_1.1.0.202305231506/tools/bin/../lib/gcc/arm-none-eabi/11.3.1/../../../../arm-none-eabi/lib/thumb/v7e-m+dp/hard\libc_nano.a(libc_a-mlock.o)
                0x0000000008008a1c                __malloc_lock
 .text.__malloc_unlock
                0x0000000008008a28        0xc C:/ST/STM32CubeIDE_1.13.0/STM32CubeIDE/plugins/com.st.stm32cube.ide.mcu.externaltools.gnu-tools-for-stm32.11.3.rel1.win32_1.1.0.202305231506/tools/bin/../lib/gcc/arm-none-eabi/11.3.1/../../../../arm-none-eabi/lib/thumb/v7e-m+dp/hard\libc_nano.a(libc_a-mlock.o)
                0x0000000008008a28                __malloc_unlock
 .text.__ssputs_r
                0x0000000008008a34       0xb4 C:/ST/STM32CubeIDE_1.13.0/STM32CubeIDE/plugins/com.st.stm32cube.ide.mcu.externaltools.gnu-tools-for-stm32.11.3.rel1.win32_1.1.0.202305231506/tools/bin/../lib/gcc/arm-none-eabi/11.3.1/../../../../arm-none-eabi/lib/thumb/v7e-m+dp/hard\libc_nano.a(libc_a-nano-svfprintf.o)
                0x0000000008008a34                __ssputs_r
 .text._svfprintf_r
                0x0000000008008ae8      0x1fc C:/ST/STM32CubeIDE_1.13.0/STM32CubeIDE/plugins/com.st.stm32cube.ide.mcu.externaltools.gnu-tools-for-stm32.11.3.rel1.win32_1.1.0.202305231506/tools/bin/../lib/gcc/arm-none-eabi/11.3.1/../../../../arm-none-eabi/lib/thumb/v7e-m+dp/hard\libc_nano.a(libc_a-nano-svfprintf.o)
                0x0000000008008ae8                _svfiprintf_r
                0x0000000008008ae8                _svfprintf_r
 .text._printf_common
                0x0000000008008ce4       0xda C:/ST/STM32CubeIDE_1.13.0/STM32CubeIDE/plugins/com.st.stm32cube.ide.mcu.externaltools.gnu-tools-for-stm32.11.3.rel1.win32_1.1.0.202305231506/tools/bin/../lib/gcc/arm-none-eabi/11.3.1/../../../../arm-none-eabi/lib/thumb/v7e-m+dp/hard\libc_nano.a(libc_a-nano-vfprintf_i.o)
                0x0000000008008ce4                _printf_common
 *fill*         0x0000000008008dbe        0x2 
 .text._printf_i
                0x0000000008008dc0      0x244 C:/ST/STM32CubeIDE_1.13.0/STM32CubeIDE/plugins/com.st.stm32cube.ide.mcu.externaltools.gnu-tools-for-stm32.11.3.rel1.win32_1.1.0.202305231506/tools/bin/../lib/gcc/arm-none-eabi/11.3.1/../../../../arm-none-eabi/lib/thumb/v7e-m+dp/hard\libc_nano.a(libc_a-nano-vfprintf_i.o)
                0x0000000008008dc0                _printf_i
 .text.memmove  0x0000000008009004       0x34 C:/ST/STM32CubeIDE_1.13.0/STM32CubeIDE/plugins/com.st.stm32cube.ide.mcu.externaltools.gnu-tools-for-stm32.11.3.rel1.win32_1.1.0.202305231506/tools/bin/../lib/gcc/arm-none-eabi/11.3.1/../../../../arm-none-eabi/lib/thumb/v7e-m+dp/hard\libc_nano.a(libc_a-memmove.o)
                0x0000000008009004                memmove
 .text._sbrk_r  0x0000000008009038       0x20 C:/ST/STM32CubeIDE_1.13.0/STM32CubeIDE/plugins/com.st.stm32cube.ide.mcu.externaltools.gnu-tools-for-stm32.11.3.rel1.win32_1.1.0.202305231506/tools/bin/../lib/gcc/arm-none-eabi/11.3.1/../../../../arm-none-eabi/lib/thumb/v7e-m+dp/hard\libc_nano.a(libc_a-sbrkr.o)
                0x0000000008009038                _sbrk_r
 .text.memcpy   0x0000000008009058       0x1c C:/ST/STM32CubeIDE_1.13.0/STM32CubeIDE/plugins/com.st.stm32cube.ide.mcu.externaltools.gnu-tools-for-stm32.11.3.rel1.win32_1.1.0.202305231506/tools/bin/../lib/gcc/arm-none-eabi/11.3.1/../../../../arm-none-eabi/lib/thumb/v7e-m+dp/hard\libc_nano.a(libc_a-memcpy-stub.o)
                0x0000000008009058                memcpy
 .text._realloc_r
                0x0000000008009074       0x5e C:/ST/STM32CubeIDE_1.13.0/STM32CubeIDE/plugins/com.st.stm32cube.ide.mcu.externaltools.gnu-tools-for-stm32.11.3.rel1.win32_1.1.0.202305231506/tools/bin/../lib/gcc/arm-none-eabi/11.3.1/../../../../arm-none-eabi/lib/thumb/v7e-m+dp/hard\libc_nano.a(libc_a-reallocr.o)
                0x0000000008009074                _realloc_r
 .text._malloc_usable_size_r
                0x00000000080090d2       0x10 C:/ST/STM32CubeIDE_1.13.0/STM32CubeIDE/plugins/com.st.stm32cube.ide.mcu.externaltools.gnu-tools-for-stm32.11.3.rel1.win32_1.1.0.202305231506/tools/bin/../lib/gcc/arm-none-eabi/11.3.1/../../../../arm-none-eabi/lib/thumb/v7e-m+dp/hard\libc_nano.a(libc_a-msizer.o)
                0x00000000080090d2                _malloc_usable_size_r
 *(.glue_7)
 .glue_7        0x00000000080090e2        0x0 linker stubs
 *(.glue_7t)
 .glue_7t       0x00000000080090e2        0x0 linker stubs
 *(.eh_frame)
 *fill*         0x00000000080090e2        0x2 
 .eh_frame      0x00000000080090e4        0x0 C:/ST/STM32CubeIDE_1.13.0/STM32CubeIDE/plugins/com.st.stm32cube.ide.mcu.externaltools.gnu-tools-for-stm32.11.3.rel1.win32_1.1.0.202305231506/tools/bin/../lib/gcc/arm-none-eabi/11.3.1/thumb/v7e-m+dp/hard/crtbegin.o
 *(.init)
 .init          0x00000000080090e4        0x4 C:/ST/STM32CubeIDE_1.13.0/STM32CubeIDE/plugins/com.st.stm32cube.ide.mcu.externaltools.gnu-tools-for-stm32.11.3.rel1.win32_1.1.0.202305231506/tools/bin/../lib/gcc/arm-none-eabi/11.3.1/thumb/v7e-m+dp/hard/crti.o
                0x00000000080090e4                _init
 .init          0x00000000080090e8        0x8 C:/ST/STM32CubeIDE_1.13.0/STM32CubeIDE/plugins/com.st.stm32cube.ide.mcu.externaltools.gnu-tools-for-stm32.11.3.rel1.win32_1.1.0.202305231506/tools/bin/../lib/gcc/arm-none-eabi/11.3.1/thumb/v7e-m+dp/hard/crtn.o
 *(.fini)
 .fini          0x00000000080090f0        0x4 C:/ST/STM32CubeIDE_1.13.0/STM32CubeIDE/plugins/com.st.stm32cube.ide.mcu.externaltools.gnu-tools-for-stm32.11.3.rel1.win32_1.1.0.202305231506/tools/bin/../lib/gcc/arm-none-eabi/11.3.1/thumb/v7e-m+dp/hard/crti.o
                0x00000000080090f0                _fini
 .fini          0x00000000080090f4        0x8 C:/ST/STM32CubeIDE_1.13.0/STM32CubeIDE/plugins/com.st.stm32cube.ide.mcu.externaltools.gnu-tools-for-stm32.11.3.rel1.win32_1.1.0.202305231506/tools/bin/../lib/gcc/arm-none-eabi/11.3.1/thumb/v7e-m+dp/hard/crtn.o
                0x00000000080090fc                . = ALIGN (0x4)
                0x00000000080090fc                _etext = .

.vfp11_veneer   0x00000000080090fc        0x0
 .vfp11_veneer  0x00000000080090fc        0x0 linker stubs

.v4_bx          0x00000000080090fc        0x0
 .v4_bx         0x00000000080090fc        0x0 linker stubs

.iplt           0x00000000080090fc        0x0
 .iplt          0x00000000080090fc        0x0 C:/ST/STM32CubeIDE_1.13.0/STM32CubeIDE/plugins/com.st.stm32cube.ide.mcu.externaltools.gnu-tools-for-stm32.11.3.rel1.win32_1.1.0.202305231506/tools/bin/../lib/gcc/arm-none-eabi/11.3.1/thumb/v7e-m+dp/hard/crtbegin.o

.rodata         0x00000000080090fc     0x2a00
                0x00000000080090fc                . = ALIGN (0x4)
 *(.rodata)
 *(.rodata*)
 .rodata.Font16x26
                0x00000000080090fc     0x134c ./Core/R61529/fonts.o
 .rodata.melody
                0x000000000800a448     0x1540 ./Core/SoundFX/sound_fx.o
                0x000000000800a448                melody
 .rodata.draw_loading_screen.str1.1
                0x000000000800b988        0xa ./Core/Src/r61529_screen_menu.o
 .rodata.update_submenu_graphics.str1.1
                0x000000000800b992        0x6 ./Core/Src/r61529_screen_menu.o
 .rodata.draw_submenu.str1.1
                0x000000000800b998       0x5e ./Core/Src/r61529_screen_menu.o
 .rodata.str1.1
                0x000000000800b9f6       0x49 ./Core/Src/r61529_screen_menu.o
 *fill*         0x000000000800ba3f        0x1 
 .rodata.main_menu_options
                0x000000000800ba40       0x10 ./Core/Src/r61529_screen_menu.o
 .rodata.D1CorePrescTable
                0x000000000800ba50       0x10 ./Core/Src/system_stm32h7xx.o
                0x000000000800ba50                D1CorePrescTable
 .rodata.flagBitshiftOffset.0
                0x000000000800ba60        0x8 ./Drivers/STM32H7xx_HAL_Driver/Src/stm32h7xx_hal_dma.o
 .rodata.CSWTCH.61
                0x000000000800ba68       0x29 ./Drivers/STM32H7xx_HAL_Driver/Src/stm32h7xx_hal_uart.o
 .rodata.CSWTCH.62
                0x000000000800ba91        0x6 ./Drivers/STM32H7xx_HAL_Driver/Src/stm32h7xx_hal_uart.o
 .rodata.CSWTCH.69
                0x000000000800ba97        0x6 ./Drivers/STM32H7xx_HAL_Driver/Src/stm32h7xx_hal_uart.o
 *fill*         0x000000000800ba9d        0x1 
 .rodata.UARTPrescTable
                0x000000000800ba9e       0x18 ./Drivers/STM32H7xx_HAL_Driver/Src/stm32h7xx_hal_uart.o
                0x000000000800ba9e                UARTPrescTable
 .rodata.denominator.0
                0x000000000800bab6        0x8 ./Drivers/STM32H7xx_HAL_Driver/Src/stm32h7xx_hal_uart_ex.o
 .rodata.numerator.1
                0x000000000800babe        0x8 ./Drivers/STM32H7xx_HAL_Driver/Src/stm32h7xx_hal_uart_ex.o
 .rodata._svfprintf_r.str1.1
                0x000000000800bac6       0x11 C:/ST/STM32CubeIDE_1.13.0/STM32CubeIDE/plugins/com.st.stm32cube.ide.mcu.externaltools.gnu-tools-for-stm32.11.3.rel1.win32_1.1.0.202305231506/tools/bin/../lib/gcc/arm-none-eabi/11.3.1/../../../../arm-none-eabi/lib/thumb/v7e-m+dp/hard\libc_nano.a(libc_a-nano-svfprintf.o)
 .rodata._printf_i.str1.1
                0x000000000800bad7       0x22 C:/ST/STM32CubeIDE_1.13.0/STM32CubeIDE/plugins/com.st.stm32cube.ide.mcu.externaltools.gnu-tools-for-stm32.11.3.rel1.win32_1.1.0.202305231506/tools/bin/../lib/gcc/arm-none-eabi/11.3.1/../../../../arm-none-eabi/lib/thumb/v7e-m+dp/hard\libc_nano.a(libc_a-nano-vfprintf_i.o)
                0x000000000800bafc                . = ALIGN (0x4)
 *fill*         0x000000000800baf9        0x3 

.ARM.extab
 *(.ARM.extab* .gnu.linkonce.armextab.*)

.ARM            0x000000000800bafc        0x8
                0x000000000800bafc                __exidx_start = .
 *(.ARM.exidx*)
 .ARM.exidx     0x000000000800bafc        0x8 C:/ST/STM32CubeIDE_1.13.0/STM32CubeIDE/plugins/com.st.stm32cube.ide.mcu.externaltools.gnu-tools-for-stm32.11.3.rel1.win32_1.1.0.202305231506/tools/bin/../lib/gcc/arm-none-eabi/11.3.1/thumb/v7e-m+dp/hard\libgcc.a(_udivmoddi4.o)
                0x000000000800bb04                __exidx_end = .

.rel.dyn        0x000000000800bb04        0x0
 .rel.iplt      0x000000000800bb04        0x0 C:/ST/STM32CubeIDE_1.13.0/STM32CubeIDE/plugins/com.st.stm32cube.ide.mcu.externaltools.gnu-tools-for-stm32.11.3.rel1.win32_1.1.0.202305231506/tools/bin/../lib/gcc/arm-none-eabi/11.3.1/thumb/v7e-m+dp/hard/crtbegin.o

.preinit_array  0x000000000800bb04        0x0
                0x000000000800bb04                PROVIDE (__preinit_array_start = .)
 *(.preinit_array*)
                0x000000000800bb04                PROVIDE (__preinit_array_end = .)

.init_array     0x000000000800bb04        0x4
                0x000000000800bb04                PROVIDE (__init_array_start = .)
 *(SORT_BY_NAME(.init_array.*))
 *(.init_array*)
 .init_array    0x000000000800bb04        0x4 C:/ST/STM32CubeIDE_1.13.0/STM32CubeIDE/plugins/com.st.stm32cube.ide.mcu.externaltools.gnu-tools-for-stm32.11.3.rel1.win32_1.1.0.202305231506/tools/bin/../lib/gcc/arm-none-eabi/11.3.1/thumb/v7e-m+dp/hard/crtbegin.o
                0x000000000800bb08                PROVIDE (__init_array_end = .)

.fini_array     0x000000000800bb08        0x4
                [!provide]                        PROVIDE (__fini_array_start = .)
 *(SORT_BY_NAME(.fini_array.*))
 *(.fini_array*)
 .fini_array    0x000000000800bb08        0x4 C:/ST/STM32CubeIDE_1.13.0/STM32CubeIDE/plugins/com.st.stm32cube.ide.mcu.externaltools.gnu-tools-for-stm32.11.3.rel1.win32_1.1.0.202305231506/tools/bin/../lib/gcc/arm-none-eabi/11.3.1/thumb/v7e-m+dp/hard/crtbegin.o
                [!provide]                        PROVIDE (__fini_array_end = .)
                0x000000000800bb0c                _sidata = LOADADDR (.data)

.data           0x0000000024000000       0xdc load address 0x000000000800bb0c
                0x0000000024000000                . = ALIGN (0x4)
                0x0000000024000000                _sdata = .
 *(.data)
 *(.data*)
 .data.Font_16x26
                0x0000000024000000        0x8 ./Core/R61529/fonts.o
                0x0000000024000000                Font_16x26
 .data.X_SIZE   0x0000000024000008        0x2 ./Core/R61529/r61529.o
                0x0000000024000008                X_SIZE
 .data.Y_SIZE   0x000000002400000a        0x2 ./Core/R61529/r61529.o
                0x000000002400000a                Y_SIZE
 .data.gpio_pins
                0x000000002400000c       0x20 ./Core/R61529/r61529.o
                0x000000002400000c                gpio_pins
 .data.gpio_ports
                0x000000002400002c       0x40 ./Core/R61529/r61529.o
                0x000000002400002c                gpio_ports
 .data.notes    0x000000002400006c        0x4 ./Core/SoundFX/sound_fx.o
                0x000000002400006c                notes
 .data.playDoom
                0x0000000024000070        0x1 ./Core/SoundFX/sound_fx.o
                0x0000000024000070                playDoom
 .data.playNote
                0x0000000024000071        0x1 ./Core/SoundFX/sound_fx.o
                0x0000000024000071                playNote
 *fill*         0x0000000024000072        0x2 
 .data.wholenote
                0x0000000024000074        0x4 ./Core/SoundFX/sound_fx.o
                0x0000000024000074                wholenote
 .data.startup  0x0000000024000078        0x1 ./Core/Src/buttons.o
                0x0000000024000078                startup
 .data.update_time_high_to_low
                0x0000000024000079        0x1 ./Core/Src/buttons.o
                0x0000000024000079                update_time_high_to_low
 .data.update_time_low_to_high
                0x000000002400007a        0x1 ./Core/Src/buttons.o
                0x000000002400007a                update_time_low_to_high
 *fill*         0x000000002400007b        0x1 
 .data.SystemCoreClock
                0x000000002400007c        0x4 ./Core/Src/system_stm32h7xx.o
                0x000000002400007c                SystemCoreClock
 .data.SystemD2Clock
                0x0000000024000080        0x4 ./Core/Src/system_stm32h7xx.o
                0x0000000024000080                SystemD2Clock
 .data.uwTickFreq
                0x0000000024000084        0x1 ./Drivers/STM32H7xx_HAL_Driver/Src/stm32h7xx_hal.o
                0x0000000024000084                uwTickFreq
 *fill*         0x0000000024000085        0x3 
 .data.uwTickPrio
                0x0000000024000088        0x4 ./Drivers/STM32H7xx_HAL_Driver/Src/stm32h7xx_hal.o
                0x0000000024000088                uwTickPrio
 .data._impure_data
                0x000000002400008c       0x4c C:/ST/STM32CubeIDE_1.13.0/STM32CubeIDE/plugins/com.st.stm32cube.ide.mcu.externaltools.gnu-tools-for-stm32.11.3.rel1.win32_1.1.0.202305231506/tools/bin/../lib/gcc/arm-none-eabi/11.3.1/../../../../arm-none-eabi/lib/thumb/v7e-m+dp/hard\libc_nano.a(libc_a-impure.o)
                0x000000002400008c                _impure_data
 .data._impure_ptr
                0x00000000240000d8        0x4 C:/ST/STM32CubeIDE_1.13.0/STM32CubeIDE/plugins/com.st.stm32cube.ide.mcu.externaltools.gnu-tools-for-stm32.11.3.rel1.win32_1.1.0.202305231506/tools/bin/../lib/gcc/arm-none-eabi/11.3.1/../../../../arm-none-eabi/lib/thumb/v7e-m+dp/hard\libc_nano.a(libc_a-impure.o)
                0x00000000240000d8                _impure_ptr
 *(.RamFunc)
 *(.RamFunc*)
                0x00000000240000dc                . = ALIGN (0x4)
                0x00000000240000dc                _edata = .

.igot.plt       0x00000000240000dc        0x0 load address 0x000000000800bbe8
 .igot.plt      0x00000000240000dc        0x0 C:/ST/STM32CubeIDE_1.13.0/STM32CubeIDE/plugins/com.st.stm32cube.ide.mcu.externaltools.gnu-tools-for-stm32.11.3.rel1.win32_1.1.0.202305231506/tools/bin/../lib/gcc/arm-none-eabi/11.3.1/thumb/v7e-m+dp/hard/crtbegin.o
                0x00000000240000dc                . = ALIGN (0x4)

.bss            0x00000000240000dc      0x758 load address 0x000000000800bbe8
                0x00000000240000dc                _sbss = .
                0x00000000240000dc                __bss_start__ = _sbss
 *(.bss)
 .bss           0x00000000240000dc       0x1c C:/ST/STM32CubeIDE_1.13.0/STM32CubeIDE/plugins/com.st.stm32cube.ide.mcu.externaltools.gnu-tools-for-stm32.11.3.rel1.win32_1.1.0.202305231506/tools/bin/../lib/gcc/arm-none-eabi/11.3.1/thumb/v7e-m+dp/hard/crtbegin.o
 *(.bss*)
 .bss.pending_command
                0x00000000240000f8        0x1 ./Core/Comm/grbl_cpu_comm.o
                0x00000000240000f8                pending_command
 .bss.FT5436_rx_arr
                0x00000000240000f9       0x32 ./Core/FT5436/ft5436.o
                0x00000000240000f9                FT5436_rx_arr
 .bss.FT5436_tx_arr
                0x000000002400012b       0x32 ./Core/FT5436/ft5436.o
                0x000000002400012b                FT5436_tx_arr
 .bss.ft5436_flags
                0x000000002400015d        0x1 ./Core/FT5436/ft5436.o
                0x000000002400015d                ft5436_flags
 .bss.points_detected
                0x000000002400015e        0x1 ./Core/FT5436/ft5436.o
                0x000000002400015e                points_detected
 *fill*         0x000000002400015f        0x1 
 .bss.touchID   0x0000000024000160        0xa ./Core/FT5436/ft5436.o
                0x0000000024000160                touchID
 .bss.touchX    0x000000002400016a        0xa ./Core/FT5436/ft5436.o
                0x000000002400016a                touchX
 .bss.touchY    0x0000000024000174        0xa ./Core/FT5436/ft5436.o
                0x0000000024000174                touchY
 .bss.buzzer_enabled
                0x000000002400017e        0x1 ./Core/SoundFX/sound_fx.o
                0x000000002400017e                buzzer_enabled
 *fill*         0x000000002400017f        0x1 
 .bss.divider   0x0000000024000180        0x4 ./Core/SoundFX/sound_fx.o
                0x0000000024000180                divider
 .bss.noteCnt   0x0000000024000184        0x2 ./Core/SoundFX/sound_fx.o
                0x0000000024000184                noteCnt
 *fill*         0x0000000024000186        0x2 
 .bss.noteDuration
                0x0000000024000188        0x4 ./Core/SoundFX/sound_fx.o
                0x0000000024000188                noteDuration
 .bss.but_stat_channels
                0x000000002400018c       0x10 ./Core/Src/buttons.o
                0x000000002400018c                but_stat_channels
 .bss.but_stat_cnts
                0x000000002400019c       0x40 ./Core/Src/buttons.o
                0x000000002400019c                but_stat_cnts
 .bss.button_matrix
                0x00000000240001dc       0x80 ./Core/Src/buttons.o
                0x00000000240001dc                button_matrix
 .bss.update_time
                0x000000002400025c        0x1 ./Core/Src/buttons.o
                0x000000002400025c                update_time
 *fill*         0x000000002400025d        0x3 
 .bss.hdma_i2c3_rx
                0x0000000024000260       0x78 ./Core/Src/main.o
                0x0000000024000260                hdma_i2c3_rx
 .bss.hdma_i2c3_tx
                0x00000000240002d8       0x78 ./Core/Src/main.o
                0x00000000240002d8                hdma_i2c3_tx
 .bss.hdma_usart2_tx
                0x0000000024000350       0x78 ./Core/Src/main.o
                0x0000000024000350                hdma_usart2_tx
 .bss.hi2c3     0x00000000240003c8       0x54 ./Core/Src/main.o
                0x00000000240003c8                hi2c3
 .bss.hspi3     0x000000002400041c       0x88 ./Core/Src/main.o
                0x000000002400041c                hspi3
 .bss.htim1     0x00000000240004a4       0x4c ./Core/Src/main.o
                0x00000000240004a4                htim1
 .bss.htim2     0x00000000240004f0       0x4c ./Core/Src/main.o
                0x00000000240004f0                htim2
 .bss.htim3     0x000000002400053c       0x4c ./Core/Src/main.o
                0x000000002400053c                htim3
 .bss.htim4     0x0000000024000588       0x4c ./Core/Src/main.o
                0x0000000024000588                htim4
 .bss.huart2    0x00000000240005d4       0x94 ./Core/Src/main.o
                0x00000000240005d4                huart2
 .bss.menu_controller
                0x0000000024000668       0x24 ./Core/Src/r61529_screen_menu.o
                0x0000000024000668                menu_controller
 .bss.buzzer_program_occupied
                0x000000002400068c        0x1 ./Core/Src/stm32h7xx_it.o
                0x000000002400068c                buzzer_program_occupied
 *fill*         0x000000002400068d        0x1 
 .bss.buzzer_update_event_cnt
                0x000000002400068e        0x2 ./Core/Src/stm32h7xx_it.o
                0x000000002400068e                buzzer_update_event_cnt
 .bss.i2c3_dma_itr_sync
                0x0000000024000690        0x1 ./Core/Src/stm32h7xx_it.o
                0x0000000024000690                i2c3_dma_itr_sync
 .bss.touch_detected
                0x0000000024000691        0x1 ./Core/Src/stm32h7xx_it.o
                0x0000000024000691                touch_detected
 *fill*         0x0000000024000692        0x2 
 .bss.__sbrk_heap_end
                0x0000000024000694        0x4 ./Core/Src/sysmem.o
 .bss.msResetFlag_ch
                0x0000000024000698       0x10 ./Core/Src/systick_timer.o
                0x0000000024000698                msResetFlag_ch
 .bss.msWaitTime_ch
                0x00000000240006a8       0x40 ./Core/Src/systick_timer.o
                0x00000000240006a8                msWaitTime_ch
 .bss.uwTick    0x00000000240006e8        0x4 ./Drivers/STM32H7xx_HAL_Driver/Src/stm32h7xx_hal.o
                0x00000000240006e8                uwTick
 .bss.__sf      0x00000000240006ec      0x138 C:/ST/STM32CubeIDE_1.13.0/STM32CubeIDE/plugins/com.st.stm32cube.ide.mcu.externaltools.gnu-tools-for-stm32.11.3.rel1.win32_1.1.0.202305231506/tools/bin/../lib/gcc/arm-none-eabi/11.3.1/../../../../arm-none-eabi/lib/thumb/v7e-m+dp/hard\libc_nano.a(libc_a-findfp.o)
                0x00000000240006ec                __sf
 .bss.errno     0x0000000024000824        0x4 C:/ST/STM32CubeIDE_1.13.0/STM32CubeIDE/plugins/com.st.stm32cube.ide.mcu.externaltools.gnu-tools-for-stm32.11.3.rel1.win32_1.1.0.202305231506/tools/bin/../lib/gcc/arm-none-eabi/11.3.1/../../../../arm-none-eabi/lib/thumb/v7e-m+dp/hard\libc_nano.a(libc_a-reent.o)
                0x0000000024000824                errno
 .bss.__lock___malloc_recursive_mutex
                0x0000000024000828        0x1 C:/ST/STM32CubeIDE_1.13.0/STM32CubeIDE/plugins/com.st.stm32cube.ide.mcu.externaltools.gnu-tools-for-stm32.11.3.rel1.win32_1.1.0.202305231506/tools/bin/../lib/gcc/arm-none-eabi/11.3.1/../../../../arm-none-eabi/lib/thumb/v7e-m+dp/hard\libc_nano.a(libc_a-lock.o)
                0x0000000024000828                __lock___malloc_recursive_mutex
 *fill*         0x0000000024000829        0x3 
 .bss.__malloc_free_list
                0x000000002400082c        0x4 C:/ST/STM32CubeIDE_1.13.0/STM32CubeIDE/plugins/com.st.stm32cube.ide.mcu.externaltools.gnu-tools-for-stm32.11.3.rel1.win32_1.1.0.202305231506/tools/bin/../lib/gcc/arm-none-eabi/11.3.1/../../../../arm-none-eabi/lib/thumb/v7e-m+dp/hard\libc_nano.a(libc_a-mallocr.o)
                0x000000002400082c                __malloc_free_list
 .bss.__malloc_sbrk_start
                0x0000000024000830        0x4 C:/ST/STM32CubeIDE_1.13.0/STM32CubeIDE/plugins/com.st.stm32cube.ide.mcu.externaltools.gnu-tools-for-stm32.11.3.rel1.win32_1.1.0.202305231506/tools/bin/../lib/gcc/arm-none-eabi/11.3.1/../../../../arm-none-eabi/lib/thumb/v7e-m+dp/hard\libc_nano.a(libc_a-mallocr.o)
                0x0000000024000830                __malloc_sbrk_start
 *(COMMON)
                0x0000000024000834                . = ALIGN (0x4)
                0x0000000024000834                _ebss = .
                0x0000000024000834                __bss_end__ = _ebss

._user_heap_stack
                0x0000000024000834     0x3e04 load address 0x000000000800bbe8
                0x0000000024000838                . = ALIGN (0x8)
 *fill*         0x0000000024000834        0x4 
                [!provide]                        PROVIDE (end = .)
                0x0000000024000838                PROVIDE (_end = .)
                0x0000000024000a38                . = (. + _Min_Heap_Size)
 *fill*         0x0000000024000838      0x200 
                0x0000000024004638                . = (. + _Min_Stack_Size)
 *fill*         0x0000000024000a38     0x3c00 
                0x0000000024004638                . = ALIGN (0x8)

/DISCARD/
 libc.a(*)
 libm.a(*)
 libgcc.a(*)

.ARM.attributes
                0x0000000000000000       0x2e
 *(.ARM.attributes)
 .ARM.attributes
                0x0000000000000000       0x1e C:/ST/STM32CubeIDE_1.13.0/STM32CubeIDE/plugins/com.st.stm32cube.ide.mcu.externaltools.gnu-tools-for-stm32.11.3.rel1.win32_1.1.0.202305231506/tools/bin/../lib/gcc/arm-none-eabi/11.3.1/thumb/v7e-m+dp/hard/crti.o
 .ARM.attributes
                0x000000000000001e       0x32 C:/ST/STM32CubeIDE_1.13.0/STM32CubeIDE/plugins/com.st.stm32cube.ide.mcu.externaltools.gnu-tools-for-stm32.11.3.rel1.win32_1.1.0.202305231506/tools/bin/../lib/gcc/arm-none-eabi/11.3.1/thumb/v7e-m+dp/hard/crtbegin.o
 .ARM.attributes
                0x0000000000000050       0x32 ./Core/Comm/grbl_cpu_comm.o
 .ARM.attributes
                0x0000000000000082       0x32 ./Core/FT5436/ft5436.o
 .ARM.attributes
                0x00000000000000b4       0x32 ./Core/R61529/fonts.o
 .ARM.attributes
                0x00000000000000e6       0x32 ./Core/R61529/r61529.o
 .ARM.attributes
                0x0000000000000118       0x32 ./Core/SoundFX/sound_fx.o
 .ARM.attributes
                0x000000000000014a       0x32 ./Core/Src/buttons.o
 .ARM.attributes
                0x000000000000017c       0x32 ./Core/Src/main.o
 .ARM.attributes
                0x00000000000001ae       0x32 ./Core/Src/r61529_screen_menu.o
 .ARM.attributes
                0x00000000000001e0       0x32 ./Core/Src/stm32h7xx_hal_msp.o
 .ARM.attributes
                0x0000000000000212       0x32 ./Core/Src/stm32h7xx_it.o
 .ARM.attributes
                0x0000000000000244       0x32 ./Core/Src/sysmem.o
 .ARM.attributes
                0x0000000000000276       0x32 ./Core/Src/system_stm32h7xx.o
 .ARM.attributes
                0x00000000000002a8       0x32 ./Core/Src/systick_timer.o
 .ARM.attributes
                0x00000000000002da       0x21 ./Core/Startup/startup_stm32h750vbtx.o
 .ARM.attributes
                0x00000000000002fb       0x32 ./Drivers/STM32H7xx_HAL_Driver/Src/stm32h7xx_hal.o
 .ARM.attributes
                0x000000000000032d       0x32 ./Drivers/STM32H7xx_HAL_Driver/Src/stm32h7xx_hal_cortex.o
 .ARM.attributes
                0x000000000000035f       0x32 ./Drivers/STM32H7xx_HAL_Driver/Src/stm32h7xx_hal_dma.o
 .ARM.attributes
                0x0000000000000391       0x32 ./Drivers/STM32H7xx_HAL_Driver/Src/stm32h7xx_hal_gpio.o
 .ARM.attributes
                0x00000000000003c3       0x32 ./Drivers/STM32H7xx_HAL_Driver/Src/stm32h7xx_hal_i2c.o
 .ARM.attributes
                0x00000000000003f5       0x32 ./Drivers/STM32H7xx_HAL_Driver/Src/stm32h7xx_hal_i2c_ex.o
 .ARM.attributes
                0x0000000000000427       0x32 ./Drivers/STM32H7xx_HAL_Driver/Src/stm32h7xx_hal_pwr_ex.o
 .ARM.attributes
                0x0000000000000459       0x32 ./Drivers/STM32H7xx_HAL_Driver/Src/stm32h7xx_hal_rcc.o
 .ARM.attributes
                0x000000000000048b       0x32 ./Drivers/STM32H7xx_HAL_Driver/Src/stm32h7xx_hal_rcc_ex.o
 .ARM.attributes
                0x00000000000004bd       0x32 ./Drivers/STM32H7xx_HAL_Driver/Src/stm32h7xx_hal_spi.o
 .ARM.attributes
                0x00000000000004ef       0x32 ./Drivers/STM32H7xx_HAL_Driver/Src/stm32h7xx_hal_tim.o
 .ARM.attributes
                0x0000000000000521       0x32 ./Drivers/STM32H7xx_HAL_Driver/Src/stm32h7xx_hal_tim_ex.o
 .ARM.attributes
                0x0000000000000553       0x32 ./Drivers/STM32H7xx_HAL_Driver/Src/stm32h7xx_hal_uart.o
 .ARM.attributes
                0x0000000000000585       0x32 ./Drivers/STM32H7xx_HAL_Driver/Src/stm32h7xx_hal_uart_ex.o
 .ARM.attributes
                0x00000000000005b7       0x32 C:/ST/STM32CubeIDE_1.13.0/STM32CubeIDE/plugins/com.st.stm32cube.ide.mcu.externaltools.gnu-tools-for-stm32.11.3.rel1.win32_1.1.0.202305231506/tools/bin/../lib/gcc/arm-none-eabi/11.3.1/../../../../arm-none-eabi/lib/thumb/v7e-m+dp/hard\libc_nano.a(libc_a-findfp.o)
 .ARM.attributes
                0x00000000000005e9       0x32 C:/ST/STM32CubeIDE_1.13.0/STM32CubeIDE/plugins/com.st.stm32cube.ide.mcu.externaltools.gnu-tools-for-stm32.11.3.rel1.win32_1.1.0.202305231506/tools/bin/../lib/gcc/arm-none-eabi/11.3.1/../../../../arm-none-eabi/lib/thumb/v7e-m+dp/hard\libc_nano.a(libc_a-sprintf.o)
 .ARM.attributes
                0x000000000000061b       0x32 C:/ST/STM32CubeIDE_1.13.0/STM32CubeIDE/plugins/com.st.stm32cube.ide.mcu.externaltools.gnu-tools-for-stm32.11.3.rel1.win32_1.1.0.202305231506/tools/bin/../lib/gcc/arm-none-eabi/11.3.1/../../../../arm-none-eabi/lib/thumb/v7e-m+dp/hard\libc_nano.a(libc_a-memset.o)
 .ARM.attributes
                0x000000000000064d       0x32 C:/ST/STM32CubeIDE_1.13.0/STM32CubeIDE/plugins/com.st.stm32cube.ide.mcu.externaltools.gnu-tools-for-stm32.11.3.rel1.win32_1.1.0.202305231506/tools/bin/../lib/gcc/arm-none-eabi/11.3.1/../../../../arm-none-eabi/lib/thumb/v7e-m+dp/hard\libc_nano.a(libc_a-reent.o)
 .ARM.attributes
                0x000000000000067f       0x32 C:/ST/STM32CubeIDE_1.13.0/STM32CubeIDE/plugins/com.st.stm32cube.ide.mcu.externaltools.gnu-tools-for-stm32.11.3.rel1.win32_1.1.0.202305231506/tools/bin/../lib/gcc/arm-none-eabi/11.3.1/../../../../arm-none-eabi/lib/thumb/v7e-m+dp/hard\libc_nano.a(libc_a-impure.o)
 .ARM.attributes
                0x00000000000006b1       0x32 C:/ST/STM32CubeIDE_1.13.0/STM32CubeIDE/plugins/com.st.stm32cube.ide.mcu.externaltools.gnu-tools-for-stm32.11.3.rel1.win32_1.1.0.202305231506/tools/bin/../lib/gcc/arm-none-eabi/11.3.1/../../../../arm-none-eabi/lib/thumb/v7e-m+dp/hard\libc_nano.a(libc_a-errno.o)
 .ARM.attributes
                0x00000000000006e3       0x32 C:/ST/STM32CubeIDE_1.13.0/STM32CubeIDE/plugins/com.st.stm32cube.ide.mcu.externaltools.gnu-tools-for-stm32.11.3.rel1.win32_1.1.0.202305231506/tools/bin/../lib/gcc/arm-none-eabi/11.3.1/../../../../arm-none-eabi/lib/thumb/v7e-m+dp/hard\libc_nano.a(libc_a-init.o)
 .ARM.attributes
                0x0000000000000715       0x32 C:/ST/STM32CubeIDE_1.13.0/STM32CubeIDE/plugins/com.st.stm32cube.ide.mcu.externaltools.gnu-tools-for-stm32.11.3.rel1.win32_1.1.0.202305231506/tools/bin/../lib/gcc/arm-none-eabi/11.3.1/../../../../arm-none-eabi/lib/thumb/v7e-m+dp/hard\libc_nano.a(libc_a-lock.o)
 .ARM.attributes
                0x0000000000000747       0x17 C:/ST/STM32CubeIDE_1.13.0/STM32CubeIDE/plugins/com.st.stm32cube.ide.mcu.externaltools.gnu-tools-for-stm32.11.3.rel1.win32_1.1.0.202305231506/tools/bin/../lib/gcc/arm-none-eabi/11.3.1/../../../../arm-none-eabi/lib/thumb/v7e-m+dp/hard\libc_nano.a(libc_a-strlen.o)
 .ARM.attributes
                0x000000000000075e       0x32 C:/ST/STM32CubeIDE_1.13.0/STM32CubeIDE/plugins/com.st.stm32cube.ide.mcu.externaltools.gnu-tools-for-stm32.11.3.rel1.win32_1.1.0.202305231506/tools/bin/../lib/gcc/arm-none-eabi/11.3.1/../../../../arm-none-eabi/lib/thumb/v7e-m+dp/hard\libc_nano.a(libc_a-freer.o)
 .ARM.attributes
                0x0000000000000790       0x32 C:/ST/STM32CubeIDE_1.13.0/STM32CubeIDE/plugins/com.st.stm32cube.ide.mcu.externaltools.gnu-tools-for-stm32.11.3.rel1.win32_1.1.0.202305231506/tools/bin/../lib/gcc/arm-none-eabi/11.3.1/../../../../arm-none-eabi/lib/thumb/v7e-m+dp/hard\libc_nano.a(libc_a-mallocr.o)
 .ARM.attributes
                0x00000000000007c2       0x32 C:/ST/STM32CubeIDE_1.13.0/STM32CubeIDE/plugins/com.st.stm32cube.ide.mcu.externaltools.gnu-tools-for-stm32.11.3.rel1.win32_1.1.0.202305231506/tools/bin/../lib/gcc/arm-none-eabi/11.3.1/../../../../arm-none-eabi/lib/thumb/v7e-m+dp/hard\libc_nano.a(libc_a-mlock.o)
 .ARM.attributes
                0x00000000000007f4       0x32 C:/ST/STM32CubeIDE_1.13.0/STM32CubeIDE/plugins/com.st.stm32cube.ide.mcu.externaltools.gnu-tools-for-stm32.11.3.rel1.win32_1.1.0.202305231506/tools/bin/../lib/gcc/arm-none-eabi/11.3.1/../../../../arm-none-eabi/lib/thumb/v7e-m+dp/hard\libc_nano.a(libc_a-nano-svfprintf.o)
 .ARM.attributes
                0x0000000000000826       0x32 C:/ST/STM32CubeIDE_1.13.0/STM32CubeIDE/plugins/com.st.stm32cube.ide.mcu.externaltools.gnu-tools-for-stm32.11.3.rel1.win32_1.1.0.202305231506/tools/bin/../lib/gcc/arm-none-eabi/11.3.1/../../../../arm-none-eabi/lib/thumb/v7e-m+dp/hard\libc_nano.a(libc_a-nano-vfprintf_i.o)
 .ARM.attributes
                0x0000000000000858       0x32 C:/ST/STM32CubeIDE_1.13.0/STM32CubeIDE/plugins/com.st.stm32cube.ide.mcu.externaltools.gnu-tools-for-stm32.11.3.rel1.win32_1.1.0.202305231506/tools/bin/../lib/gcc/arm-none-eabi/11.3.1/../../../../arm-none-eabi/lib/thumb/v7e-m+dp/hard\libc_nano.a(libc_a-memmove.o)
 .ARM.attributes
                0x000000000000088a       0x32 C:/ST/STM32CubeIDE_1.13.0/STM32CubeIDE/plugins/com.st.stm32cube.ide.mcu.externaltools.gnu-tools-for-stm32.11.3.rel1.win32_1.1.0.202305231506/tools/bin/../lib/gcc/arm-none-eabi/11.3.1/../../../../arm-none-eabi/lib/thumb/v7e-m+dp/hard\libc_nano.a(libc_a-sbrkr.o)
 .ARM.attributes
                0x00000000000008bc       0x1c C:/ST/STM32CubeIDE_1.13.0/STM32CubeIDE/plugins/com.st.stm32cube.ide.mcu.externaltools.gnu-tools-for-stm32.11.3.rel1.win32_1.1.0.202305231506/tools/bin/../lib/gcc/arm-none-eabi/11.3.1/../../../../arm-none-eabi/lib/thumb/v7e-m+dp/hard\libc_nano.a(libc_a-memchr.o)
 .ARM.attributes
                0x00000000000008d8       0x32 C:/ST/STM32CubeIDE_1.13.0/STM32CubeIDE/plugins/com.st.stm32cube.ide.mcu.externaltools.gnu-tools-for-stm32.11.3.rel1.win32_1.1.0.202305231506/tools/bin/../lib/gcc/arm-none-eabi/11.3.1/../../../../arm-none-eabi/lib/thumb/v7e-m+dp/hard\libc_nano.a(libc_a-memcpy-stub.o)
 .ARM.attributes
                0x000000000000090a       0x32 C:/ST/STM32CubeIDE_1.13.0/STM32CubeIDE/plugins/com.st.stm32cube.ide.mcu.externaltools.gnu-tools-for-stm32.11.3.rel1.win32_1.1.0.202305231506/tools/bin/../lib/gcc/arm-none-eabi/11.3.1/../../../../arm-none-eabi/lib/thumb/v7e-m+dp/hard\libc_nano.a(libc_a-reallocr.o)
 .ARM.attributes
                0x000000000000093c       0x32 C:/ST/STM32CubeIDE_1.13.0/STM32CubeIDE/plugins/com.st.stm32cube.ide.mcu.externaltools.gnu-tools-for-stm32.11.3.rel1.win32_1.1.0.202305231506/tools/bin/../lib/gcc/arm-none-eabi/11.3.1/../../../../arm-none-eabi/lib/thumb/v7e-m+dp/hard\libc_nano.a(libc_a-msizer.o)
 .ARM.attributes
                0x000000000000096e       0x1e C:/ST/STM32CubeIDE_1.13.0/STM32CubeIDE/plugins/com.st.stm32cube.ide.mcu.externaltools.gnu-tools-for-stm32.11.3.rel1.win32_1.1.0.202305231506/tools/bin/../lib/gcc/arm-none-eabi/11.3.1/thumb/v7e-m+dp/hard\libgcc.a(_aeabi_uldivmod.o)
 .ARM.attributes
                0x000000000000098c       0x32 C:/ST/STM32CubeIDE_1.13.0/STM32CubeIDE/plugins/com.st.stm32cube.ide.mcu.externaltools.gnu-tools-for-stm32.11.3.rel1.win32_1.1.0.202305231506/tools/bin/../lib/gcc/arm-none-eabi/11.3.1/thumb/v7e-m+dp/hard\libgcc.a(_udivmoddi4.o)
 .ARM.attributes
                0x00000000000009be       0x1e C:/ST/STM32CubeIDE_1.13.0/STM32CubeIDE/plugins/com.st.stm32cube.ide.mcu.externaltools.gnu-tools-for-stm32.11.3.rel1.win32_1.1.0.202305231506/tools/bin/../lib/gcc/arm-none-eabi/11.3.1/thumb/v7e-m+dp/hard\libgcc.a(_dvmd_tls.o)
 .ARM.attributes