Archive member included to satisfy reference by file (symbol)

C:/ST/STM32CubeIDE_1.13.0/STM32CubeIDE/plugins/com.st.stm32cube.ide.mcu.externaltools.gnu-tools-for-stm32.11.3.rel1.win32_1.1.0.202305231506/tools/bin/../lib/gcc/arm-none-eabi/11.3.1/../../../../arm-none-eabi/lib/thumb/v7e-m+dp/hard\libc_nano.a(libc_a-atof.o)
                              ./Core/grblHALComm/parser.o (atof)
C:/ST/STM32CubeIDE_1.13.0/STM32CubeIDE/plugins/com.st.stm32cube.ide.mcu.externaltools.gnu-tools-for-stm32.11.3.rel1.win32_1.1.0.202305231506/tools/bin/../lib/gcc/arm-none-eabi/11.3.1/../../../../arm-none-eabi/lib/thumb/v7e-m+dp/hard\libc_nano.a(libc_a-atoi.o)
                              ./Core/grblHALComm/parser.o (atoi)
C:/ST/STM32CubeIDE_1.13.0/STM32CubeIDE/plugins/com.st.stm32cube.ide.mcu.externaltools.gnu-tools-for-stm32.11.3.rel1.win32_1.1.0.202305231506/tools/bin/../lib/gcc/arm-none-eabi/11.3.1/../../../../arm-none-eabi/lib/thumb/v7e-m+dp/hard\libc_nano.a(libc_a-exit.o)
                              C:/ST/STM32CubeIDE_1.13.0/STM32CubeIDE/plugins/com.st.stm32cube.ide.mcu.externaltools.gnu-tools-for-stm32.11.3.rel1.win32_1.1.0.202305231506/tools/bin/../lib/gcc/arm-none-eabi/11.3.1/../../../../arm-none-eabi/lib/thumb/v7e-m+dp/hard/crt0.o (exit)
C:/ST/STM32CubeIDE_1.13.0/STM32CubeIDE/plugins/com.st.stm32cube.ide.mcu.externaltools.gnu-tools-for-stm32.11.3.rel1.win32_1.1.0.202305231506/tools/bin/../lib/gcc/arm-none-eabi/11.3.1/../../../../arm-none-eabi/lib/thumb/v7e-m+dp/hard\libc_nano.a(libc_a-strtod.o)
                              C:/ST/STM32CubeIDE_1.13.0/STM32CubeIDE/plugins/com.st.stm32cube.ide.mcu.externaltools.gnu-tools-for-stm32.11.3.rel1.win32_1.1.0.202305231506/tools/bin/../lib/gcc/arm-none-eabi/11.3.1/../../../../arm-none-eabi/lib/thumb/v7e-m+dp/hard\libc_nano.a(libc_a-atof.o) (strtod)
C:/ST/STM32CubeIDE_1.13.0/STM32CubeIDE/plugins/com.st.stm32cube.ide.mcu.externaltools.gnu-tools-for-stm32.11.3.rel1.win32_1.1.0.202305231506/tools/bin/../lib/gcc/arm-none-eabi/11.3.1/../../../../arm-none-eabi/lib/thumb/v7e-m+dp/hard\libc_nano.a(libc_a-strtol.o)
                              C:/ST/STM32CubeIDE_1.13.0/STM32CubeIDE/plugins/com.st.stm32cube.ide.mcu.externaltools.gnu-tools-for-stm32.11.3.rel1.win32_1.1.0.202305231506/tools/bin/../lib/gcc/arm-none-eabi/11.3.1/../../../../arm-none-eabi/lib/thumb/v7e-m+dp/hard\libc_nano.a(libc_a-atoi.o) (_strtol_r)
C:/ST/STM32CubeIDE_1.13.0/STM32CubeIDE/plugins/com.st.stm32cube.ide.mcu.externaltools.gnu-tools-for-stm32.11.3.rel1.win32_1.1.0.202305231506/tools/bin/../lib/gcc/arm-none-eabi/11.3.1/../../../../arm-none-eabi/lib/thumb/v7e-m+dp/hard\libc_nano.a(libc_a-ctype_.o)
                              C:/ST/STM32CubeIDE_1.13.0/STM32CubeIDE/plugins/com.st.stm32cube.ide.mcu.externaltools.gnu-tools-for-stm32.11.3.rel1.win32_1.1.0.202305231506/tools/bin/../lib/gcc/arm-none-eabi/11.3.1/../../../../arm-none-eabi/lib/thumb/v7e-m+dp/hard\libc_nano.a(libc_a-strtol.o) (_ctype_)
C:/ST/STM32CubeIDE_1.13.0/STM32CubeIDE/plugins/com.st.stm32cube.ide.mcu.externaltools.gnu-tools-for-stm32.11.3.rel1.win32_1.1.0.202305231506/tools/bin/../lib/gcc/arm-none-eabi/11.3.1/../../../../arm-none-eabi/lib/thumb/v7e-m+dp/hard\libc_nano.a(libc_a-nano-vfprintf_float.o)
                              (_printf_float)
C:/ST/STM32CubeIDE_1.13.0/STM32CubeIDE/plugins/com.st.stm32cube.ide.mcu.externaltools.gnu-tools-for-stm32.11.3.rel1.win32_1.1.0.202305231506/tools/bin/../lib/gcc/arm-none-eabi/11.3.1/../../../../arm-none-eabi/lib/thumb/v7e-m+dp/hard\libc_nano.a(libc_a-nano-vfprintf_i.o)
                              C:/ST/STM32CubeIDE_1.13.0/STM32CubeIDE/plugins/com.st.stm32cube.ide.mcu.externaltools.gnu-tools-for-stm32.11.3.rel1.win32_1.1.0.202305231506/tools/bin/../lib/gcc/arm-none-eabi/11.3.1/../../../../arm-none-eabi/lib/thumb/v7e-m+dp/hard\libc_nano.a(libc_a-nano-vfprintf_float.o) (_printf_common)
C:/ST/STM32CubeIDE_1.13.0/STM32CubeIDE/plugins/com.st.stm32cube.ide.mcu.externaltools.gnu-tools-for-stm32.11.3.rel1.win32_1.1.0.202305231506/tools/bin/../lib/gcc/arm-none-eabi/11.3.1/../../../../arm-none-eabi/lib/thumb/v7e-m+dp/hard\libc_nano.a(libc_a-findfp.o)
                              C:/ST/STM32CubeIDE_1.13.0/STM32CubeIDE/plugins/com.st.stm32cube.ide.mcu.externaltools.gnu-tools-for-stm32.11.3.rel1.win32_1.1.0.202305231506/tools/bin/../lib/gcc/arm-none-eabi/11.3.1/../../../../arm-none-eabi/lib/thumb/v7e-m+dp/hard\libc_nano.a(libc_a-exit.o) (__stdio_exit_handler)
C:/ST/STM32CubeIDE_1.13.0/STM32CubeIDE/plugins/com.st.stm32cube.ide.mcu.externaltools.gnu-tools-for-stm32.11.3.rel1.win32_1.1.0.202305231506/tools/bin/../lib/gcc/arm-none-eabi/11.3.1/../../../../arm-none-eabi/lib/thumb/v7e-m+dp/hard\libc_nano.a(libc_a-fwalk.o)
                              C:/ST/STM32CubeIDE_1.13.0/STM32CubeIDE/plugins/com.st.stm32cube.ide.mcu.externaltools.gnu-tools-for-stm32.11.3.rel1.win32_1.1.0.202305231506/tools/bin/../lib/gcc/arm-none-eabi/11.3.1/../../../../arm-none-eabi/lib/thumb/v7e-m+dp/hard\libc_nano.a(libc_a-findfp.o) (_fwalk_sglue)
[...]
Memory Configuration

Name             Origin             Length             Attributes
FLASH            0x0000000008000000 0x0000000000020000 xr
DTCMRAM          0x0000000020000000 0x0000000000020000 xrw
RAM_D1           0x0000000024000000 0x0000000000080000 xrw
RAM_D2           0x0000000030000000 0x0000000000048000 xrw
RAM_D3           0x0000000038000000 0x0000000000010000 xrw
ITCMRAM          0x0000000000000000 0x0000000000010000 xrw
*default*        0x0000000000000000 0xffffffffffffffff

Linker script and memory map

LOAD C:/ST/STM32CubeIDE_1.13.0/STM32CubeIDE/plugins/com.st.stm32cube.ide.mcu.externaltools.gnu-tools-for-stm32.11.3.rel1.win32_1.1.0.202305231506/tools/bin/../lib/gcc/arm-none-eabi/11.3.1/thumb/v7e-m+dp/hard/crti.o
LOAD C:/ST/STM32CubeIDE_1.13.0/STM32CubeIDE/plugins/com.st.stm32cube.ide.mcu.externaltools.gnu-tools-for-stm32.11.3.rel1.win32_1.1.0.202305231506/tools/bin/../lib/gcc/arm-none-eabi/11.3.1/thumb/v7e-m+dp/hard/crtbegin.o
LOAD C:/ST/STM32CubeIDE_1.13.0/STM32CubeIDE/plugins/com.st.stm32cube.ide.mcu.externaltools.gnu-tools-for-stm32.11.3.rel1.win32_1.1.0.202305231506/tools/bin/../lib/gcc/arm-none-eabi/11.3.1/../../../../arm-none-eabi/lib/thumb/v7e-m+dp/hard/crt0.o
LOAD ./Core/FT5436/ft5436.o
LOAD ./Core/MPGmovement/mpg_movement.o
LOAD ./Core/MPGpendant/mpg_pendant.o
LOAD ./Core/R61529/fonts.o
LOAD ./Core/R61529/r61529.o
LOAD ./Core/SoundFX/sound_fx.o
LOAD ./Core/Src/buttons.o
LOAD ./Core/Src/main.o
LOAD ./Core/Src/r61529_screen_menu.o
LOAD ./Core/Src/stm32h7xx_hal_msp.o
LOAD ./Core/Src/stm32h7xx_it.o
LOAD ./Core/Src/syscalls.o
LOAD ./Core/Src/sysmem.o
LOAD ./Core/Src/system_stm32h7xx.o
LOAD ./Core/Src/systick_timer.o
LOAD ./Core/Startup/startup_stm32h750vbtx.o
LOAD ./Core/grblHALComm/parser.o
LOAD ./Core/grblHALComm/sender.o
LOAD ./Drivers/STM32H7xx_HAL_Driver/Src/stm32h7xx_hal.o
LOAD ./Drivers/STM32H7xx_HAL_Driver/Src/stm32h7xx_hal_cortex.o
LOAD ./Drivers/STM32H7xx_HAL_Driver/Src/stm32h7xx_hal_dma.o
LOAD ./Drivers/STM32H7xx_HAL_Driver/Src/stm32h7xx_hal_dma_ex.o
LOAD ./Drivers/STM32H7xx_HAL_Driver/Src/stm32h7xx_hal_exti.o
LOAD ./Drivers/STM32H7xx_HAL_Driver/Src/stm32h7xx_hal_flash.o
LOAD ./Drivers/STM32H7xx_HAL_Driver/Src/stm32h7xx_hal_flash_ex.o
LOAD ./Drivers/STM32H7xx_HAL_Driver/Src/stm32h7xx_hal_gpio.o
LOAD ./Drivers/STM32H7xx_HAL_Driver/Src/stm32h7xx_hal_hsem.o
LOAD ./Drivers/STM32H7xx_HAL_Driver/Src/stm32h7xx_hal_i2c.o
LOAD ./Drivers/STM32H7xx_HAL_Driver/Src/stm32h7xx_hal_i2c_ex.o
LOAD ./Drivers/STM32H7xx_HAL_Driver/Src/stm32h7xx_hal_mdma.o
LOAD ./Drivers/STM32H7xx_HAL_Driver/Src/stm32h7xx_hal_pwr.o
LOAD ./Drivers/STM32H7xx_HAL_Driver/Src/stm32h7xx_hal_pwr_ex.o
LOAD ./Drivers/STM32H7xx_HAL_Driver/Src/stm32h7xx_hal_rcc.o
LOAD ./Drivers/STM32H7xx_HAL_Driver/Src/stm32h7xx_hal_rcc_ex.o
LOAD ./Drivers/STM32H7xx_HAL_Driver/Src/stm32h7xx_hal_tim.o
LOAD ./Drivers/STM32H7xx_HAL_Driver/Src/stm32h7xx_hal_tim_ex.o
LOAD ./Drivers/STM32H7xx_HAL_Driver/Src/stm32h7xx_hal_uart.o
LOAD ./Drivers/STM32H7xx_HAL_Driver/Src/stm32h7xx_hal_uart_ex.o
START GROUP
LOAD C:/ST/STM32CubeIDE_1.13.0/STM32CubeIDE/plugins/com.st.stm32cube.ide.mcu.externaltools.gnu-tools-for-stm32.11.3.rel1.win32_1.1.0.202305231506/tools/bin/../lib/gcc/arm-none-eabi/11.3.1/../../../../arm-none-eabi/lib/thumb/v7e-m+dp/hard\libc_nano.a
LOAD C:/ST/STM32CubeIDE_1.13.0/STM32CubeIDE/plugins/com.st.stm32cube.ide.mcu.externaltools.gnu-tools-for-stm32.11.3.rel1.win32_1.1.0.202305231506/tools/bin/../lib/gcc/arm-none-eabi/11.3.1/../../../../arm-none-eabi/lib/thumb/v7e-m+dp/hard\libm.a
END GROUP
START GROUP
LOAD C:/ST/STM32CubeIDE_1.13.0/STM32CubeIDE/plugins/com.st.stm32cube.ide.mcu.externaltools.gnu-tools-for-stm32.11.3.rel1.win32_1.1.0.202305231506/tools/bin/../lib/gcc/arm-none-eabi/11.3.1/thumb/v7e-m+dp/hard\libgcc.a
LOAD C:/ST/STM32CubeIDE_1.13.0/STM32CubeIDE/plugins/com.st.stm32cube.ide.mcu.externaltools.gnu-tools-for-stm32.11.3.rel1.win32_1.1.0.202305231506/tools/bin/../lib/gcc/arm-none-eabi/11.3.1/../../../../arm-none-eabi/lib/thumb/v7e-m+dp/hard\libc_nano.a
END GROUP
START GROUP
LOAD C:/ST/STM32CubeIDE_1.13.0/STM32CubeIDE/plugins/com.st.stm32cube.ide.mcu.externaltools.gnu-tools-for-stm32.11.3.rel1.win32_1.1.0.202305231506/tools/bin/../lib/gcc/arm-none-eabi/11.3.1/thumb/v7e-m+dp/hard\libgcc.a
LOAD C:/ST/STM32CubeIDE_1.13.0/STM32CubeIDE/plugins/com.st.stm32cube.ide.mcu.externaltools.gnu-tools-for-stm32.11.3.rel1.win32_1.1.0.202305231506/tools/bin/../lib/gcc/arm-none-eabi/11.3.1/../../../../arm-none-eabi/lib/thumb/v7e-m+dp/hard\libc_nano.a
LOAD C:/ST/STM32CubeIDE_1.13.0/STM32CubeIDE/plugins/com.st.stm32cube.ide.mcu.externaltools.gnu-tools-for-stm32.11.3.rel1.win32_1.1.0.202305231506/tools/bin/../lib/gcc/arm-none-eabi/11.3.1/../../../../arm-none-eabi/lib/thumb/v7e-m+dp/hard\libnosys.a
END GROUP
START GROUP
LOAD C:/ST/STM32CubeIDE_1.13.0/STM32CubeIDE/plugins/com.st.stm32cube.ide.mcu.externaltools.gnu-tools-for-stm32.11.3.rel1.win32_1.1.0.202305231506/tools/bin/../lib/gcc/arm-none-eabi/11.3.1/thumb/v7e-m+dp/hard\libgcc.a
LOAD C:/ST/STM32CubeIDE_1.13.0/STM32CubeIDE/plugins/com.st.stm32cube.ide.mcu.externaltools.gnu-tools-for-stm32.11.3.rel1.win32_1.1.0.202305231506/tools/bin/../lib/gcc/arm-none-eabi/11.3.1/../../../../arm-none-eabi/lib/thumb/v7e-m+dp/hard\libc_nano.a
LOAD C:/ST/STM32CubeIDE_1.13.0/STM32CubeIDE/plugins/com.st.stm32cube.ide.mcu.externaltools.gnu-tools-for-stm32.11.3.rel1.win32_1.1.0.202305231506/tools/bin/../lib/gcc/arm-none-eabi/11.3.1/../../../../arm-none-eabi/lib/thumb/v7e-m+dp/hard\libnosys.a
END GROUP
LOAD C:/ST/STM32CubeIDE_1.13.0/STM32CubeIDE/plugins/com.st.stm32cube.ide.mcu.externaltools.gnu-tools-for-stm32.11.3.rel1.win32_1.1.0.202305231506/tools/bin/../lib/gcc/arm-none-eabi/11.3.1/thumb/v7e-m+dp/hard/crtend.o
LOAD C:/ST/STM32CubeIDE_1.13.0/STM32CubeIDE/plugins/com.st.stm32cube.ide.mcu.externaltools.gnu-tools-for-stm32.11.3.rel1.win32_1.1.0.202305231506/tools/bin/../lib/gcc/arm-none-eabi/11.3.1/thumb/v7e-m+dp/hard/crtn.o
                0x0000000024080000                _estack = (ORIGIN (RAM_D1) + LENGTH (RAM_D1))
                0x0000000000000200                _Min_Heap_Size = 0x200
                0x0000000000003c00                _Min_Stack_Size = 0x3c00

.isr_vector     0x0000000008000000      0x298
                0x0000000008000000                . = ALIGN (0x4)
 *(.isr_vector)
 .isr_vector    0x0000000008000000      0x298 ./Core/Startup/startup_stm32h750vbtx.o
                0x0000000008000000                g_pfnVectors
                0x0000000008000298                . = ALIGN (0x4)

.text           0x00000000080002a0    0x107f4
                0x00000000080002a0                . = ALIGN (0x4)
 *(.text)
 .text          0x00000000080002a0       0x40 C:/ST/STM32CubeIDE_1.13.0/STM32CubeIDE/plugins/com.st.stm32cube.ide.mcu.externaltools.gnu-tools-for-stm32.11.3.rel1.win32_1.1.0.202305231506/tools/bin/../lib/gcc/arm-none-eabi/11.3.1/thumb/v7e-m+dp/hard/crtbegin.o
 .text          0x00000000080002e0       0x14 C:/ST/STM32CubeIDE_1.13.0/STM32CubeIDE/plugins/com.st.stm32cube.ide.mcu.externaltools.gnu-tools-for-stm32.11.3.rel1.win32_1.1.0.202305231506/tools/bin/../lib/gcc/arm-none-eabi/11.3.1/../../../../arm-none-eabi/lib/thumb/v7e-m+dp/hard\libc_nano.a(libc_a-strcmp.o)
                0x00000000080002e0                strcmp
 *fill*         0x00000000080002f4        0xc 
 .text          0x0000000008000300       0xa0 C:/ST/STM32CubeIDE_1.13.0/STM32CubeIDE/plugins/com.st.stm32cube.ide.mcu.externaltools.gnu-tools-for-stm32.11.3.rel1.win32_1.1.0.202305231506/tools/bin/../lib/gcc/arm-none-eabi/11.3.1/../../../../arm-none-eabi/lib/thumb/v7e-m+dp/hard\libc_nano.a(libc_a-memchr.o)
                0x0000000008000300                memchr
 .text          0x00000000080003a0       0x10 C:/ST/STM32CubeIDE_1.13.0/STM32CubeIDE/plugins/com.st.stm32cube.ide.mcu.externaltools.gnu-tools-for-stm32.11.3.rel1.win32_1.1.0.202305231506/tools/bin/../lib/gcc/arm-none-eabi/11.3.1/../../../../arm-none-eabi/lib/thumb/v7e-m+dp/hard\libc_nano.a(libc_a-strlen.o)
                0x00000000080003a0                strlen
 .text          0x00000000080003b0      0x378 C:/ST/STM32CubeIDE_1.13.0/STM32CubeIDE/plugins/com.st.stm32cube.ide.mcu.externaltools.gnu-tools-for-stm32.11.3.rel1.win32_1.1.0.202305231506/tools/bin/../lib/gcc/arm-none-eabi/11.3.1/thumb/v7e-m+dp/hard\libgcc.a(_arm_addsubdf3.o)
                0x00000000080003b0                __aeabi_drsub
                0x00000000080003b8                __aeabi_dsub
                0x00000000080003b8                __subdf3
                0x00000000080003bc                __aeabi_dadd
                0x00000000080003bc                __adddf3
                0x0000000008000634                __floatunsidf
                0x0000000008000634                __aeabi_ui2d
                0x0000000008000654                __floatsidf
                0x0000000008000654                __aeabi_i2d
                0x0000000008000678                __aeabi_f2d
                0x0000000008000678                __extendsfdf2
                0x00000000080006bc                __floatundidf
                0x00000000080006bc                __aeabi_ul2d
                0x00000000080006cc                __floatdidf
                0x00000000080006cc                __aeabi_l2d
 .text          0x0000000008000728       0x30 C:/ST/STM32CubeIDE_1.13.0/STM32CubeIDE/plugins/com.st.stm32cube.ide.mcu.externaltools.gnu-tools-for-stm32.11.3.rel1.win32_1.1.0.202305231506/tools/bin/../lib/gcc/arm-none-eabi/11.3.1/thumb/v7e-m+dp/hard\libgcc.a(_aeabi_uldivmod.o)
                0x0000000008000728                __aeabi_uldivmod
 .text          0x0000000008000758       0x30 C:/ST/STM32CubeIDE_1.13.0/STM32CubeIDE/plugins/com.st.stm32cube.ide.mcu.externaltools.gnu-tools-for-stm32.11.3.rel1.win32_1.1.0.202305231506/tools/bin/../lib/gcc/arm-none-eabi/11.3.1/thumb/v7e-m+dp/hard\libgcc.a(_fixdfdi.o)
                0x0000000008000758                __fixdfdi
                0x0000000008000758                __aeabi_d2lz
 .text          0x0000000008000788       0x40 C:/ST/STM32CubeIDE_1.13.0/STM32CubeIDE/plugins/com.st.stm32cube.ide.mcu.externaltools.gnu-tools-for-stm32.11.3.rel1.win32_1.1.0.202305231506/tools/bin/../lib/gcc/arm-none-eabi/11.3.1/thumb/v7e-m+dp/hard\libgcc.a(_fixunsdfdi.o)
                0x0000000008000788                __fixunsdfdi
                0x0000000008000788                __aeabi_d2ulz
 .text          0x00000000080007c8      0x2c8 C:/ST/STM32CubeIDE_1.13.0/STM32CubeIDE/plugins/com.st.stm32cube.ide.mcu.externaltools.gnu-tools-for-stm32.11.3.rel1.win32_1.1.0.202305231506/tools/bin/../lib/gcc/arm-none-eabi/11.3.1/thumb/v7e-m+dp/hard\libgcc.a(_udivmoddi4.o)
                0x00000000080007c8                __udivmoddi4
 .text          0x0000000008000a90        0x4 C:/ST/STM32CubeIDE_1.13.0/STM32CubeIDE/plugins/com.st.stm32cube.ide.mcu.externaltools.gnu-tools-for-stm32.11.3.rel1.win32_1.1.0.202305231506/tools/bin/../lib/gcc/arm-none-eabi/11.3.1/thumb/v7e-m+dp/hard\libgcc.a(_dvmd_tls.o)
                0x0000000008000a90                __aeabi_idiv0
                0x0000000008000a90                __aeabi_ldiv0
 *(.text*)
 .text.Init_FT5436
                0x0000000008000a94       0xe0 ./Core/FT5436/ft5436.o
                0x0000000008000a94                Init_FT5436
 .text.request_available_points
                0x0000000008000b74       0x6c ./Core/FT5436/ft5436.o
                0x0000000008000b74                request_available_points
 .text.transmission_complete_callback
                0x0000000008000be0       0x9c ./Core/FT5436/ft5436.o
                0x0000000008000be0                transmission_complete_callback
 .text.reception_complete_callback
                0x0000000008000c7c       0xe8 ./Core/FT5436/ft5436.o
                0x0000000008000c7c                reception_complete_callback
 .text.HAL_I2C_MasterTxCpltCallback
                0x0000000008000d64       0x18 ./Core/FT5436/ft5436.o
                0x0000000008000d64                HAL_I2C_MasterTxCpltCallback
 .text.HAL_I2C_MasterRxCpltCallback
                0x0000000008000d7c       0x18 ./Core/FT5436/ft5436.o
                0x0000000008000d7c                HAL_I2C_MasterRxCpltCallback
 .text.pendant_data_to_action
                0x0000000008000d94      0x17c ./Core/MPGmovement/mpg_movement.o
                0x0000000008000d94                pendant_data_to_action
 .text.connect_pendant
                0x0000000008000f10       0x18 ./Core/MPGpendant/mpg_pendant.o
                0x0000000008000f10                connect_pendant
 .text.disconnect_pendant
                0x0000000008000f28       0x1c ./Core/MPGpendant/mpg_pendant.o
                0x0000000008000f28                disconnect_pendant
 .text.request_pendant_data
                0x0000000008000f44       0x30 ./Core/MPGpendant/mpg_pendant.o
                0x0000000008000f44                request_pendant_data
 .text.get_pendant_status
                0x0000000008000f74        0xc ./Core/MPGpendant/mpg_pendant.o
                0x0000000008000f74                get_pendant_status
 .text.set_pendant_status
                0x0000000008000f80       0x10 ./Core/MPGpendant/mpg_pendant.o
                0x0000000008000f80                set_pendant_status
 .text.Lcd_Write
                0x0000000008000f90       0x78 ./Core/R61529/r61529.o
                0x0000000008000f90                Lcd_Write
 .text.Lcd_Write_Reg
                0x0000000008001008        0x6 ./Core/R61529/r61529.o
                0x0000000008001008                Lcd_Write_Reg
 .text.Lcd_Write_Data
                0x000000000800100e        0x6 ./Core/R61529/r61529.o
                0x000000000800100e                Lcd_Write_Data
 .text.R61529_SetAddrWindow
                0x0000000008001014       0x50 ./Core/R61529/r61529.o
                0x0000000008001014                R61529_SetAddrWindow
 .text.Init_R61529
                0x0000000008001064      0x434 ./Core/R61529/r61529.o
                0x0000000008001064                Init_R61529
 .text.R61529_SetRotation
                0x0000000008001498       0x54 ./Core/R61529/r61529.o
                0x0000000008001498                R61529_SetRotation
 .text.R61529_Flood
                0x00000000080014ec       0x5e ./Core/R61529/r61529.o
                0x00000000080014ec                R61529_Flood
 *fill*         0x000000000800154a        0x2 
 .text.R61529_FillScreen
                0x000000000800154c       0x34 ./Core/R61529/r61529.o
                0x000000000800154c                R61529_FillScreen
 .text.R61529_DrawPixel
                0x0000000008001580       0x3c ./Core/R61529/r61529.o
                0x0000000008001580                R61529_DrawPixel
 .text.R61529_DrawLine
                0x00000000080015bc       0x9e ./Core/R61529/r61529.o
                0x00000000080015bc                R61529_DrawLine
 .text.R61529_FillRect
                0x000000000800165a       0x6e ./Core/R61529/r61529.o
                0x000000000800165a                R61529_FillRect
 .text.R61529_DrawRect
                0x00000000080016c8       0x4c ./Core/R61529/r61529.o
                0x00000000080016c8                R61529_DrawRect
 .text.R61529_WriteString
                0x0000000008001714       0xd0 ./Core/R61529/r61529.o
                0x0000000008001714                R61529_WriteString
 .text.enable_buzzer
                0x00000000080017e4        0xc ./Core/SoundFX/sound_fx.o
                0x00000000080017e4                enable_buzzer
 .text.buzzer_short_ring
                0x00000000080017f0       0x6c ./Core/SoundFX/sound_fx.o
                0x00000000080017f0                buzzer_short_ring
 .text.update_button_status
                0x000000000800185c       0x84 ./Core/Src/buttons.o
                0x000000000800185c                update_button_status
 .text.clear_button_statuses
                0x00000000080018e0       0x24 ./Core/Src/buttons.o
                0x00000000080018e0                clear_button_statuses
 .text.set_button_channel
                0x0000000008001904       0x38 ./Core/Src/buttons.o
                0x0000000008001904                set_button_channel
 .text.get_button_state
                0x000000000800193c        0xc ./Core/Src/buttons.o
                0x000000000800193c                get_button_state
 .text.SystemClock_Config
                0x0000000008001948       0xb4 ./Core/Src/main.o
                0x0000000008001948                SystemClock_Config
 .text.PeriphCommonClock_Config
                0x00000000080019fc       0x48 ./Core/Src/main.o
                0x00000000080019fc                PeriphCommonClock_Config
 .text.Init_interfaces
                0x0000000008001a44       0xd0 ./Core/Src/main.o
                0x0000000008001a44                Init_interfaces
 .text.startup.main
                0x0000000008001b14      0x544 ./Core/Src/main.o
                0x0000000008001b14                main
 .text.Error_Handler
                0x0000000008002058        0x4 ./Core/Src/main.o
                0x0000000008002058                Error_Handler
 .text.init_button_inputs
                0x000000000800205c       0x60 ./Core/Src/r61529_screen_menu.o
                0x000000000800205c                init_button_inputs
 .text.clear_button_channel_cnts
                0x00000000080020bc       0x28 ./Core/Src/r61529_screen_menu.o
                0x00000000080020bc                clear_button_channel_cnts
 .text.touch_select_submenu
                0x00000000080020e4       0xd8 ./Core/Src/r61529_screen_menu.o
                0x00000000080020e4                touch_select_submenu
 .text.touch_exit_submenu
                0x00000000080021bc       0x30 ./Core/Src/r61529_screen_menu.o
                0x00000000080021bc                touch_exit_submenu
 .text.delete_submenu
                0x00000000080021ec       0x36 ./Core/Src/r61529_screen_menu.o
                0x00000000080021ec                delete_submenu
 *fill*         0x0000000008002222        0x2 
 .text.select_submenu
                0x0000000008002224       0x78 ./Core/Src/r61529_screen_menu.o
                0x0000000008002224                select_submenu
 .text.unselect_submenu
                0x000000000800229c       0x7c ./Core/Src/r61529_screen_menu.o
                0x000000000800229c                unselect_submenu
 .text.delete_setting
                0x0000000008002318       0x2c ./Core/Src/r61529_screen_menu.o
                0x0000000008002318                delete_setting
 .text.select_setting
                0x0000000008002344       0x74 ./Core/Src/r61529_screen_menu.o
                0x0000000008002344                select_setting
 .text.unselect_setting
                0x00000000080023b8       0x74 ./Core/Src/r61529_screen_menu.o
                0x00000000080023b8                unselect_setting
 .text.mpg_axes_delete_setting
                0x000000000800242c       0x2a ./Core/Src/r61529_screen_menu.o
                0x000000000800242c                mpg_axes_delete_setting
 *fill*         0x0000000008002456        0x2 
 .text.mpg_axes_select_setting
                0x0000000008002458       0x70 ./Core/Src/r61529_screen_menu.o
                0x0000000008002458                mpg_axes_select_setting
 .text.mpg_axes_unselect_setting
                0x00000000080024c8       0x70 ./Core/Src/r61529_screen_menu.o
                0x00000000080024c8                mpg_axes_unselect_setting
 .text.mpg_spindle_delete_setting
                0x0000000008002538       0x1a ./Core/Src/r61529_screen_menu.o
                0x0000000008002538                mpg_spindle_delete_setting
 *fill*         0x0000000008002552        0x2 
 .text.mpg_spindle_select_setting
                0x0000000008002554       0x44 ./Core/Src/r61529_screen_menu.o
                0x0000000008002554                mpg_spindle_select_setting
 .text.mpg_spindle_unselect_setting
                0x0000000008002598       0x44 ./Core/Src/r61529_screen_menu.o
                0x0000000008002598                mpg_spindle_unselect_setting
 .text.auto_mode_update_screen
                0x00000000080025dc      0x3d4 ./Core/Src/r61529_screen_menu.o
                0x00000000080025dc                auto_mode_update_screen
 .text.manual_mode_update_screen
                0x00000000080029b0      0x60c ./Core/Src/r61529_screen_menu.o
                0x00000000080029b0                manual_mode_update_screen
 .text.screen_brightness_setting_update_screen
                0x0000000008002fbc       0x84 ./Core/Src/r61529_screen_menu.o
                0x0000000008002fbc                screen_brightness_setting_update_screen
 .text.delete_x_axis_dist_setting
                0x0000000008003040       0x30 ./Core/Src/r61529_screen_menu.o
                0x0000000008003040                delete_x_axis_dist_setting
 .text.delete_menu
                0x0000000008003070      0x35c ./Core/Src/r61529_screen_menu.o
                0x0000000008003070                delete_menu
 .text.select_x_axis_dist_setting
                0x00000000080033cc       0xc0 ./Core/Src/r61529_screen_menu.o
                0x00000000080033cc                select_x_axis_dist_setting
 .text.unselect_x_axis_dist_setting
                0x000000000800348c       0xc0 ./Core/Src/r61529_screen_menu.o
                0x000000000800348c                unselect_x_axis_dist_setting
 .text.select_yz_axis_dist_setting
                0x000000000800354c       0xc0 ./Core/Src/r61529_screen_menu.o
                0x000000000800354c                select_yz_axis_dist_setting
 .text.unselect_yz_axis_dist_setting
                0x000000000800360c       0xc0 ./Core/Src/r61529_screen_menu.o
                0x000000000800360c                unselect_yz_axis_dist_setting
 .text.select_jog_feed_setting
                0x00000000080036cc       0xc0 ./Core/Src/r61529_screen_menu.o
                0x00000000080036cc                select_jog_feed_setting
 .text.unselect_jog_feed_setting
                0x000000000800378c       0xc0 ./Core/Src/r61529_screen_menu.o
                0x000000000800378c                unselect_jog_feed_setting
 .text.mpg_axes_update_settings
                0x000000000800384c      0x110 ./Core/Src/r61529_screen_menu.o
                0x000000000800384c                mpg_axes_update_settings
 .text.mpg_spindle_update_setting
                0x000000000800395c       0xa4 ./Core/Src/r61529_screen_menu.o
                0x000000000800395c                mpg_spindle_update_setting
 .text.draw_menu
                0x0000000008003a00      0x5e4 ./Core/Src/r61529_screen_menu.o
                0x0000000008003a00                draw_menu
 .text.draw_loading_screen
                0x0000000008003fe4       0x78 ./Core/Src/r61529_screen_menu.o
                0x0000000008003fe4                draw_loading_screen
 .text.process_pendant_data_to_action
                0x000000000800405c       0xcc ./Core/Src/r61529_screen_menu.o
                0x000000000800405c                process_pendant_data_to_action
 .text.r61529_screen_menu
                0x0000000008004128      0xc7c ./Core/Src/r61529_screen_menu.o
                0x0000000008004128                r61529_screen_menu
 .text.HAL_MspInit
                0x0000000008004da4       0x24 ./Core/Src/stm32h7xx_hal_msp.o
                0x0000000008004da4                HAL_MspInit
 .text.HAL_I2C_MspInit
                0x0000000008004dc8      0x254 ./Core/Src/stm32h7xx_hal_msp.o
                0x0000000008004dc8                HAL_I2C_MspInit
 .text.HAL_TIM_Base_MspInit
                0x000000000800501c       0x48 ./Core/Src/stm32h7xx_hal_msp.o
                0x000000000800501c                HAL_TIM_Base_MspInit
 .text.HAL_TIM_PWM_MspInit
                0x0000000008005064       0x6c ./Core/Src/stm32h7xx_hal_msp.o
                0x0000000008005064                HAL_TIM_PWM_MspInit
 .text.HAL_TIM_MspPostInit
                0x00000000080050d0       0x90 ./Core/Src/stm32h7xx_hal_msp.o
                0x00000000080050d0                HAL_TIM_MspPostInit
 .text.HAL_UART_MspInit
                0x0000000008005160      0x258 ./Core/Src/stm32h7xx_hal_msp.o
                0x0000000008005160                HAL_UART_MspInit
 .text.NMI_Handler
                0x00000000080053b8        0x2 ./Core/Src/stm32h7xx_it.o
                0x00000000080053b8                NMI_Handler
 .text.HardFault_Handler
                0x00000000080053ba        0x2 ./Core/Src/stm32h7xx_it.o
                0x00000000080053ba                HardFault_Handler
 .text.MemManage_Handler
                0x00000000080053bc        0x2 ./Core/Src/stm32h7xx_it.o
                0x00000000080053bc                MemManage_Handler
 .text.BusFault_Handler
                0x00000000080053be        0x2 ./Core/Src/stm32h7xx_it.o
                0x00000000080053be                BusFault_Handler
 .text.UsageFault_Handler
                0x00000000080053c0        0x2 ./Core/Src/stm32h7xx_it.o
                0x00000000080053c0                UsageFault_Handler
 .text.SVC_Handler
                0x00000000080053c2        0x2 ./Core/Src/stm32h7xx_it.o
                0x00000000080053c2                SVC_Handler
 .text.DebugMon_Handler
                0x00000000080053c4        0x2 ./Core/Src/stm32h7xx_it.o
                0x00000000080053c4                DebugMon_Handler
 .text.PendSV_Handler
                0x00000000080053c6        0x2 ./Core/Src/stm32h7xx_it.o
                0x00000000080053c6                PendSV_Handler
 .text.SysTick_Handler
                0x00000000080053c8        0x4 ./Core/Src/stm32h7xx_it.o
                0x00000000080053c8                SysTick_Handler
 .text.DMA1_Stream0_IRQHandler
                0x00000000080053cc       0x40 ./Core/Src/stm32h7xx_it.o
                0x00000000080053cc                DMA1_Stream0_IRQHandler
 .text.DMA1_Stream1_IRQHandler
                0x000000000800540c       0x40 ./Core/Src/stm32h7xx_it.o
                0x000000000800540c                DMA1_Stream1_IRQHandler
 .text.DMA1_Stream2_IRQHandler
                0x000000000800544c        0xc ./Core/Src/stm32h7xx_it.o
                0x000000000800544c                DMA1_Stream2_IRQHandler
 .text.DMA1_Stream3_IRQHandler
                0x0000000008005458        0xc ./Core/Src/stm32h7xx_it.o
                0x0000000008005458                DMA1_Stream3_IRQHandler
 .text.DMA1_Stream4_IRQHandler
                0x0000000008005464        0xc ./Core/Src/stm32h7xx_it.o
                0x0000000008005464                DMA1_Stream4_IRQHandler
 .text.DMA1_Stream5_IRQHandler
                0x0000000008005470        0xc ./Core/Src/stm32h7xx_it.o
                0x0000000008005470                DMA1_Stream5_IRQHandler
 .text.EXTI9_5_IRQHandler
                0x000000000800547c       0x1c ./Core/Src/stm32h7xx_it.o
                0x000000000800547c                EXTI9_5_IRQHandler
 .text.TIM4_IRQHandler
                0x0000000008005498       0x44 ./Core/Src/stm32h7xx_it.o
                0x0000000008005498                TIM4_IRQHandler
 .text.USART2_IRQHandler
                0x00000000080054dc        0xc ./Core/Src/stm32h7xx_it.o
                0x00000000080054dc                USART2_IRQHandler
 .text.USART3_IRQHandler
                0x00000000080054e8        0xc ./Core/Src/stm32h7xx_it.o
                0x00000000080054e8                USART3_IRQHandler
 .text.UART4_IRQHandler
                0x00000000080054f4        0xc ./Core/Src/stm32h7xx_it.o
                0x00000000080054f4                UART4_IRQHandler
 .text.I2C3_EV_IRQHandler
                0x0000000008005500        0xc ./Core/Src/stm32h7xx_it.o
                0x0000000008005500                I2C3_EV_IRQHandler
 .text.I2C3_ER_IRQHandler
                0x000000000800550c        0xc ./Core/Src/stm32h7xx_it.o
                0x000000000800550c                I2C3_ER_IRQHandler
 .text.start_grbl_uart_reception
                0x0000000008005518       0x98 ./Core/Src/stm32h7xx_it.o
                0x0000000008005518                start_grbl_uart_reception
 .text.HAL_UARTEx_RxEventCallback
                0x00000000080055b0       0xf4 ./Core/Src/stm32h7xx_it.o
                0x00000000080055b0                HAL_UARTEx_RxEventCallback
 .text.turn_on_buzzer
                0x00000000080056a4       0x30 ./Core/Src/stm32h7xx_it.o
                0x00000000080056a4                turn_on_buzzer
 .text.start_pendant_connection
                0x00000000080056d4       0x34 ./Core/Src/stm32h7xx_it.o
                0x00000000080056d4                start_pendant_connection
 .text.start_pendant_disconnection
                0x0000000008005708       0x34 ./Core/Src/stm32h7xx_it.o
                0x0000000008005708                start_pendant_disconnection
 .text.start_pendant_reception
                0x000000000800573c       0xb8 ./Core/Src/stm32h7xx_it.o
                0x000000000800573c                start_pendant_reception
 .text.TIM1_UP_IRQHandler
                0x00000000080057f4      0x120 ./Core/Src/stm32h7xx_it.o
                0x00000000080057f4                TIM1_UP_IRQHandler
 .text._getpid  0x0000000008005914        0x4 ./Core/Src/syscalls.o
                0x0000000008005914                _getpid
 .text._kill    0x0000000008005918       0x10 ./Core/Src/syscalls.o
                0x0000000008005918                _kill
 .text._exit    0x0000000008005928        0xc ./Core/Src/syscalls.o
                0x0000000008005928                _exit
 .text._read    0x0000000008005934       0x1c ./Core/Src/syscalls.o
                0x0000000008005934                _read
 .text._write   0x0000000008005950       0x1c ./Core/Src/syscalls.o
                0x0000000008005950                _write
 .text._close   0x000000000800596c        0x6 ./Core/Src/syscalls.o
                0x000000000800596c                _close
 .text._fstat   0x0000000008005972        0xa ./Core/Src/syscalls.o
                0x0000000008005972                _fstat
 .text._isatty  0x000000000800597c        0x4 ./Core/Src/syscalls.o
                0x000000000800597c                _isatty
 .text._lseek   0x0000000008005980        0x4 ./Core/Src/syscalls.o
                0x0000000008005980                _lseek
 .text._sbrk    0x0000000008005984       0x40 ./Core/Src/sysmem.o
                0x0000000008005984                _sbrk
 .text.SystemInit
                0x00000000080059c4       0xc0 ./Core/Src/system_stm32h7xx.o
                0x00000000080059c4                SystemInit
 .text.delay_ms
                0x0000000008005a84       0x18 ./Core/Src/systick_timer.o
                0x0000000008005a84                delay_ms
 .text.reset_wait_ms_ch
                0x0000000008005a9c       0x14 ./Core/Src/systick_timer.o
                0x0000000008005a9c                reset_wait_ms_ch
 .text.wait_ms_ch
                0x0000000008005ab0       0x4c ./Core/Src/systick_timer.o
                0x0000000008005ab0                wait_ms_ch
 .text.Reset_Handler
                0x0000000008005afc       0x50 ./Core/Startup/startup_stm32h750vbtx.o
                0x0000000008005afc                Reset_Handler
 .text.Default_Handler
                0x0000000008005b4c        0x2 ./Core/Startup/startup_stm32h750vbtx.o
                0x0000000008005b4c                RTC_Alarm_IRQHandler
                0x0000000008005b4c                HASH_RNG_IRQHandler
                0x0000000008005b4c                EXTI2_IRQHandler
                0x0000000008005b4c                TIM8_CC_IRQHandler
                0x0000000008005b4c                HRTIM1_Master_IRQHandler
                0x0000000008005b4c                UART8_IRQHandler
                0x0000000008005b4c                SPI4_IRQHandler
                0x0000000008005b4c                TIM1_CC_IRQHandler
                0x0000000008005b4c                BDMA_Channel6_IRQHandler
                0x0000000008005b4c                DMA2_Stream5_IRQHandler
                0x0000000008005b4c                HRTIM1_FLT_IRQHandler
                0x0000000008005b4c                JPEG_IRQHandler
                0x0000000008005b4c                BDMA_Channel1_IRQHandler
                0x0000000008005b4c                HRTIM1_TIMD_IRQHandler
                0x0000000008005b4c                TAMP_STAMP_IRQHandler
                0x0000000008005b4c                EXTI3_IRQHandler
                0x0000000008005b4c                LPTIM4_IRQHandler
                0x0000000008005b4c                TIM8_TRG_COM_TIM14_IRQHandler
                0x0000000008005b4c                LPTIM2_IRQHandler
                0x0000000008005b4c                DFSDM1_FLT1_IRQHandler
                0x0000000008005b4c                DMAMUX2_OVR_IRQHandler
                0x0000000008005b4c                TIM8_UP_TIM13_IRQHandler
                0x0000000008005b4c                DFSDM1_FLT2_IRQHandler
                0x0000000008005b4c                MDMA_IRQHandler
                0x0000000008005b4c                LPTIM3_IRQHandler
                0x0000000008005b4c                HSEM1_IRQHandler
                0x0000000008005b4c                EXTI0_IRQHandler
                0x0000000008005b4c                I2C2_EV_IRQHandler
                0x0000000008005b4c                FPU_IRQHandler
                0x0000000008005b4c                OTG_HS_WKUP_IRQHandler
                0x0000000008005b4c                FDCAN1_IT1_IRQHandler
                0x0000000008005b4c                LTDC_ER_IRQHandler
                0x0000000008005b4c                DMA2_Stream2_IRQHandler
                0x0000000008005b4c                HRTIM1_TIME_IRQHandler
                0x0000000008005b4c                SPI1_IRQHandler
                0x0000000008005b4c                TIM6_DAC_IRQHandler
                0x0000000008005b4c                DCMI_IRQHandler
                0x0000000008005b4c                HRTIM1_TIMC_IRQHandler
                0x0000000008005b4c                DMA2_Stream3_IRQHandler
                0x0000000008005b4c                SAI2_IRQHandler
                0x0000000008005b4c                DFSDM1_FLT3_IRQHandler
                0x0000000008005b4c                USART6_IRQHandler
                0x0000000008005b4c                TIM17_IRQHandler
                0x0000000008005b4c                BDMA_Channel7_IRQHandler
                0x0000000008005b4c                CRYP_IRQHandler
                0x0000000008005b4c                LPTIM5_IRQHandler
                0x0000000008005b4c                UART5_IRQHandler
                0x0000000008005b4c                ADC3_IRQHandler
                0x0000000008005b4c                DMA2_Stream0_IRQHandler
                0x0000000008005b4c                BDMA_Channel2_IRQHandler
                0x0000000008005b4c                QUADSPI_IRQHandler
                0x0000000008005b4c                I2C1_EV_IRQHandler
                0x0000000008005b4c                DMA1_Stream6_IRQHandler
                0x0000000008005b4c                DMAMUX1_OVR_IRQHandler
                0x0000000008005b4c                TIM16_IRQHandler
                0x0000000008005b4c                BDMA_Channel5_IRQHandler
                0x0000000008005b4c                TIM3_IRQHandler
                0x0000000008005b4c                RCC_IRQHandler
                0x0000000008005b4c                TIM8_BRK_TIM12_IRQHandler
                0x0000000008005b4c                TIM1_TRG_COM_IRQHandler
                0x0000000008005b4c                Default_Handler
                0x0000000008005b4c                ECC_IRQHandler
                0x0000000008005b4c                CEC_IRQHandler
                0x0000000008005b4c                EXTI15_10_IRQHandler
                0x0000000008005b4c                BDMA_Channel0_IRQHandler
                0x0000000008005b4c                ADC_IRQHandler
                0x0000000008005b4c                DMA1_Stream7_IRQHandler
                0x0000000008005b4c                HRTIM1_TIMA_IRQHandler
                0x0000000008005b4c                SPI5_IRQHandler
                0x0000000008005b4c                TIM7_IRQHandler
                0x0000000008005b4c                SDMMC1_IRQHandler
                0x0000000008005b4c                TIM5_IRQHandler
                0x0000000008005b4c                DMA2_Stream7_IRQHandler
                0x0000000008005b4c                TIM15_IRQHandler
                0x0000000008005b4c                PVD_AVD_IRQHandler
                0x0000000008005b4c                RTC_WKUP_IRQHandler
                0x0000000008005b4c                LTDC_IRQHandler
                0x0000000008005b4c                SAI3_IRQHandler
                0x0000000008005b4c                ETH_WKUP_IRQHandler
                0x0000000008005b4c                SPDIF_RX_IRQHandler
                0x0000000008005b4c                SPI2_IRQHandler
                0x0000000008005b4c                OTG_HS_EP1_IN_IRQHandler
                0x0000000008005b4c                CRS_IRQHandler
                0x0000000008005b4c                EXTI4_IRQHandler
                0x0000000008005b4c                HRTIM1_TIMB_IRQHandler
                0x0000000008005b4c                FDCAN2_IT1_IRQHandler
                0x0000000008005b4c                ETH_IRQHandler
                0x0000000008005b4c                BDMA_Channel4_IRQHandler
                0x0000000008005b4c                OTG_HS_EP1_OUT_IRQHandler
                0x0000000008005b4c                WWDG_IRQHandler
                0x0000000008005b4c                SPI6_IRQHandler
                0x0000000008005b4c                MDIOS_IRQHandler
                0x0000000008005b4c                I2C4_EV_IRQHandler
                0x0000000008005b4c                FDCAN2_IT0_IRQHandler
                0x0000000008005b4c                LPUART1_IRQHandler
                0x0000000008005b4c                FDCAN1_IT0_IRQHandler
                0x0000000008005b4c                TIM2_IRQHandler
                0x0000000008005b4c                OTG_FS_WKUP_IRQHandler
                0x0000000008005b4c                OTG_HS_IRQHandler
                0x0000000008005b4c                DMA2D_IRQHandler
                0x0000000008005b4c                TIM1_BRK_IRQHandler
                0x0000000008005b4c                EXTI1_IRQHandler
                0x0000000008005b4c                SDMMC2_IRQHandler
                0x0000000008005b4c                OTG_FS_EP1_OUT_IRQHandler
                0x0000000008005b4c                BDMA_Channel3_IRQHandler
                0x0000000008005b4c                UART7_IRQHandler
                0x0000000008005b4c                MDIOS_WKUP_IRQHandler
                0x0000000008005b4c                DFSDM1_FLT0_IRQHandler
                0x0000000008005b4c                SAI4_IRQHandler
                0x0000000008005b4c                I2C2_ER_IRQHandler
                0x0000000008005b4c                DMA2_Stream1_IRQHandler
                0x0000000008005b4c                FLASH_IRQHandler
                0x0000000008005b4c                DMA2_Stream4_IRQHandler
                0x0000000008005b4c                USART1_IRQHandler
                0x0000000008005b4c                OTG_FS_IRQHandler
                0x0000000008005b4c                SPI3_IRQHandler
                0x0000000008005b4c                WAKEUP_PIN_IRQHandler
                0x0000000008005b4c                OTG_FS_EP1_IN_IRQHandler
                0x0000000008005b4c                I2C1_ER_IRQHandler
                0x0000000008005b4c                FMC_IRQHandler
                0x0000000008005b4c                FDCAN_CAL_IRQHandler
                0x0000000008005b4c                SWPMI1_IRQHandler
                0x0000000008005b4c                COMP1_IRQHandler
                0x0000000008005b4c                LPTIM1_IRQHandler
                0x0000000008005b4c                I2C4_ER_IRQHandler
                0x0000000008005b4c                DMA2_Stream6_IRQHandler
                0x0000000008005b4c                SAI1_IRQHandler
 *fill*         0x0000000008005b4e        0x2 
 .text.setLeds  0x0000000008005b50       0x44 ./Core/grblHALComm/parser.o
                0x0000000008005b50                setLeds
 .text.parseDecimal
                0x0000000008005b94       0x26 ./Core/grblHALComm/parser.o
                0x0000000008005b94                parseDecimal
 .text.parseUint
                0x0000000008005bba       0x1a ./Core/grblHALComm/parser.o
                0x0000000008005bba                parseUint
 .text.parsePositions
                0x0000000008005bd4       0x78 ./Core/grblHALComm/parser.o
                0x0000000008005bd4                parsePositions
 .text.parseOffsets
                0x0000000008005c4c       0xd4 ./Core/grblHALComm/parser.o
                0x0000000008005c4c                parseOffsets
 .text.parseOverrides
                0x0000000008005d20       0x78 ./Core/grblHALComm/parser.o
                0x0000000008005d20                parseOverrides
 .text.parseFeedSpeed
                0x0000000008005d98       0x7c ./Core/grblHALComm/parser.o
                0x0000000008005d98                parseFeedSpeed
 .text.grblClearAlarm
                0x0000000008005e14       0x24 ./Core/grblHALComm/parser.o
                0x0000000008005e14                grblClearAlarm
 .text.grblClearError
                0x0000000008005e38       0x24 ./Core/grblHALComm/parser.o
                0x0000000008005e38                grblClearError
 .text.grblClearMessage
                0x0000000008005e5c       0x24 ./Core/grblHALComm/parser.o
                0x0000000008005e5c                grblClearMessage
 .text.grblParseState
                0x0000000008005e80       0x74 ./Core/grblHALComm/parser.o
                0x0000000008005e80                grblParseState
 .text.parseData
                0x0000000008005ef4      0x6d0 ./Core/grblHALComm/parser.o
                0x0000000008005ef4                parseData
 .text.parseInfo
                0x00000000080065c4       0xf8 ./Core/grblHALComm/parser.o
                0x00000000080065c4                parseInfo
 .text.parseSettings
                0x00000000080066bc      0x194 ./Core/grblHALComm/parser.o
                0x00000000080066bc                parseSettings
 .text.enable_mpg
                0x0000000008006850       0x4c ./Core/grblHALComm/sender.o
                0x0000000008006850                enable_mpg
 .text.disable_mpg
                0x000000000800689c       0x54 ./Core/grblHALComm/sender.o
                0x000000000800689c                disable_mpg
 .text.grbl_send_packet
                0x00000000080068f0       0x20 ./Core/grblHALComm/sender.o
                0x00000000080068f0                grbl_send_packet
 .text.request_report
                0x0000000008006910       0x20 ./Core/grblHALComm/sender.o
                0x0000000008006910                request_report
 .text.HAL_InitTick
                0x0000000008006930       0x4c ./Drivers/STM32H7xx_HAL_Driver/Src/stm32h7xx_hal.o
                0x0000000008006930                HAL_InitTick
 .text.HAL_Init
                0x000000000800697c       0x5c ./Drivers/STM32H7xx_HAL_Driver/Src/stm32h7xx_hal.o
                0x000000000800697c                HAL_Init
 .text.HAL_IncTick
                0x00000000080069d8       0x18 ./Drivers/STM32H7xx_HAL_Driver/Src/stm32h7xx_hal.o
                0x00000000080069d8                HAL_IncTick
 .text.HAL_GetTick
                0x00000000080069f0        0xc ./Drivers/STM32H7xx_HAL_Driver/Src/stm32h7xx_hal.o
                0x00000000080069f0                HAL_GetTick
 .text.HAL_Delay
                0x00000000080069fc       0x24 ./Drivers/STM32H7xx_HAL_Driver/Src/stm32h7xx_hal.o
                0x00000000080069fc                HAL_Delay
 .text.HAL_GetREVID
                0x0000000008006a20        0xc ./Drivers/STM32H7xx_HAL_Driver/Src/stm32h7xx_hal.o
                0x0000000008006a20                HAL_GetREVID
 .text.HAL_NVIC_SetPriorityGrouping
                0x0000000008006a2c       0x24 ./Drivers/STM32H7xx_HAL_Driver/Src/stm32h7xx_hal_cortex.o
                0x0000000008006a2c                HAL_NVIC_SetPriorityGrouping
 .text.HAL_NVIC_SetPriority
                0x0000000008006a50       0x64 ./Drivers/STM32H7xx_HAL_Driver/Src/stm32h7xx_hal_cortex.o
                0x0000000008006a50                HAL_NVIC_SetPriority
 .text.HAL_NVIC_EnableIRQ
                0x0000000008006ab4       0x1c ./Drivers/STM32H7xx_HAL_Driver/Src/stm32h7xx_hal_cortex.o
                0x0000000008006ab4                HAL_NVIC_EnableIRQ
 .text.HAL_SYSTICK_Config
                0x0000000008006ad0       0x28 ./Drivers/STM32H7xx_HAL_Driver/Src/stm32h7xx_hal_cortex.o
                0x0000000008006ad0                HAL_SYSTICK_Config
 .text.DMA_SetConfig
                0x0000000008006af8      0x184 ./Drivers/STM32H7xx_HAL_Driver/Src/stm32h7xx_hal_dma.o
 .text.DMA_CalcBaseAndBitshift
                0x0000000008006c7c       0x98 ./Drivers/STM32H7xx_HAL_Driver/Src/stm32h7xx_hal_dma.o
 .text.DMA_CalcDMAMUXChannelBaseAndMask
                0x0000000008006d14       0x98 ./Drivers/STM32H7xx_HAL_Driver/Src/stm32h7xx_hal_dma.o
 .text.DMA_CalcDMAMUXRequestGenBaseAndMask
                0x0000000008006dac       0x70 ./Drivers/STM32H7xx_HAL_Driver/Src/stm32h7xx_hal_dma.o
 .text.HAL_DMA_Init
                0x0000000008006e1c      0x340 ./Drivers/STM32H7xx_HAL_Driver/Src/stm32h7xx_hal_dma.o
                0x0000000008006e1c                HAL_DMA_Init
 .text.HAL_DMA_Start_IT
                0x000000000800715c      0x234 ./Drivers/STM32H7xx_HAL_Driver/Src/stm32h7xx_hal_dma.o
                0x000000000800715c                HAL_DMA_Start_IT
 .text.HAL_DMA_Abort
                0x0000000008007390      0x34c ./Drivers/STM32H7xx_HAL_Driver/Src/stm32h7xx_hal_dma.o
                0x0000000008007390                HAL_DMA_Abort
 .text.HAL_DMA_Abort_IT
                0x00000000080076dc      0x120 ./Drivers/STM32H7xx_HAL_Driver/Src/stm32h7xx_hal_dma.o
                0x00000000080076dc                HAL_DMA_Abort_IT
 .text.HAL_DMA_IRQHandler
                0x00000000080077fc      0x39c ./Drivers/STM32H7xx_HAL_Driver/Src/stm32h7xx_hal_dma.o
                0x00000000080077fc                HAL_DMA_IRQHandler
 .text.HAL_DMA_GetState
                0x0000000008007b98        0x6 ./Drivers/STM32H7xx_HAL_Driver/Src/stm32h7xx_hal_dma.o
                0x0000000008007b98                HAL_DMA_GetState
 .text.HAL_DMA_GetError
                0x0000000008007b9e        0x4 ./Drivers/STM32H7xx_HAL_Driver/Src/stm32h7xx_hal_dma.o
                0x0000000008007b9e                HAL_DMA_GetError
 *fill*         0x0000000008007ba2        0x2 
 .text.HAL_GPIO_Init
                0x0000000008007ba4      0x1d4 ./Drivers/STM32H7xx_HAL_Driver/Src/stm32h7xx_hal_gpio.o
                0x0000000008007ba4                HAL_GPIO_Init
 .text.HAL_GPIO_ReadPin
                0x0000000008007d78        0xc ./Drivers/STM32H7xx_HAL_Driver/Src/stm32h7xx_hal_gpio.o
                0x0000000008007d78                HAL_GPIO_ReadPin
 .text.HAL_GPIO_WritePin
                0x0000000008007d84        0xa ./Drivers/STM32H7xx_HAL_Driver/Src/stm32h7xx_hal_gpio.o
                0x0000000008007d84                HAL_GPIO_WritePin
 .text.HAL_GPIO_EXTI_Callback
                0x0000000008007d8e        0x2 ./Drivers/STM32H7xx_HAL_Driver/Src/stm32h7xx_hal_gpio.o
                0x0000000008007d8e                HAL_GPIO_EXTI_Callback
 .text.HAL_GPIO_EXTI_IRQHandler
                0x0000000008007d90       0x18 ./Drivers/STM32H7xx_HAL_Driver/Src/stm32h7xx_hal_gpio.o
                0x0000000008007d90                HAL_GPIO_EXTI_IRQHandler
 .text.I2C_Flush_TXDR
                0x0000000008007da8       0x1c ./Drivers/STM32H7xx_HAL_Driver/Src/stm32h7xx_hal_i2c.o
 .text.I2C_TransferConfig
                0x0000000008007dc4       0x2c ./Drivers/STM32H7xx_HAL_Driver/Src/stm32h7xx_hal_i2c.o
 .text.I2C_Enable_IRQ
                0x0000000008007df0       0x74 ./Drivers/STM32H7xx_HAL_Driver/Src/stm32h7xx_hal_i2c.o
 .text.I2C_Disable_IRQ
                0x0000000008007e64       0x42 ./Drivers/STM32H7xx_HAL_Driver/Src/stm32h7xx_hal_i2c.o
 .text.I2C_IsErrorOccurred
                0x0000000008007ea6      0x100 ./Drivers/STM32H7xx_HAL_Driver/Src/stm32h7xx_hal_i2c.o
 .text.I2C_WaitOnTXISFlagUntilTimeout
                0x0000000008007fa6       0x56 ./Drivers/STM32H7xx_HAL_Driver/Src/stm32h7xx_hal_i2c.o
 .text.I2C_WaitOnFlagUntilTimeout
                0x0000000008007ffc       0x66 ./Drivers/STM32H7xx_HAL_Driver/Src/stm32h7xx_hal_i2c.o
 .text.I2C_WaitOnSTOPFlagUntilTimeout
                0x0000000008008062       0x52 ./Drivers/STM32H7xx_HAL_Driver/Src/stm32h7xx_hal_i2c.o
 .text.I2C_WaitOnRXNEFlagUntilTimeout
                0x00000000080080b4       0x94 ./Drivers/STM32H7xx_HAL_Driver/Src/stm32h7xx_hal_i2c.o
 .text.HAL_I2C_Init
                0x0000000008008148       0xa2 ./Drivers/STM32H7xx_HAL_Driver/Src/stm32h7xx_hal_i2c.o
                0x0000000008008148                HAL_I2C_Init
 *fill*         0x00000000080081ea        0x2 
 .text.HAL_I2C_Master_Transmit
                0x00000000080081ec      0x12c ./Drivers/STM32H7xx_HAL_Driver/Src/stm32h7xx_hal_i2c.o
                0x00000000080081ec                HAL_I2C_Master_Transmit
 .text.HAL_I2C_Master_Receive
                0x0000000008008318      0x130 ./Drivers/STM32H7xx_HAL_Driver/Src/stm32h7xx_hal_i2c.o
                0x0000000008008318                HAL_I2C_Master_Receive
 .text.HAL_I2C_Master_Transmit_DMA
                0x0000000008008448      0x12c ./Drivers/STM32H7xx_HAL_Driver/Src/stm32h7xx_hal_i2c.o
                0x0000000008008448                HAL_I2C_Master_Transmit_DMA
 .text.HAL_I2C_Master_Receive_DMA
                0x0000000008008574      0x12c ./Drivers/STM32H7xx_HAL_Driver/Src/stm32h7xx_hal_i2c.o
                0x0000000008008574                HAL_I2C_Master_Receive_DMA
 .text.HAL_I2C_EV_IRQHandler
                0x00000000080086a0        0xe ./Drivers/STM32H7xx_HAL_Driver/Src/stm32h7xx_hal_i2c.o
                0x00000000080086a0                HAL_I2C_EV_IRQHandler
 .text.I2C_ITMasterSeqCplt
                0x00000000080086ae       0x44 ./Drivers/STM32H7xx_HAL_Driver/Src/stm32h7xx_hal_i2c.o
 .text.HAL_I2C_SlaveTxCpltCallback
                0x00000000080086f2        0x2 ./Drivers/STM32H7xx_HAL_Driver/Src/stm32h7xx_hal_i2c.o
                0x00000000080086f2                HAL_I2C_SlaveTxCpltCallback
 .text.HAL_I2C_SlaveRxCpltCallback
                0x00000000080086f4        0x2 ./Drivers/STM32H7xx_HAL_Driver/Src/stm32h7xx_hal_i2c.o
                0x00000000080086f4                HAL_I2C_SlaveRxCpltCallback
 .text.I2C_ITSlaveSeqCplt
                0x00000000080086f6       0x6c ./Drivers/STM32H7xx_HAL_Driver/Src/stm32h7xx_hal_i2c.o
 .text.HAL_I2C_AddrCallback
                0x0000000008008762        0x2 ./Drivers/STM32H7xx_HAL_Driver/Src/stm32h7xx_hal_i2c.o
                0x0000000008008762                HAL_I2C_AddrCallback
 .text.I2C_ITAddrCplt.constprop.0
                0x0000000008008764       0x88 ./Drivers/STM32H7xx_HAL_Driver/Src/stm32h7xx_hal_i2c.o
 .text.HAL_I2C_ListenCpltCallback
                0x00000000080087ec        0x2 ./Drivers/STM32H7xx_HAL_Driver/Src/stm32h7xx_hal_i2c.o
                0x00000000080087ec                HAL_I2C_ListenCpltCallback
 *fill*         0x00000000080087ee        0x2 
 .text.I2C_ITListenCplt
                0x00000000080087f0       0x60 ./Drivers/STM32H7xx_HAL_Driver/Src/stm32h7xx_hal_i2c.o
 .text.HAL_I2C_MemTxCpltCallback
                0x0000000008008850        0x2 ./Drivers/STM32H7xx_HAL_Driver/Src/stm32h7xx_hal_i2c.o
                0x0000000008008850                HAL_I2C_MemTxCpltCallback
 .text.HAL_I2C_MemRxCpltCallback
                0x0000000008008852        0x2 ./Drivers/STM32H7xx_HAL_Driver/Src/stm32h7xx_hal_i2c.o
                0x0000000008008852                HAL_I2C_MemRxCpltCallback
 .text.HAL_I2C_ErrorCallback
                0x0000000008008854        0x2 ./Drivers/STM32H7xx_HAL_Driver/Src/stm32h7xx_hal_i2c.o
                0x0000000008008854                HAL_I2C_ErrorCallback
 .text.HAL_I2C_AbortCpltCallback
                0x0000000008008856        0x2 ./Drivers/STM32H7xx_HAL_Driver/Src/stm32h7xx_hal_i2c.o
                0x0000000008008856                HAL_I2C_AbortCpltCallback
 .text.I2C_TreatErrorCallback
                0x0000000008008858       0x2c ./Drivers/STM32H7xx_HAL_Driver/Src/stm32h7xx_hal_i2c.o
 .text.I2C_ITError
                0x0000000008008884      0x108 ./Drivers/STM32H7xx_HAL_Driver/Src/stm32h7xx_hal_i2c.o
 .text.I2C_ITMasterCplt
                0x000000000800898c       0xee ./Drivers/STM32H7xx_HAL_Driver/Src/stm32h7xx_hal_i2c.o
 .text.I2C_Master_ISR_IT
                0x0000000008008a7a      0x122 ./Drivers/STM32H7xx_HAL_Driver/Src/stm32h7xx_hal_i2c.o
 .text.I2C_Master_ISR_DMA
                0x0000000008008b9c      0x104 ./Drivers/STM32H7xx_HAL_Driver/Src/stm32h7xx_hal_i2c.o
 .text.I2C_DMAError
                0x0000000008008ca0       0xdc ./Drivers/STM32H7xx_HAL_Driver/Src/stm32h7xx_hal_i2c.o
 .text.I2C_DMAMasterTransmitCplt
                0x0000000008008d7c       0x54 ./Drivers/STM32H7xx_HAL_Driver/Src/stm32h7xx_hal_i2c.o
 .text.I2C_DMAMasterReceiveCplt
                0x0000000008008dd0       0x54 ./Drivers/STM32H7xx_HAL_Driver/Src/stm32h7xx_hal_i2c.o
 .text.HAL_I2C_ER_IRQHandler
                0x0000000008008e24       0x60 ./Drivers/STM32H7xx_HAL_Driver/Src/stm32h7xx_hal_i2c.o
                0x0000000008008e24                HAL_I2C_ER_IRQHandler
 .text.I2C_ITSlaveCplt.constprop.0
                0x0000000008008e84      0x174 ./Drivers/STM32H7xx_HAL_Driver/Src/stm32h7xx_hal_i2c.o
 .text.I2C_Slave_ISR_DMA
                0x0000000008008ff8      0x18c ./Drivers/STM32H7xx_HAL_Driver/Src/stm32h7xx_hal_i2c.o
 .text.I2C_Slave_ISR_IT
                0x0000000008009184      0x112 ./Drivers/STM32H7xx_HAL_Driver/Src/stm32h7xx_hal_i2c.o
 .text.I2C_DMAAbort
                0x0000000008009296       0x16 ./Drivers/STM32H7xx_HAL_Driver/Src/stm32h7xx_hal_i2c.o
 .text.HAL_I2CEx_ConfigAnalogFilter
                0x00000000080092ac       0x4c ./Drivers/STM32H7xx_HAL_Driver/Src/stm32h7xx_hal_i2c_ex.o
                0x00000000080092ac                HAL_I2CEx_ConfigAnalogFilter
 .text.HAL_I2CEx_ConfigDigitalFilter
                0x00000000080092f8       0x4a ./Drivers/STM32H7xx_HAL_Driver/Src/stm32h7xx_hal_i2c_ex.o
                0x00000000080092f8                HAL_I2CEx_ConfigDigitalFilter
 *fill*         0x0000000008009342        0x2 
 .text.HAL_PWREx_ConfigSupply
                0x0000000008009344       0x48 ./Drivers/STM32H7xx_HAL_Driver/Src/stm32h7xx_hal_pwr_ex.o
                0x0000000008009344                HAL_PWREx_ConfigSupply
 .text.HAL_RCC_OscConfig
                0x000000000800938c      0x558 ./Drivers/STM32H7xx_HAL_Driver/Src/stm32h7xx_hal_rcc.o
                0x000000000800938c                HAL_RCC_OscConfig
 .text.HAL_RCC_GetSysClockFreq
                0x00000000080098e4      0x144 ./Drivers/STM32H7xx_HAL_Driver/Src/stm32h7xx_hal_rcc.o
                0x00000000080098e4                HAL_RCC_GetSysClockFreq
 .text.HAL_RCC_ClockConfig
                0x0000000008009a28      0x24c ./Drivers/STM32H7xx_HAL_Driver/Src/stm32h7xx_hal_rcc.o
                0x0000000008009a28                HAL_RCC_ClockConfig
 .text.HAL_RCC_GetHCLKFreq
                0x0000000008009c74       0x44 ./Drivers/STM32H7xx_HAL_Driver/Src/stm32h7xx_hal_rcc.o
                0x0000000008009c74                HAL_RCC_GetHCLKFreq
 .text.HAL_RCC_GetPCLK1Freq
                0x0000000008009cb8       0x24 ./Drivers/STM32H7xx_HAL_Driver/Src/stm32h7xx_hal_rcc.o
                0x0000000008009cb8                HAL_RCC_GetPCLK1Freq
 .text.HAL_RCC_GetPCLK2Freq
                0x0000000008009cdc       0x24 ./Drivers/STM32H7xx_HAL_Driver/Src/stm32h7xx_hal_rcc.o
                0x0000000008009cdc                HAL_RCC_GetPCLK2Freq
 .text.RCCEx_PLL2_Config
                0x0000000008009d00       0xf0 ./Drivers/STM32H7xx_HAL_Driver/Src/stm32h7xx_hal_rcc_ex.o
 .text.RCCEx_PLL3_Config
                0x0000000008009df0       0xf0 ./Drivers/STM32H7xx_HAL_Driver/Src/stm32h7xx_hal_rcc_ex.o
 .text.HAL_RCCEx_PeriphCLKConfig
                0x0000000008009ee0      0xa28 ./Drivers/STM32H7xx_HAL_Driver/Src/stm32h7xx_hal_rcc_ex.o
                0x0000000008009ee0                HAL_RCCEx_PeriphCLKConfig
 .text.HAL_RCCEx_GetD3PCLK1Freq
                0x000000000800a908       0x24 ./Drivers/STM32H7xx_HAL_Driver/Src/stm32h7xx_hal_rcc_ex.o
                0x000000000800a908                HAL_RCCEx_GetD3PCLK1Freq
 .text.HAL_RCCEx_GetPLL2ClockFreq
                0x000000000800a92c      0x154 ./Drivers/STM32H7xx_HAL_Driver/Src/stm32h7xx_hal_rcc_ex.o
                0x000000000800a92c                HAL_RCCEx_GetPLL2ClockFreq
 .text.HAL_RCCEx_GetPLL3ClockFreq
                0x000000000800aa80      0x154 ./Drivers/STM32H7xx_HAL_Driver/Src/stm32h7xx_hal_rcc_ex.o
                0x000000000800aa80                HAL_RCCEx_GetPLL3ClockFreq
 .text.TIM_OC1_SetConfig
                0x000000000800abd4       0x98 ./Drivers/STM32H7xx_HAL_Driver/Src/stm32h7xx_hal_tim.o
 .text.TIM_OC3_SetConfig
                0x000000000800ac6c       0x88 ./Drivers/STM32H7xx_HAL_Driver/Src/stm32h7xx_hal_tim.o
 .text.TIM_OC4_SetConfig
                0x000000000800acf4       0x68 ./Drivers/STM32H7xx_HAL_Driver/Src/stm32h7xx_hal_tim.o
 .text.TIM_OC5_SetConfig
                0x000000000800ad5c       0x68 ./Drivers/STM32H7xx_HAL_Driver/Src/stm32h7xx_hal_tim.o
 .text.TIM_OC6_SetConfig
                0x000000000800adc4       0x68 ./Drivers/STM32H7xx_HAL_Driver/Src/stm32h7xx_hal_tim.o
 .text.HAL_TIM_Base_Start_IT
                0x000000000800ae2c       0x7c ./Drivers/STM32H7xx_HAL_Driver/Src/stm32h7xx_hal_tim.o
                0x000000000800ae2c                HAL_TIM_Base_Start_IT
 .text.HAL_TIM_PeriodElapsedCallback
                0x000000000800aea8        0x2 ./Drivers/STM32H7xx_HAL_Driver/Src/stm32h7xx_hal_tim.o
                0x000000000800aea8                HAL_TIM_PeriodElapsedCallback
 .text.HAL_TIM_OC_DelayElapsedCallback
                0x000000000800aeaa        0x2 ./Drivers/STM32H7xx_HAL_Driver/Src/stm32h7xx_hal_tim.o
                0x000000000800aeaa                HAL_TIM_OC_DelayElapsedCallback
 .text.HAL_TIM_IC_CaptureCallback
                0x000000000800aeac        0x2 ./Drivers/STM32H7xx_HAL_Driver/Src/stm32h7xx_hal_tim.o
                0x000000000800aeac                HAL_TIM_IC_CaptureCallback
 .text.HAL_TIM_PWM_PulseFinishedCallback
                0x000000000800aeae        0x2 ./Drivers/STM32H7xx_HAL_Driver/Src/stm32h7xx_hal_tim.o
                0x000000000800aeae                HAL_TIM_PWM_PulseFinishedCallback
 .text.HAL_TIM_TriggerCallback
                0x000000000800aeb0        0x2 ./Drivers/STM32H7xx_HAL_Driver/Src/stm32h7xx_hal_tim.o
                0x000000000800aeb0                HAL_TIM_TriggerCallback
 .text.HAL_TIM_IRQHandler
                0x000000000800aeb2      0x160 ./Drivers/STM32H7xx_HAL_Driver/Src/stm32h7xx_hal_tim.o
                0x000000000800aeb2                HAL_TIM_IRQHandler
 *fill*         0x000000000800b012        0x2 
 .text.TIM_Base_SetConfig
                0x000000000800b014       0xcc ./Drivers/STM32H7xx_HAL_Driver/Src/stm32h7xx_hal_tim.o
                0x000000000800b014                TIM_Base_SetConfig
 .text.HAL_TIM_Base_Init
                0x000000000800b0e0       0x60 ./Drivers/STM32H7xx_HAL_Driver/Src/stm32h7xx_hal_tim.o
                0x000000000800b0e0                HAL_TIM_Base_Init
 .text.HAL_TIM_PWM_Init
                0x000000000800b140       0x60 ./Drivers/STM32H7xx_HAL_Driver/Src/stm32h7xx_hal_tim.o
                0x000000000800b140                HAL_TIM_PWM_Init
 .text.TIM_OC2_SetConfig
                0x000000000800b1a0       0x8c ./Drivers/STM32H7xx_HAL_Driver/Src/stm32h7xx_hal_tim.o
                0x000000000800b1a0                TIM_OC2_SetConfig
 .text.HAL_TIM_PWM_ConfigChannel
                0x000000000800b22c       0xfa ./Drivers/STM32H7xx_HAL_Driver/Src/stm32h7xx_hal_tim.o
                0x000000000800b22c                HAL_TIM_PWM_ConfigChannel
 .text.TIM_ETR_SetConfig
                0x000000000800b326       0x14 ./Drivers/STM32H7xx_HAL_Driver/Src/stm32h7xx_hal_tim.o
                0x000000000800b326                TIM_ETR_SetConfig
 *fill*         0x000000000800b33a        0x2 
 .text.HAL_TIM_ConfigClockSource
                0x000000000800b33c      0x178 ./Drivers/STM32H7xx_HAL_Driver/Src/stm32h7xx_hal_tim.o
                0x000000000800b33c                HAL_TIM_ConfigClockSource
 .text.TIM_CCxChannelCmd
                0x000000000800b4b4       0x1c ./Drivers/STM32H7xx_HAL_Driver/Src/stm32h7xx_hal_tim.o
                0x000000000800b4b4                TIM_CCxChannelCmd
 .text.HAL_TIM_OC_Start
                0x000000000800b4d0      0x128 ./Drivers/STM32H7xx_HAL_Driver/Src/stm32h7xx_hal_tim.o
                0x000000000800b4d0                HAL_TIM_OC_Start
 .text.HAL_TIM_PWM_Start
                0x000000000800b5f8        0x4 ./Drivers/STM32H7xx_HAL_Driver/Src/stm32h7xx_hal_tim.o
                0x000000000800b5f8                HAL_TIM_PWM_Start
 .text.HAL_TIM_OC_Start_IT
                0x000000000800b5fc      0x150 ./Drivers/STM32H7xx_HAL_Driver/Src/stm32h7xx_hal_tim.o
                0x000000000800b5fc                HAL_TIM_OC_Start_IT
 .text.HAL_TIM_PWM_Start_IT
                0x000000000800b74c        0x4 ./Drivers/STM32H7xx_HAL_Driver/Src/stm32h7xx_hal_tim.o
                0x000000000800b74c                HAL_TIM_PWM_Start_IT
 .text.HAL_TIM_OC_Stop_IT
                0x000000000800b750       0xd4 ./Drivers/STM32H7xx_HAL_Driver/Src/stm32h7xx_hal_tim.o
                0x000000000800b750                HAL_TIM_OC_Stop_IT
 .text.HAL_TIM_PWM_Stop_IT
                0x000000000800b824        0x4 ./Drivers/STM32H7xx_HAL_Driver/Src/stm32h7xx_hal_tim.o
                0x000000000800b824                HAL_TIM_PWM_Stop_IT
 .text.HAL_TIMEx_MasterConfigSynchronization
                0x000000000800b828       0x98 ./Drivers/STM32H7xx_HAL_Driver/Src/stm32h7xx_hal_tim_ex.o
                0x000000000800b828                HAL_TIMEx_MasterConfigSynchronization
 .text.HAL_TIMEx_CommutCallback
                0x000000000800b8c0        0x2 ./Drivers/STM32H7xx_HAL_Driver/Src/stm32h7xx_hal_tim_ex.o
                0x000000000800b8c0                HAL_TIMEx_CommutCallback
 .text.HAL_TIMEx_BreakCallback
                0x000000000800b8c2        0x2 ./Drivers/STM32H7xx_HAL_Driver/Src/stm32h7xx_hal_tim_ex.o
                0x000000000800b8c2                HAL_TIMEx_BreakCallback
 .text.HAL_TIMEx_Break2Callback
                0x000000000800b8c4        0x2 ./Drivers/STM32H7xx_HAL_Driver/Src/stm32h7xx_hal_tim_ex.o
                0x000000000800b8c4                HAL_TIMEx_Break2Callback
 .text.UART_EndTxTransfer
                0x000000000800b8c6       0x34 ./Drivers/STM32H7xx_HAL_Driver/Src/stm32h7xx_hal_uart.o
 *fill*         0x000000000800b8fa        0x2 
 .text.UART_EndRxTransfer
                0x000000000800b8fc       0x58 ./Drivers/STM32H7xx_HAL_Driver/Src/stm32h7xx_hal_uart.o
 .text.HAL_UART_Transmit_DMA
                0x000000000800b954       0x84 ./Drivers/STM32H7xx_HAL_Driver/Src/stm32h7xx_hal_uart.o
                0x000000000800b954                HAL_UART_Transmit_DMA
 .text.HAL_UART_DMAStop
                0x000000000800b9d8       0x9c ./Drivers/STM32H7xx_HAL_Driver/Src/stm32h7xx_hal_uart.o
                0x000000000800b9d8                HAL_UART_DMAStop
 .text.HAL_UART_TxCpltCallback
                0x000000000800ba74        0x2 ./Drivers/STM32H7xx_HAL_Driver/Src/stm32h7xx_hal_uart.o
                0x000000000800ba74                HAL_UART_TxCpltCallback
 .text.UART_DMATransmitCplt
                0x000000000800ba76       0x46 ./Drivers/STM32H7xx_HAL_Driver/Src/stm32h7xx_hal_uart.o
 .text.HAL_UART_TxHalfCpltCallback
                0x000000000800babc        0x2 ./Drivers/STM32H7xx_HAL_Driver/Src/stm32h7xx_hal_uart.o
                0x000000000800babc                HAL_UART_TxHalfCpltCallback
 .text.UART_DMATxHalfCplt
                0x000000000800babe        0xa ./Drivers/STM32H7xx_HAL_Driver/Src/stm32h7xx_hal_uart.o
 .text.HAL_UART_RxCpltCallback
                0x000000000800bac8        0x2 ./Drivers/STM32H7xx_HAL_Driver/Src/stm32h7xx_hal_uart.o
                0x000000000800bac8                HAL_UART_RxCpltCallback
 .text.HAL_UART_RxHalfCpltCallback
                0x000000000800baca        0x2 ./Drivers/STM32H7xx_HAL_Driver/Src/stm32h7xx_hal_uart.o
                0x000000000800baca                HAL_UART_RxHalfCpltCallback
 .text.HAL_UART_ErrorCallback
                0x000000000800bacc        0x2 ./Drivers/STM32H7xx_HAL_Driver/Src/stm32h7xx_hal_uart.o
                0x000000000800bacc                HAL_UART_ErrorCallback
 .text.UART_DMAError
                0x000000000800bace       0x48 ./Drivers/STM32H7xx_HAL_Driver/Src/stm32h7xx_hal_uart.o
 .text.UART_DMAAbortOnError
                0x000000000800bb16       0x14 ./Drivers/STM32H7xx_HAL_Driver/Src/stm32h7xx_hal_uart.o
 *fill*         0x000000000800bb2a        0x2 
 .text.HAL_UART_IRQHandler
                0x000000000800bb2c      0x348 ./Drivers/STM32H7xx_HAL_Driver/Src/stm32h7xx_hal_uart.o
                0x000000000800bb2c                HAL_UART_IRQHandler
 .text.UART_DMARxHalfCplt
                0x000000000800be74       0x20 ./Drivers/STM32H7xx_HAL_Driver/Src/stm32h7xx_hal_uart.o
 .text.UART_DMAReceiveCplt
                0x000000000800be94       0x8e ./Drivers/STM32H7xx_HAL_Driver/Src/stm32h7xx_hal_uart.o
 *fill*         0x000000000800bf22        0x2 
 .text.UART_SetConfig
                0x000000000800bf24      0x38c ./Drivers/STM32H7xx_HAL_Driver/Src/stm32h7xx_hal_uart.o
                0x000000000800bf24                UART_SetConfig
 .text.UART_AdvFeatureConfig
                0x000000000800c2b0       0xaa ./Drivers/STM32H7xx_HAL_Driver/Src/stm32h7xx_hal_uart.o
                0x000000000800c2b0                UART_AdvFeatureConfig
 .text.UART_WaitOnFlagUntilTimeout
                0x000000000800c35a       0x88 ./Drivers/STM32H7xx_HAL_Driver/Src/stm32h7xx_hal_uart.o
                0x000000000800c35a                UART_WaitOnFlagUntilTimeout
 .text.HAL_UART_Transmit
                0x000000000800c3e2       0xac ./Drivers/STM32H7xx_HAL_Driver/Src/stm32h7xx_hal_uart.o
                0x000000000800c3e2                HAL_UART_Transmit
 .text.UART_CheckIdleState
                0x000000000800c48e       0xb8 ./Drivers/STM32H7xx_HAL_Driver/Src/stm32h7xx_hal_uart.o
                0x000000000800c48e                UART_CheckIdleState
 .text.HAL_UART_Init
                0x000000000800c546       0x60 ./Drivers/STM32H7xx_HAL_Driver/Src/stm32h7xx_hal_uart.o
                0x000000000800c546                HAL_UART_Init
 *fill*         0x000000000800c5a6        0x2 
 .text.UART_Start_Receive_DMA
                0x000000000800c5a8       0xa0 ./Drivers/STM32H7xx_HAL_Driver/Src/stm32h7xx_hal_uart.o
                0x000000000800c5a8                UART_Start_Receive_DMA
 .text.UARTEx_SetNbDataToProcess
                0x000000000800c648       0x44 ./Drivers/STM32H7xx_HAL_Driver/Src/stm32h7xx_hal_uart_ex.o
 .text.HAL_UARTEx_WakeupCallback
                0x000000000800c68c        0x2 ./Drivers/STM32H7xx_HAL_Driver/Src/stm32h7xx_hal_uart_ex.o
                0x000000000800c68c                HAL_UARTEx_WakeupCallback
 .text.HAL_UARTEx_RxFifoFullCallback
                0x000000000800c68e        0x2 ./Drivers/STM32H7xx_HAL_Driver/Src/stm32h7xx_hal_uart_ex.o
                0x000000000800c68e                HAL_UARTEx_RxFifoFullCallback
 .text.HAL_UARTEx_TxFifoEmptyCallback
                0x000000000800c690        0x2 ./Drivers/STM32H7xx_HAL_Driver/Src/stm32h7xx_hal_uart_ex.o
                0x000000000800c690                HAL_UARTEx_TxFifoEmptyCallback
 .text.HAL_UARTEx_EnableFifoMode
                0x000000000800c692       0x40 ./Drivers/STM32H7xx_HAL_Driver/Src/stm32h7xx_hal_uart_ex.o
                0x000000000800c692                HAL_UARTEx_EnableFifoMode
 .text.HAL_UARTEx_DisableFifoMode
                0x000000000800c6d2       0x36 ./Drivers/STM32H7xx_HAL_Driver/Src/stm32h7xx_hal_uart_ex.o
                0x000000000800c6d2                HAL_UARTEx_DisableFifoMode
 .text.HAL_UARTEx_SetTxFifoThreshold
                0x000000000800c708       0x40 ./Drivers/STM32H7xx_HAL_Driver/Src/stm32h7xx_hal_uart_ex.o
                0x000000000800c708                HAL_UARTEx_SetTxFifoThreshold
 .text.HAL_UARTEx_SetRxFifoThreshold
                0x000000000800c748       0x40 ./Drivers/STM32H7xx_HAL_Driver/Src/stm32h7xx_hal_uart_ex.o
                0x000000000800c748                HAL_UARTEx_SetRxFifoThreshold
 .text.HAL_UARTEx_ReceiveToIdle_DMA
                0x000000000800c788       0x4a ./Drivers/STM32H7xx_HAL_Driver/Src/stm32h7xx_hal_uart_ex.o
                0x000000000800c788                HAL_UARTEx_ReceiveToIdle_DMA
 .text.HAL_UARTEx_GetRxEventType
                0x000000000800c7d2        0x4 ./Drivers/STM32H7xx_HAL_Driver/Src/stm32h7xx_hal_uart_ex.o
                0x000000000800c7d2                HAL_UARTEx_GetRxEventType
 .text.atof     0x000000000800c7d6        0x6 C:/ST/STM32CubeIDE_1.13.0/STM32CubeIDE/plugins/com.st.stm32cube.ide.mcu.externaltools.gnu-tools-for-stm32.11.3.rel1.win32_1.1.0.202305231506/tools/bin/../lib/gcc/arm-none-eabi/11.3.1/../../../../arm-none-eabi/lib/thumb/v7e-m+dp/hard\libc_nano.a(libc_a-atof.o)
                0x000000000800c7d6                atof
 .text.atoi     0x000000000800c7dc        0x8 C:/ST/STM32CubeIDE_1.13.0/STM32CubeIDE/plugins/com.st.stm32cube.ide.mcu.externaltools.gnu-tools-for-stm32.11.3.rel1.win32_1.1.0.202305231506/tools/bin/../lib/gcc/arm-none-eabi/11.3.1/../../../../arm-none-eabi/lib/thumb/v7e-m+dp/hard\libc_nano.a(libc_a-atoi.o)
                0x000000000800c7dc                atoi
 .text.sulp     0x000000000800c7e4       0x34 C:/ST/STM32CubeIDE_1.13.0/STM32CubeIDE/plugins/com.st.stm32cube.ide.mcu.externaltools.gnu-tools-for-stm32.11.3.rel1.win32_1.1.0.202305231506/tools/bin/../lib/gcc/arm-none-eabi/11.3.1/../../../../arm-none-eabi/lib/thumb/v7e-m+dp/hard\libc_nano.a(libc_a-strtod.o)
 .text._strtod_l
                0x000000000800c818      0xb64 C:/ST/STM32CubeIDE_1.13.0/STM32CubeIDE/plugins/com.st.stm32cube.ide.mcu.externaltools.gnu-tools-for-stm32.11.3.rel1.win32_1.1.0.202305231506/tools/bin/../lib/gcc/arm-none-eabi/11.3.1/../../../../arm-none-eabi/lib/thumb/v7e-m+dp/hard\libc_nano.a(libc_a-strtod.o)
                0x000000000800c818                _strtod_l
 .text.strtod   0x000000000800d37c       0x18 C:/ST/STM32CubeIDE_1.13.0/STM32CubeIDE/plugins/com.st.stm32cube.ide.mcu.externaltools.gnu-tools-for-stm32.11.3.rel1.win32_1.1.0.202305231506/tools/bin/../lib/gcc/arm-none-eabi/11.3.1/../../../../arm-none-eabi/lib/thumb/v7e-m+dp/hard\libc_nano.a(libc_a-strtod.o)
                0x000000000800d37c                strtod
 .text._strtol_l.constprop.0
                0x000000000800d394      0x104 C:/ST/STM32CubeIDE_1.13.0/STM32CubeIDE/plugins/com.st.stm32cube.ide.mcu.externaltools.gnu-tools-for-stm32.11.3.rel1.win32_1.1.0.202305231506/tools/bin/../lib/gcc/arm-none-eabi/11.3.1/../../../../arm-none-eabi/lib/thumb/v7e-m+dp/hard\libc_nano.a(libc_a-strtol.o)
 .text.strtol   0x000000000800d498       0x14 C:/ST/STM32CubeIDE_1.13.0/STM32CubeIDE/plugins/com.st.stm32cube.ide.mcu.externaltools.gnu-tools-for-stm32.11.3.rel1.win32_1.1.0.202305231506/tools/bin/../lib/gcc/arm-none-eabi/11.3.1/../../../../arm-none-eabi/lib/thumb/v7e-m+dp/hard\libc_nano.a(libc_a-strtol.o)
                0x000000000800d498                strtol
 .text.__cvt    0x000000000800d4ac       0xa4 C:/ST/STM32CubeIDE_1.13.0/STM32CubeIDE/plugins/com.st.stm32cube.ide.mcu.externaltools.gnu-tools-for-stm32.11.3.rel1.win32_1.1.0.202305231506/tools/bin/../lib/gcc/arm-none-eabi/11.3.1/../../../../arm-none-eabi/lib/thumb/v7e-m+dp/hard\libc_nano.a(libc_a-nano-vfprintf_float.o)
                0x000000000800d4ac                __cvt
 .text.__exponent
                0x000000000800d550       0x7c C:/ST/STM32CubeIDE_1.13.0/STM32CubeIDE/plugins/com.st.stm32cube.ide.mcu.externaltools.gnu-tools-for-stm32.11.3.rel1.win32_1.1.0.202305231506/tools/bin/../lib/gcc/arm-none-eabi/11.3.1/../../../../arm-none-eabi/lib/thumb/v7e-m+dp/hard\libc_nano.a(libc_a-nano-vfprintf_float.o)
                0x000000000800d550                __exponent
 *fill*         0x000000000800d5cc        0x4 
 .text._printf_float
                0x000000000800d5d0      0x434 C:/ST/STM32CubeIDE_1.13.0/STM32CubeIDE/plugins/com.st.stm32cube.ide.mcu.externaltools.gnu-tools-for-stm32.11.3.rel1.win32_1.1.0.202305231506/tools/bin/../lib/gcc/arm-none-eabi/11.3.1/../../../../arm-none-eabi/lib/thumb/v7e-m+dp/hard\libc_nano.a(libc_a-nano-vfprintf_float.o)
                0x000000000800d5d0                _printf_float
 .text._printf_common
                0x000000000800da04       0xda C:/ST/STM32CubeIDE_1.13.0/STM32CubeIDE/plugins/com.st.stm32cube.ide.mcu.externaltools.gnu-tools-for-stm32.11.3.rel1.win32_1.1.0.202305231506/tools/bin/../lib/gcc/arm-none-eabi/11.3.1/../../../../arm-none-eabi/lib/thumb/v7e-m+dp/hard\libc_nano.a(libc_a-nano-vfprintf_i.o)
                0x000000000800da04                _printf_common
 *fill*         0x000000000800dade        0x2 
 .text._printf_i
                0x000000000800dae0      0x244 C:/ST/STM32CubeIDE_1.13.0/STM32CubeIDE/plugins/com.st.stm32cube.ide.mcu.externaltools.gnu-tools-for-stm32.11.3.rel1.win32_1.1.0.202305231506/tools/bin/../lib/gcc/arm-none-eabi/11.3.1/../../../../arm-none-eabi/lib/thumb/v7e-m+dp/hard\libc_nano.a(libc_a-nano-vfprintf_i.o)
                0x000000000800dae0                _printf_i
 .text.std      0x000000000800dd24       0x48 C:/ST/STM32CubeIDE_1.13.0/STM32CubeIDE/plugins/com.st.stm32cube.ide.mcu.externaltools.gnu-tools-for-stm32.11.3.rel1.win32_1.1.0.202305231506/tools/bin/../lib/gcc/arm-none-eabi/11.3.1/../../../../arm-none-eabi/lib/thumb/v7e-m+dp/hard\libc_nano.a(libc_a-findfp.o)
 .text.stdio_exit_handler
                0x000000000800dd6c       0x18 C:/ST/STM32CubeIDE_1.13.0/STM32CubeIDE/plugins/com.st.stm32cube.ide.mcu.externaltools.gnu-tools-for-stm32.11.3.rel1.win32_1.1.0.202305231506/tools/bin/../lib/gcc/arm-none-eabi/11.3.1/../../../../arm-none-eabi/lib/thumb/v7e-m+dp/hard\libc_nano.a(libc_a-findfp.o)
 .text.cleanup_stdio
                0x000000000800dd84       0x40 C:/ST/STM32CubeIDE_1.13.0/STM32CubeIDE/plugins/com.st.stm32cube.ide.mcu.externaltools.gnu-tools-for-stm32.11.3.rel1.win32_1.1.0.202305231506/tools/bin/../lib/gcc/arm-none-eabi/11.3.1/../../../../arm-none-eabi/lib/thumb/v7e-m+dp/hard\libc_nano.a(libc_a-findfp.o)
 .text.global_stdio_init.part.0
                0x000000000800ddc4       0x3c C:/ST/STM32CubeIDE_1.13.0/STM32CubeIDE/plugins/com.st.stm32cube.ide.mcu.externaltools.gnu-tools-for-stm32.11.3.rel1.win32_1.1.0.202305231506/tools/bin/../lib/gcc/arm-none-eabi/11.3.1/../../../../arm-none-eabi/lib/thumb/v7e-m+dp/hard\libc_nano.a(libc_a-findfp.o)
 .text.__sfp_lock_acquire
                0x000000000800de00        0xc C:/ST/STM32CubeIDE_1.13.0/STM32CubeIDE/plugins/com.st.stm32cube.ide.mcu.externaltools.gnu-tools-for-stm32.11.3.rel1.win32_1.1.0.202305231506/tools/bin/../lib/gcc/arm-none-eabi/11.3.1/../../../../arm-none-eabi/lib/thumb/v7e-m+dp/hard\libc_nano.a(libc_a-findfp.o)
                0x000000000800de00                __sfp_lock_acquire
 .text.__sfp_lock_release
                0x000000000800de0c        0xc C:/ST/STM32CubeIDE_1.13.0/STM32CubeIDE/plugins/com.st.stm32cube.ide.mcu.externaltools.gnu-tools-for-stm32.11.3.rel1.win32_1.1.0.202305231506/tools/bin/../lib/gcc/arm-none-eabi/11.3.1/../../../../arm-none-eabi/lib/thumb/v7e-m+dp/hard\libc_nano.a(libc_a-findfp.o)
                0x000000000800de0c                __sfp_lock_release
 .text.__sinit  0x000000000800de18       0x30 C:/ST/STM32CubeIDE_1.13.0/STM32CubeIDE/plugins/com.st.stm32cube.ide.mcu.externaltools.gnu-tools-for-stm32.11.3.rel1.win32_1.1.0.202305231506/tools/bin/../lib/gcc/arm-none-eabi/11.3.1/../../../../arm-none-eabi/lib/thumb/v7e-m+dp/hard\libc_nano.a(libc_a-findfp.o)
                0x000000000800de18                __sinit
 .text._fwalk_sglue
                0x000000000800de48       0x3c C:/ST/STM32CubeIDE_1.13.0/STM32CubeIDE/plugins/com.st.stm32cube.ide.mcu.externaltools.gnu-tools-for-stm32.11.3.rel1.win32_1.1.0.202305231506/tools/bin/../lib/gcc/arm-none-eabi/11.3.1/../../../../arm-none-eabi/lib/thumb/v7e-m+dp/hard\libc_nano.a(libc_a-fwalk.o)
                0x000000000800de48                _fwalk_sglue
 .text.sprintf  0x000000000800de84       0x40 C:/ST/STM32CubeIDE_1.13.0/STM32CubeIDE/plugins/com.st.stm32cube.ide.mcu.externaltools.gnu-tools-for-stm32.11.3.rel1.win32_1.1.0.202305231506/tools/bin/../lib/gcc/arm-none-eabi/11.3.1/../../../../arm-none-eabi/lib/thumb/v7e-m+dp/hard\libc_nano.a(libc_a-sprintf.o)
                0x000000000800de84                siprintf
                0x000000000800de84                sprintf
 .text.__sread  0x000000000800dec4       0x22 C:/ST/STM32CubeIDE_1.13.0/STM32CubeIDE/plugins/com.st.stm32cube.ide.mcu.externaltools.gnu-tools-for-stm32.11.3.rel1.win32_1.1.0.202305231506/tools/bin/../lib/gcc/arm-none-eabi/11.3.1/../../../../arm-none-eabi/lib/thumb/v7e-m+dp/hard\libc_nano.a(libc_a-stdio.o)
                0x000000000800dec4                __sread
 .text.__swrite
                0x000000000800dee6       0x38 C:/ST/STM32CubeIDE_1.13.0/STM32CubeIDE/plugins/com.st.stm32cube.ide.mcu.externaltools.gnu-tools-for-stm32.11.3.rel1.win32_1.1.0.202305231506/tools/bin/../lib/gcc/arm-none-eabi/11.3.1/../../../../arm-none-eabi/lib/thumb/v7e-m+dp/hard\libc_nano.a(libc_a-stdio.o)
                0x000000000800dee6                __swrite
 .text.__sseek  0x000000000800df1e       0x24 C:/ST/STM32CubeIDE_1.13.0/STM32CubeIDE/plugins/com.st.stm32cube.ide.mcu.externaltools.gnu-tools-for-stm32.11.3.rel1.win32_1.1.0.202305231506/tools/bin/../lib/gcc/arm-none-eabi/11.3.1/../../../../arm-none-eabi/lib/thumb/v7e-m+dp/hard\libc_nano.a(libc_a-stdio.o)
                0x000000000800df1e                __sseek
 .text.__sclose
                0x000000000800df42        0x8 C:/ST/STM32CubeIDE_1.13.0/STM32CubeIDE/plugins/com.st.stm32cube.ide.mcu.externaltools.gnu-tools-for-stm32.11.3.rel1.win32_1.1.0.202305231506/tools/bin/../lib/gcc/arm-none-eabi/11.3.1/../../../../arm-none-eabi/lib/thumb/v7e-m+dp/hard\libc_nano.a(libc_a-stdio.o)
                0x000000000800df42                __sclose
 .text.memset   0x000000000800df4a       0x10 C:/ST/STM32CubeIDE_1.13.0/STM32CubeIDE/plugins/com.st.stm32cube.ide.mcu.externaltools.gnu-tools-for-stm32.11.3.rel1.win32_1.1.0.202305231506/tools/bin/../lib/gcc/arm-none-eabi/11.3.1/../../../../arm-none-eabi/lib/thumb/v7e-m+dp/hard\libc_nano.a(libc_a-memset.o)
                0x000000000800df4a                memset
 .text.strchr   0x000000000800df5a       0x1a C:/ST/STM32CubeIDE_1.13.0/STM32CubeIDE/plugins/com.st.stm32cube.ide.mcu.externaltools.gnu-tools-for-stm32.11.3.rel1.win32_1.1.0.202305231506/tools/bin/../lib/gcc/arm-none-eabi/11.3.1/../../../../arm-none-eabi/lib/thumb/v7e-m+dp/hard\libc_nano.a(libc_a-strchr.o)
                0x000000000800df5a                strchr
 .text.strncmp  0x000000000800df74       0x24 C:/ST/STM32CubeIDE_1.13.0/STM32CubeIDE/plugins/com.st.stm32cube.ide.mcu.externaltools.gnu-tools-for-stm32.11.3.rel1.win32_1.1.0.202305231506/tools/bin/../lib/gcc/arm-none-eabi/11.3.1/../../../../arm-none-eabi/lib/thumb/v7e-m+dp/hard\libc_nano.a(libc_a-strncmp.o)
                0x000000000800df74                strncmp
 .text.strncpy  0x000000000800df98       0x26 C:/ST/STM32CubeIDE_1.13.0/STM32CubeIDE/plugins/com.st.stm32cube.ide.mcu.externaltools.gnu-tools-for-stm32.11.3.rel1.win32_1.1.0.202305231506/tools/bin/../lib/gcc/arm-none-eabi/11.3.1/../../../../arm-none-eabi/lib/thumb/v7e-m+dp/hard\libc_nano.a(libc_a-strncpy.o)
                0x000000000800df98                strncpy
 *fill*         0x000000000800dfbe        0x2 
 .text.strtok   0x000000000800dfc0       0x68 C:/ST/STM32CubeIDE_1.13.0/STM32CubeIDE/plugins/com.st.stm32cube.ide.mcu.externaltools.gnu-tools-for-stm32.11.3.rel1.win32_1.1.0.202305231506/tools/bin/../lib/gcc/arm-none-eabi/11.3.1/../../../../arm-none-eabi/lib/thumb/v7e-m+dp/hard\libc_nano.a(libc_a-strtok.o)
                0x000000000800dfc0                strtok
 .text.__strtok_r
                0x000000000800e028       0x50 C:/ST/STM32CubeIDE_1.13.0/STM32CubeIDE/plugins/com.st.stm32cube.ide.mcu.externaltools.gnu-tools-for-stm32.11.3.rel1.win32_1.1.0.202305231506/tools/bin/../lib/gcc/arm-none-eabi/11.3.1/../../../../arm-none-eabi/lib/thumb/v7e-m+dp/hard\libc_nano.a(libc_a-strtok_r.o)
                0x000000000800e028                __strtok_r
 .text._localeconv_r
                0x000000000800e078        0x8 C:/ST/STM32CubeIDE_1.13.0/STM32CubeIDE/plugins/com.st.stm32cube.ide.mcu.externaltools.gnu-tools-for-stm32.11.3.rel1.win32_1.1.0.202305231506/tools/bin/../lib/gcc/arm-none-eabi/11.3.1/../../../../arm-none-eabi/lib/thumb/v7e-m+dp/hard\libc_nano.a(libc_a-localeconv.o)
                0x000000000800e078                _localeconv_r
 .text._close_r
                0x000000000800e080       0x20 C:/ST/STM32CubeIDE_1.13.0/STM32CubeIDE/plugins/com.st.stm32cube.ide.mcu.externaltools.gnu-tools-for-stm32.11.3.rel1.win32_1.1.0.202305231506/tools/bin/../lib/gcc/arm-none-eabi/11.3.1/../../../../arm-none-eabi/lib/thumb/v7e-m+dp/hard\libc_nano.a(libc_a-closer.o)
                0x000000000800e080                _close_r
 .text._lseek_r
                0x000000000800e0a0       0x24 C:/ST/STM32CubeIDE_1.13.0/STM32CubeIDE/plugins/com.st.stm32cube.ide.mcu.externaltools.gnu-tools-for-stm32.11.3.rel1.win32_1.1.0.202305231506/tools/bin/../lib/gcc/arm-none-eabi/11.3.1/../../../../arm-none-eabi/lib/thumb/v7e-m+dp/hard\libc_nano.a(libc_a-lseekr.o)
                0x000000000800e0a0                _lseek_r
 .text._read_r  0x000000000800e0c4       0x24 C:/ST/STM32CubeIDE_1.13.0/STM32CubeIDE/plugins/com.st.stm32cube.ide.mcu.externaltools.gnu-tools-for-stm32.11.3.rel1.win32_1.1.0.202305231506/tools/bin/../lib/gcc/arm-none-eabi/11.3.1/../../../../arm-none-eabi/lib/thumb/v7e-m+dp/hard\libc_nano.a(libc_a-readr.o)
                0x000000000800e0c4                _read_r
 .text._write_r
                0x000000000800e0e8       0x24 C:/ST/STM32CubeIDE_1.13.0/STM32CubeIDE/plugins/com.st.stm32cube.ide.mcu.externaltools.gnu-tools-for-stm32.11.3.rel1.win32_1.1.0.202305231506/tools/bin/../lib/gcc/arm-none-eabi/11.3.1/../../../../arm-none-eabi/lib/thumb/v7e-m+dp/hard\libc_nano.a(libc_a-writer.o)
                0x000000000800e0e8                _write_r
 .text.__errno  0x000000000800e10c        0xc C:/ST/STM32CubeIDE_1.13.0/STM32CubeIDE/plugins/com.st.stm32cube.ide.mcu.externaltools.gnu-tools-for-stm32.11.3.rel1.win32_1.1.0.202305231506/tools/bin/../lib/gcc/arm-none-eabi/11.3.1/../../../../arm-none-eabi/lib/thumb/v7e-m+dp/hard\libc_nano.a(libc_a-errno.o)
                0x000000000800e10c                __errno
 .text.__libc_init_array
                0x000000000800e118       0x48 C:/ST/STM32CubeIDE_1.13.0/STM32CubeIDE/plugins/com.st.stm32cube.ide.mcu.externaltools.gnu-tools-for-stm32.11.3.rel1.win32_1.1.0.202305231506/tools/bin/../lib/gcc/arm-none-eabi/11.3.1/../../../../arm-none-eabi/lib/thumb/v7e-m+dp/hard\libc_nano.a(libc_a-init.o)
                0x000000000800e118                __libc_init_array
 .text.__retarget_lock_acquire_recursive
                0x000000000800e160        0x2 C:/ST/STM32CubeIDE_1.13.0/STM32CubeIDE/plugins/com.st.stm32cube.ide.mcu.externaltools.gnu-tools-for-stm32.11.3.rel1.win32_1.1.0.202305231506/tools/bin/../lib/gcc/arm-none-eabi/11.3.1/../../../../arm-none-eabi/lib/thumb/v7e-m+dp/hard\libc_nano.a(libc_a-lock.o)
                0x000000000800e160                __retarget_lock_acquire_recursive
 .text.__retarget_lock_release_recursive
                0x000000000800e162        0x2 C:/ST/STM32CubeIDE_1.13.0/STM32CubeIDE/plugins/com.st.stm32cube.ide.mcu.externaltools.gnu-tools-for-stm32.11.3.rel1.win32_1.1.0.202305231506/tools/bin/../lib/gcc/arm-none-eabi/11.3.1/../../../../arm-none-eabi/lib/thumb/v7e-m+dp/hard\libc_nano.a(libc_a-lock.o)
                0x000000000800e162                __retarget_lock_release_recursive
 .text.strcpy   0x000000000800e164       0x10 C:/ST/STM32CubeIDE_1.13.0/STM32CubeIDE/plugins/com.st.stm32cube.ide.mcu.externaltools.gnu-tools-for-stm32.11.3.rel1.win32_1.1.0.202305231506/tools/bin/../lib/gcc/arm-none-eabi/11.3.1/../../../../arm-none-eabi/lib/thumb/v7e-m+dp/hard\libc_nano.a(libc_a-strcpy.o)
                0x000000000800e164                strcpy
 .text.memcpy   0x000000000800e174       0x1c C:/ST/STM32CubeIDE_1.13.0/STM32CubeIDE/plugins/com.st.stm32cube.ide.mcu.externaltools.gnu-tools-for-stm32.11.3.rel1.win32_1.1.0.202305231506/tools/bin/../lib/gcc/arm-none-eabi/11.3.1/../../../../arm-none-eabi/lib/thumb/v7e-m+dp/hard\libc_nano.a(libc_a-memcpy-stub.o)
                0x000000000800e174                memcpy
 .text.nan      0x000000000800e190       0x10 C:/ST/STM32CubeIDE_1.13.0/STM32CubeIDE/plugins/com.st.stm32cube.ide.mcu.externaltools.gnu-tools-for-stm32.11.3.rel1.win32_1.1.0.202305231506/tools/bin/../lib/gcc/arm-none-eabi/11.3.1/../../../../arm-none-eabi/lib/thumb/v7e-m+dp/hard\libc_nano.a(libm_a-s_nan.o)
                0x000000000800e190                nan
 .text.__assert_func
                0x000000000800e1a0       0x3c C:/ST/STM32CubeIDE_1.13.0/STM32CubeIDE/plugins/com.st.stm32cube.ide.mcu.externaltools.gnu-tools-for-stm32.11.3.rel1.win32_1.1.0.202305231506/tools/bin/../lib/gcc/arm-none-eabi/11.3.1/../../../../arm-none-eabi/lib/thumb/v7e-m+dp/hard\libc_nano.a(libc_a-assert.o)
                0x000000000800e1a0                __assert_func
 .text.quorem   0x000000000800e1dc      0x110 C:/ST/STM32CubeIDE_1.13.0/STM32CubeIDE/plugins/com.st.stm32cube.ide.mcu.externaltools.gnu-tools-for-stm32.11.3.rel1.win32_1.1.0.202305231506/tools/bin/../lib/gcc/arm-none-eabi/11.3.1/../../../../arm-none-eabi/lib/thumb/v7e-m+dp/hard\libc_nano.a(libc_a-dtoa.o)
 *fill*         0x000000000800e2ec        0x4 
 .text._dtoa_r  0x000000000800e2f0      0xad8 C:/ST/STM32CubeIDE_1.13.0/STM32CubeIDE/plugins/com.st.stm32cube.ide.mcu.externaltools.gnu-tools-for-stm32.11.3.rel1.win32_1.1.0.202305231506/tools/bin/../lib/gcc/arm-none-eabi/11.3.1/../../../../arm-none-eabi/lib/thumb/v7e-m+dp/hard\libc_nano.a(libc_a-dtoa.o)
                0x000000000800e2f0                _dtoa_r
 .text._free_r  0x000000000800edc8       0x98 C:/ST/STM32CubeIDE_1.13.0/STM32CubeIDE/plugins/com.st.stm32cube.ide.mcu.externaltools.gnu-tools-for-stm32.11.3.rel1.win32_1.1.0.202305231506/tools/bin/../lib/gcc/arm-none-eabi/11.3.1/../../../../arm-none-eabi/lib/thumb/v7e-m+dp/hard\libc_nano.a(libc_a-freer.o)
                0x000000000800edc8                _free_r
 .text.rshift   0x000000000800ee60       0xa4 C:/ST/STM32CubeIDE_1.13.0/STM32CubeIDE/plugins/com.st.stm32cube.ide.mcu.externaltools.gnu-tools-for-stm32.11.3.rel1.win32_1.1.0.202305231506/tools/bin/../lib/gcc/arm-none-eabi/11.3.1/../../../../arm-none-eabi/lib/thumb/v7e-m+dp/hard\libc_nano.a(libc_a-gdtoa-gethex.o)
 .text.__hexdig_fun
                0x000000000800ef04       0x2a C:/ST/STM32CubeIDE_1.13.0/STM32CubeIDE/plugins/com.st.stm32cube.ide.mcu.externaltools.gnu-tools-for-stm32.11.3.rel1.win32_1.1.0.202305231506/tools/bin/../lib/gcc/arm-none-eabi/11.3.1/../../../../arm-none-eabi/lib/thumb/v7e-m+dp/hard\libc_nano.a(libc_a-gdtoa-gethex.o)
                0x000000000800ef04                __hexdig_fun
 *fill*         0x000000000800ef2e        0x2 
 .text.__gethex
                0x000000000800ef30      0x45c C:/ST/STM32CubeIDE_1.13.0/STM32CubeIDE/plugins/com.st.stm32cube.ide.mcu.externaltools.gnu-tools-for-stm32.11.3.rel1.win32_1.1.0.202305231506/tools/bin/../lib/gcc/arm-none-eabi/11.3.1/../../../../arm-none-eabi/lib/thumb/v7e-m+dp/hard\libc_nano.a(libc_a-gdtoa-gethex.o)
                0x000000000800ef30                __gethex
 .text.L_shift  0x000000000800f38c       0x24 C:/ST/STM32CubeIDE_1.13.0/STM32CubeIDE/plugins/com.st.stm32cube.ide.mcu.externaltools.gnu-tools-for-stm32.11.3.rel1.win32_1.1.0.202305231506/tools/bin/../lib/gcc/arm-none-eabi/11.3.1/../../../../arm-none-eabi/lib/thumb/v7e-m+dp/hard\libc_nano.a(libc_a-gdtoa-hexnan.o)
 .text.__match  0x000000000800f3b0       0x28 C:/ST/STM32CubeIDE_1.13.0/STM32CubeIDE/plugins/com.st.stm32cube.ide.mcu.externaltools.gnu-tools-for-stm32.11.3.rel1.win32_1.1.0.202305231506/tools/bin/../lib/gcc/arm-none-eabi/11.3.1/../../../../arm-none-eabi/lib/thumb/v7e-m+dp/hard\libc_nano.a(libc_a-gdtoa-hexnan.o)
                0x000000000800f3b0                __match
 .text.__hexnan
                0x000000000800f3d8      0x136 C:/ST/STM32CubeIDE_1.13.0/STM32CubeIDE/plugins/com.st.stm32cube.ide.mcu.externaltools.gnu-tools-for-stm32.11.3.rel1.win32_1.1.0.202305231506/tools/bin/../lib/gcc/arm-none-eabi/11.3.1/../../../../arm-none-eabi/lib/thumb/v7e-m+dp/hard\libc_nano.a(libc_a-gdtoa-hexnan.o)
                0x000000000800f3d8                __hexnan
 *fill*         0x000000000800f50e        0x2 
 .text.malloc   0x000000000800f510       0x10 C:/ST/STM32CubeIDE_1.13.0/STM32CubeIDE/plugins/com.st.stm32cube.ide.mcu.externaltools.gnu-tools-for-stm32.11.3.rel1.win32_1.1.0.202305231506/tools/bin/../lib/gcc/arm-none-eabi/11.3.1/../../../../arm-none-eabi/lib/thumb/v7e-m+dp/hard\libc_nano.a(libc_a-malloc.o)
                0x000000000800f510                malloc
 .text.sbrk_aligned
                0x000000000800f520       0x40 C:/ST/STM32CubeIDE_1.13.0/STM32CubeIDE/plugins/com.st.stm32cube.ide.mcu.externaltools.gnu-tools-for-stm32.11.3.rel1.win32_1.1.0.202305231506/tools/bin/../lib/gcc/arm-none-eabi/11.3.1/../../../../arm-none-eabi/lib/thumb/v7e-m+dp/hard\libc_nano.a(libc_a-mallocr.o)
 .text._malloc_r
                0x000000000800f560      0x100 C:/ST/STM32CubeIDE_1.13.0/STM32CubeIDE/plugins/com.st.stm32cube.ide.mcu.externaltools.gnu-tools-for-stm32.11.3.rel1.win32_1.1.0.202305231506/tools/bin/../lib/gcc/arm-none-eabi/11.3.1/../../../../arm-none-eabi/lib/thumb/v7e-m+dp/hard\libc_nano.a(libc_a-mallocr.o)
                0x000000000800f560                _malloc_r
 .text.__ascii_mbtowc
                0x000000000800f660       0x24 C:/ST/STM32CubeIDE_1.13.0/STM32CubeIDE/plugins/com.st.stm32cube.ide.mcu.externaltools.gnu-tools-for-stm32.11.3.rel1.win32_1.1.0.202305231506/tools/bin/../lib/gcc/arm-none-eabi/11.3.1/../../../../arm-none-eabi/lib/thumb/v7e-m+dp/hard\libc_nano.a(libc_a-mbtowc_r.o)
                0x000000000800f660                __ascii_mbtowc
 .text.__malloc_lock
                0x000000000800f684        0xc C:/ST/STM32CubeIDE_1.13.0/STM32CubeIDE/plugins/com.st.stm32cube.ide.mcu.externaltools.gnu-tools-for-stm32.11.3.rel1.win32_1.1.0.202305231506/tools/bin/../lib/gcc/arm-none-eabi/11.3.1/../../../../arm-none-eabi/lib/thumb/v7e-m+dp/hard\libc_nano.a(libc_a-mlock.o)
                0x000000000800f684                __malloc_lock
 .text.__malloc_unlock
                0x000000000800f690        0xc C:/ST/STM32CubeIDE_1.13.0/STM32CubeIDE/plugins/com.st.stm32cube.ide.mcu.externaltools.gnu-tools-for-stm32.11.3.rel1.win32_1.1.0.202305231506/tools/bin/../lib/gcc/arm-none-eabi/11.3.1/../../../../arm-none-eabi/lib/thumb/v7e-m+dp/hard\libc_nano.a(libc_a-mlock.o)
                0x000000000800f690                __malloc_unlock
 .text._Balloc  0x000000000800f69c       0x80 C:/ST/STM32CubeIDE_1.13.0/STM32CubeIDE/plugins/com.st.stm32cube.ide.mcu.externaltools.gnu-tools-for-stm32.11.3.rel1.win32_1.1.0.202305231506/tools/bin/../lib/gcc/arm-none-eabi/11.3.1/../../../../arm-none-eabi/lib/thumb/v7e-m+dp/hard\libc_nano.a(libc_a-mprec.o)
                0x000000000800f69c                _Balloc
 .text._Bfree   0x000000000800f71c       0x44 C:/ST/STM32CubeIDE_1.13.0/STM32CubeIDE/plugins/com.st.stm32cube.ide.mcu.externaltools.gnu-tools-for-stm32.11.3.rel1.win32_1.1.0.202305231506/tools/bin/../lib/gcc/arm-none-eabi/11.3.1/../../../../arm-none-eabi/lib/thumb/v7e-m+dp/hard\libc_nano.a(libc_a-mprec.o)
                0x000000000800f71c                _Bfree
 .text.__multadd
                0x000000000800f760       0x8c C:/ST/STM32CubeIDE_1.13.0/STM32CubeIDE/plugins/com.st.stm32cube.ide.mcu.externaltools.gnu-tools-for-stm32.11.3.rel1.win32_1.1.0.202305231506/tools/bin/../lib/gcc/arm-none-eabi/11.3.1/../../../../arm-none-eabi/lib/thumb/v7e-m+dp/hard\libc_nano.a(libc_a-mprec.o)
                0x000000000800f760                __multadd
 .text.__s2b    0x000000000800f7ec       0x94 C:/ST/STM32CubeIDE_1.13.0/STM32CubeIDE/plugins/com.st.stm32cube.ide.mcu.externaltools.gnu-tools-for-stm32.11.3.rel1.win32_1.1.0.202305231506/tools/bin/../lib/gcc/arm-none-eabi/11.3.1/../../../../arm-none-eabi/lib/thumb/v7e-m+dp/hard\libc_nano.a(libc_a-mprec.o)
                0x000000000800f7ec                __s2b
 .text.__hi0bits
                0x000000000800f880       0x40 C:/ST/STM32CubeIDE_1.13.0/STM32CubeIDE/plugins/com.st.stm32cube.ide.mcu.externaltools.gnu-tools-for-stm32.11.3.rel1.win32_1.1.0.202305231506/tools/bin/../lib/gcc/arm-none-eabi/11.3.1/../../../../arm-none-eabi/lib/thumb/v7e-m+dp/hard\libc_nano.a(libc_a-mprec.o)
                0x000000000800f880                __hi0bits
 .text.__lo0bits
                0x000000000800f8c0       0x5a C:/ST/STM32CubeIDE_1.13.0/STM32CubeIDE/plugins/com.st.stm32cube.ide.mcu.externaltools.gnu-tools-for-stm32.11.3.rel1.win32_1.1.0.202305231506/tools/bin/../lib/gcc/arm-none-eabi/11.3.1/../../../../arm-none-eabi/lib/thumb/v7e-m+dp/hard\libc_nano.a(libc_a-mprec.o)
                0x000000000800f8c0                __lo0bits
 *fill*         0x000000000800f91a        0x2 
 .text.__i2b    0x000000000800f91c       0x2c C:/ST/STM32CubeIDE_1.13.0/STM32CubeIDE/plugins/com.st.stm32cube.ide.mcu.externaltools.gnu-tools-for-stm32.11.3.rel1.win32_1.1.0.202305231506/tools/bin/../lib/gcc/arm-none-eabi/11.3.1/../../../../arm-none-eabi/lib/thumb/v7e-m+dp/hard\libc_nano.a(libc_a-mprec.o)
                0x000000000800f91c                __i2b
 .text.__multiply
                0x000000000800f948      0x154 C:/ST/STM32CubeIDE_1.13.0/STM32CubeIDE/plugins/com.st.stm32cube.ide.mcu.externaltools.gnu-tools-for-stm32.11.3.rel1.win32_1.1.0.202305231506/tools/bin/../lib/gcc/arm-none-eabi/11.3.1/../../../../arm-none-eabi/lib/thumb/v7e-m+dp/hard\libc_nano.a(libc_a-mprec.o)
                0x000000000800f948                __multiply
 .text.__pow5mult