../grbl/nuts_bolts.c:96:7:uitoa	0	static
../grbl/nuts_bolts.c:115:7:ftoa	4	static
../grbl/nuts_bolts.c:170:15:read_uint	16	static
../grbl/nuts_bolts.c:228:6:read_float	24	static
../grbl/nuts_bolts.c:293:6:isintf	16	static
../grbl/nuts_bolts.c:299:6:delay_sec	16	static
../grbl/nuts_bolts.c:317:7:convert_delta_vector_to_unit_vector	8	static
../grbl/nuts_bolts.c:339:12:get_datetime	16	static
../grbl/nuts_bolts.c:400:9:calc_checksum	0	static
../grbl/nuts_bolts.c:413:7:strcaps	0	static
../grbl/nuts_bolts.c:429:6:dummy_handler	0	static
