../grbl/planner.c:220:13:planner_warning	8	static
../grbl/planner.c:116:13:planner_recalculate	16	static
../grbl/planner.c:225:15:plan_get_buffer_size	0	static
../grbl/planner.c:230:6:plan_reset	16	static
../grbl/planner.c:274:6:plan_discard_current_block	16	static
../grbl/planner.c:287:15:plan_get_system_motion_block	0	static
../grbl/planner.c:294:15:plan_get_current_block	0	static
../grbl/planner.c:300:14:plan_get_exec_block_exit_speed_sqr	0	static
../grbl/planner.c:308:6:plan_check_full_buffer	0	static
../grbl/planner.c:316:7:plan_compute_profile_nominal_speed	16	static
../grbl/planner.c:647:13:plan_update_velocity_profile_parameters	16	static
../grbl/planner.c:386:6:plan_buffer_line	88	static
../grbl/planner.c:602:8:plan_get_position	0	static
../grbl/planner.c:618:6:plan_sync_position	0	static
../grbl/planner.c:628:15:plan_get_block_buffer_available	0	static
../grbl/planner.c:638:6:plan_cycle_reinitialize	8	static
../grbl/planner.c:666:6:plan_feed_override	16	static
../grbl/planner.c:691:6:plan_data_init	8	static
