../grbl/protocol.c:83:13:recheck_line	4	static
../grbl/protocol.c:1028:13:protocol_execute_rt_commands	16	static
../grbl/protocol.c:409:13:protocol_poll_cmd	8	static
../grbl/protocol.c:68:6:protocol_enqueue_gcode	16	static
../grbl/protocol.c:372:6:protocol_auto_cycle_start	8	static
../grbl/protocol.c:434:6:protocol_exec_rt_system	24	static
../grbl/protocol.c:766:13:protocol_exec_rt_suspend	8	static
../grbl/protocol.c:391:6:protocol_execute_realtime	8	static
../grbl/protocol.c:127:6:protocol_main_loop	16	static
../grbl/protocol.c:355:6:protocol_buffer_synchronize	8	static
../grbl/protocol.c:803:15:protocol_enqueue_realtime_command	16	static
../grbl/protocol.c:1013:15:protocol_enqueue_rt_command	8	static
../grbl/protocol.c:1044:6:protocol_execute_noop	0	static
