../Core/Src/main.c:102:5:main	8	static
../Core/Src/main.c:162:6:SystemClock_Config	72	static
../Core/Src/main.c:201:13:MX_TIM1_Init	32	static
../Core/Src/main.c:247:13:MX_TIM2_Init	56	static
../Core/Src/main.c:296:13:MX_TIM3_Init	56	static
../Core/Src/main.c:345:13:MX_TIM4_Init	32	static
../Core/Src/main.c:390:13:MX_USART2_UART_Init	8	static
../Core/Src/main.c:421:13:MX_DMA_Init	16	static
../Core/Src/main.c:442:13:MX_GPIO_Init	40	static
../Core/Src/main.c:515:6:Init_interfaces	8	static
../Core/Src/main.c:552:6:turn_off_leds	8	static
../Core/Src/main.c:576:6:process_inputs	16	static
../Core/Src/main.c:784:9:get_spindle_mode	16	static
../Core/Src/main.c:804:9:get_x_axis_multiplier	16	static
../Core/Src/main.c:824:9:get_yz_axis_multiplier	16	static
../Core/Src/main.c:847:6:Error_Handler	4	static,ignoring_inline_asm
