../Core/Src/stm32f1xx_it.c:89:6:NMI_Handler	4	static
../Core/Src/stm32f1xx_it.c:104:6:HardFault_Handler	4	static
../Core/Src/stm32f1xx_it.c:119:6:MemManage_Handler	4	static
../Core/Src/stm32f1xx_it.c:134:6:BusFault_Handler	4	static
../Core/Src/stm32f1xx_it.c:149:6:UsageFault_Handler	4	static
../Core/Src/stm32f1xx_it.c:164:6:SVC_Handler	4	static
../Core/Src/stm32f1xx_it.c:177:6:DebugMon_Handler	4	static
../Core/Src/stm32f1xx_it.c:190:6:PendSV_Handler	4	static
../Core/Src/stm32f1xx_it.c:203:6:SysTick_Handler	8	static
../Core/Src/stm32f1xx_it.c:224:6:DMA1_Channel6_IRQHandler	8	static
../Core/Src/stm32f1xx_it.c:238:6:DMA1_Channel7_IRQHandler	8	static
../Core/Src/stm32f1xx_it.c:252:6:TIM4_IRQHandler	8	static
../Core/Src/stm32f1xx_it.c:278:6:USART2_IRQHandler	8	static
../Core/Src/stm32f1xx_it.c:291:6:HAL_UARTEx_RxEventCallback	24	static
../Core/Src/stm32f1xx_it.c:347:6:start_uart2_reception	8	static
