../Core/Src/main.c:101:5:main	8	static
../Core/Src/main.c:155:6:SystemClock_Config	72	static
../Core/Src/main.c:194:13:MX_TIM1_Init	32	static
../Core/Src/main.c:240:13:MX_TIM2_Init	56	static
../Core/Src/main.c:289:13:MX_TIM3_Init	56	static
../Core/Src/main.c:338:13:MX_TIM4_Init	32	static
../Core/Src/main.c:383:13:MX_USART2_UART_Init	8	static
../Core/Src/main.c:414:13:MX_DMA_Init	16	static
../Core/Src/main.c:435:13:MX_GPIO_Init	40	static
../Core/Src/main.c:505:6:Init_interfaces	8	static
../Core/Src/main.c:536:6:process_inputs	16	static
../Core/Src/main.c:626:9:get_spindle_mode	16	static
../Core/Src/main.c:643:9:get_x_axis_multiplier	16	static
../Core/Src/main.c:660:9:get_yz_axis_multiplier	16	static
../Core/Src/main.c:683:6:Error_Handler	4	static,ignoring_inline_asm
