../Drivers/CMSIS/Include/cmsis_gcc.h:129:27:__enable_irq	0	static,ignoring_inline_asm
../Drivers/CMSIS/Include/cmsis_gcc.h:140:27:__disable_irq	0	static,ignoring_inline_asm
../Src/driver.c:530:13:stepperEnable	0	static
../Src/driver.c:563:13:stepperWakeUp	8	static
../Src/driver.c:574:13:stepperGoIdle	0	static
../Src/driver.c:581:13:stepperCyclesPerTick	0	static
../Src/driver.c:811:13:stepperPulseStart	8	static
../Src/driver.c:968:31:limitsGetState	8	static
../Src/driver.c:1046:26:systemGetState	8	static
../Src/driver.c:1095:13:probeConnectedToggle	0	static
../Src/driver.c:1103:13:probeConfigure	0	static
../Src/driver.c:1116:22:probeGetState	0	static
../Src/driver.c:1142:20:spindle_on	0	static
../Src/driver.c:1418:24:spindleGetState	0	static
../Src/driver.c:1442:13:coolantSetState	0	static
../Src/driver.c:1452:24:coolantGetState	0	static
../Src/driver.c:1466:13:bitsSetAtomic	0	static,ignoring_inline_asm
../Src/driver.c:1473:22:bitsClearAtomic	0	static,ignoring_inline_asm
../Src/driver.c:1482:22:valueSetAtomic	0	static,ignoring_inline_asm
../Src/driver.c:1506:17:getElapsedTicks	0	static
../Src/driver.c:1837:14:port2char	0	static
../Src/driver.c:1846:13:enumeratePins	32	static
../Src/driver.c:1913:6:setPeriphPinDescription	8	static
../Src/driver.c:1207:22:spindleGetPWM	0	static
../Src/driver.c:1893:6:registerPeriphPin	16	static
../Src/driver.c:2370:10:get_free_mem	48	static
E:/Projects/STM32CubeIDE/CNC_grbl_stm32f407/grbl/motor_pins.h:1021:13:motor_iterator	16	static
../Src/driver.c:957:13:limitsEnable	0	static
../Src/driver.c:1240:13:spindleConfig	80	static
../Src/driver.c:1530:6:settings_changed	96	static
../Src/driver.c:515:13:driver_delay	16	static
../Src/driver.c:834:13:stepperPulseStartDelayed	8	static
../Src/driver.c:2079:13:driver_setup	120	static
../Src/driver.c:1160:13:spindleSetState	0	static
../Src/driver.c:1177:13:spindle_set_speed	8	static
../Src/driver.c:1213:13:spindleSetStateVariable	8	static
../Src/driver.c:1511:6:gpio_irq_enable	0	static
../Src/driver.c:2383:6:driver_init	72	static
../Src/driver.c:2652:6:TIM5_IRQHandler	0	static
../Src/driver.c:2679:6:TIM4_IRQHandler	8	static
../Src/driver.c:2704:6:TIM1_BRK_TIM9_IRQHandler	16	static
../Src/driver.c:3011:6:EXTI9_5_IRQHandler	8	static
../Src/driver.c:3077:6:EXTI15_10_IRQHandler	16	static
../Src/driver.c:3140:6:Driver_IncTick	16	static
