../Core/Src/r61529_screen_menu.c:150:6:init_button_inputs	8	static
../Core/Src/r61529_screen_menu.c:167:6:clear_button_channel_cnts	16	static
../Core/Src/r61529_screen_menu.c:177:8:touch_select_submenu	12	static
../Core/Src/r61529_screen_menu.c:223:6:touch_exit_submenu	0	static
../Core/Src/r61529_screen_menu.c:676:6:delete_submenu	16	static
../Core/Src/r61529_screen_menu.c:690:6:select_submenu	40	static
../Core/Src/r61529_screen_menu.c:707:6:unselect_submenu	40	static
../Core/Src/r61529_screen_menu.c:724:6:delete_setting	16	static
../Core/Src/r61529_screen_menu.c:580:6:delete_menu	32	static
../Core/Src/r61529_screen_menu.c:738:6:select_setting	32	static
../Core/Src/r61529_screen_menu.c:755:6:unselect_setting	32	static
../Core/Src/r61529_screen_menu.c:773:6:auto_mode_update_screen	88	static
../Core/Src/r61529_screen_menu.c:918:6:manual_mode_update_screen	96	static
../Core/Src/r61529_screen_menu.c:1081:6:screen_brightness_setting_update_screen	48	static
../Core/Src/r61529_screen_menu.c:463:6:draw_menu	48	static
../Core/Src/r61529_screen_menu.c:647:6:draw_loading_screen	24	static
../Core/Src/r61529_screen_menu.c:249:6:r61529_screen_menu	24	static
