../Core/Src/r61529_screen_menu.c:256:6:init_button_inputs	8	static
../Core/Src/r61529_screen_menu.c:268:6:draw_loading_screen	24	static
../Core/Src/r61529_screen_menu.c:301:6:delete_main_menu	32	static
../Core/Src/r61529_screen_menu.c:333:6:update_submenu_graphics	56	static
../Core/Src/r61529_screen_menu.c:310:6:draw_submenu	32	static
../Core/Src/r61529_screen_menu.c:97:6:submenu	16	static
../Core/Src/r61529_screen_menu.c:353:6:delete_submenu	24	static
../Core/Src/r61529_screen_menu.c:373:6:select_submenu	24	static
../Core/Src/r61529_screen_menu.c:383:6:unselect_submenu	24	static
../Core/Src/r61529_screen_menu.c:143:6:process_user_input	40	static
../Core/Src/r61529_screen_menu.c:288:6:draw_main_menu	16	static
../Core/Src/r61529_screen_menu.c:87:6:main_menu	8	static
../Core/Src/r61529_screen_menu.c:235:6:r61529_screen_menu	8	static
