../Core/Src/r61529_screen_menu.c:213:6:init_button_inputs	8	static
../Core/Src/r61529_screen_menu.c:230:6:clear_button_channel_cnts	16	static
../Core/Src/r61529_screen_menu.c:240:8:touch_select_submenu	12	static
../Core/Src/r61529_screen_menu.c:305:6:touch_exit_submenu	0	static
../Core/Src/r61529_screen_menu.c:929:6:delete_submenu	16	static
../Core/Src/r61529_screen_menu.c:943:6:select_submenu	40	static
../Core/Src/r61529_screen_menu.c:960:6:unselect_submenu	40	static
../Core/Src/r61529_screen_menu.c:981:6:delete_setting	16	static
../Core/Src/r61529_screen_menu.c:995:6:select_setting	32	static
../Core/Src/r61529_screen_menu.c:1012:6:unselect_setting	32	static
../Core/Src/r61529_screen_menu.c:1033:6:mpg_axes_delete_setting	16	static
../Core/Src/r61529_screen_menu.c:1047:6:mpg_axes_select_setting	32	static
../Core/Src/r61529_screen_menu.c:1064:6:mpg_axes_unselect_setting	32	static
../Core/Src/r61529_screen_menu.c:1085:6:mpg_spindle_delete_setting	16	static
../Core/Src/r61529_screen_menu.c:791:6:delete_menu	32	static
../Core/Src/r61529_screen_menu.c:1099:6:mpg_spindle_select_setting	24	static
../Core/Src/r61529_screen_menu.c:1116:6:mpg_spindle_unselect_setting	24	static
../Core/Src/r61529_screen_menu.c:1137:6:auto_mode_update_screen	88	static
../Core/Src/r61529_screen_menu.c:1282:6:manual_mode_update_screen	112	static
../Core/Src/r61529_screen_menu.c:1482:6:screen_brightness_setting_update_screen	48	static
../Core/Src/r61529_screen_menu.c:634:6:draw_menu	48	static
../Core/Src/r61529_screen_menu.c:896:6:draw_loading_screen	24	static
../Core/Src/r61529_screen_menu.c:1496:6:process_pendant_data_to_action	64	static
../Core/Src/r61529_screen_menu.c:336:6:r61529_screen_menu	24	static
