../Core/Src/r61529_screen_menu.c:210:6:init_button_inputs	8	static
../Core/Src/r61529_screen_menu.c:222:6:draw_loading_screen	24	static
../Core/Src/r61529_screen_menu.c:251:6:delete_main_menu	32	static
../Core/Src/r61529_screen_menu.c:278:6:update_submenu_graphics	56	static
../Core/Src/r61529_screen_menu.c:260:6:draw_submenu	24	static
../Core/Src/r61529_screen_menu.c:90:6:submenu	16	static
../Core/Src/r61529_screen_menu.c:298:6:delete_submenu	16	static
../Core/Src/r61529_screen_menu.c:313:6:select_submenu	24	static
../Core/Src/r61529_screen_menu.c:323:6:unselect_submenu	24	static
../Core/Src/r61529_screen_menu.c:136:6:process_user_input	16	static
../Core/Src/r61529_screen_menu.c:236:6:draw_main_menu	16	static
../Core/Src/r61529_screen_menu.c:80:6:main_menu	8	static
../Core/Src/r61529_screen_menu.c:189:6:r61529_screen_menu	8	static
