../Core/Src/stm32h7xx_it.c:121:6:NMI_Handler	0	static
../Core/Src/stm32h7xx_it.c:136:6:HardFault_Handler	0	static
../Core/Src/stm32h7xx_it.c:151:6:MemManage_Handler	0	static
../Core/Src/stm32h7xx_it.c:166:6:BusFault_Handler	0	static
../Core/Src/stm32h7xx_it.c:181:6:UsageFault_Handler	0	static
../Core/Src/stm32h7xx_it.c:196:6:SVC_Handler	0	static
../Core/Src/stm32h7xx_it.c:209:6:DebugMon_Handler	0	static
../Core/Src/stm32h7xx_it.c:222:6:PendSV_Handler	0	static
../Core/Src/stm32h7xx_it.c:235:6:SysTick_Handler	0	static
../Core/Src/stm32h7xx_it.c:256:6:DMA1_Stream0_IRQHandler	8	static
../Core/Src/stm32h7xx_it.c:277:6:DMA1_Stream1_IRQHandler	8	static
../Core/Src/stm32h7xx_it.c:298:6:DMA1_Stream2_IRQHandler	0	static
../Core/Src/stm32h7xx_it.c:312:6:DMA1_Stream3_IRQHandler	0	static
../Core/Src/stm32h7xx_it.c:326:6:DMA1_Stream4_IRQHandler	0	static
../Core/Src/stm32h7xx_it.c:340:6:DMA1_Stream5_IRQHandler	0	static
../Core/Src/stm32h7xx_it.c:354:6:EXTI9_5_IRQHandler	8	static
../Core/Src/stm32h7xx_it.c:444:6:TIM4_IRQHandler	8	static
../Core/Src/stm32h7xx_it.c:466:6:USART2_IRQHandler	0	static
../Core/Src/stm32h7xx_it.c:480:6:USART3_IRQHandler	0	static
../Core/Src/stm32h7xx_it.c:494:6:UART4_IRQHandler	0	static
../Core/Src/stm32h7xx_it.c:508:6:I2C3_EV_IRQHandler	0	static
../Core/Src/stm32h7xx_it.c:522:6:I2C3_ER_IRQHandler	0	static
../Core/Src/stm32h7xx_it.c:570:6:start_grbl_uart_reception	8	static
../Core/Src/stm32h7xx_it.c:535:6:HAL_UARTEx_RxEventCallback	16	static
../Core/Src/stm32h7xx_it.c:576:6:is_initial_grbl_message	8	static
../Core/Src/stm32h7xx_it.c:586:6:turn_on_buzzer	8	static
../Core/Src/stm32h7xx_it.c:599:6:start_pendant_connection	8	static
../Core/Src/stm32h7xx_it.c:607:6:start_pendant_disconnection	8	static
../Core/Src/stm32h7xx_it.c:615:6:start_pendant_reception	8	static
../Core/Src/stm32h7xx_it.c:370:6:TIM1_UP_IRQHandler	16	static
