../Core/Src/stm32h7xx_it.c:125:6:NMI_Handler	0	static
../Core/Src/stm32h7xx_it.c:140:6:HardFault_Handler	0	static
../Core/Src/stm32h7xx_it.c:155:6:MemManage_Handler	0	static
../Core/Src/stm32h7xx_it.c:170:6:BusFault_Handler	0	static
../Core/Src/stm32h7xx_it.c:185:6:UsageFault_Handler	0	static
../Core/Src/stm32h7xx_it.c:200:6:SVC_Handler	0	static
../Core/Src/stm32h7xx_it.c:213:6:DebugMon_Handler	0	static
../Core/Src/stm32h7xx_it.c:226:6:PendSV_Handler	0	static
../Core/Src/stm32h7xx_it.c:239:6:SysTick_Handler	0	static
../Core/Src/stm32h7xx_it.c:260:6:DMA1_Stream0_IRQHandler	8	static
../Core/Src/stm32h7xx_it.c:281:6:DMA1_Stream1_IRQHandler	8	static
../Core/Src/stm32h7xx_it.c:302:6:DMA1_Stream2_IRQHandler	0	static
../Core/Src/stm32h7xx_it.c:316:6:DMA1_Stream3_IRQHandler	0	static
../Core/Src/stm32h7xx_it.c:330:6:DMA1_Stream4_IRQHandler	0	static
../Core/Src/stm32h7xx_it.c:344:6:DMA1_Stream5_IRQHandler	0	static
../Core/Src/stm32h7xx_it.c:358:6:EXTI9_5_IRQHandler	8	static
../Core/Src/stm32h7xx_it.c:374:6:TIM1_UP_IRQHandler	8	static
../Core/Src/stm32h7xx_it.c:435:6:TIM4_IRQHandler	8	static
../Core/Src/stm32h7xx_it.c:458:6:USART2_IRQHandler	0	static
../Core/Src/stm32h7xx_it.c:472:6:USART3_IRQHandler	0	static
../Core/Src/stm32h7xx_it.c:486:6:UART4_IRQHandler	0	static
../Core/Src/stm32h7xx_it.c:500:6:I2C3_EV_IRQHandler	0	static
../Core/Src/stm32h7xx_it.c:514:6:I2C3_ER_IRQHandler	0	static
../Core/Src/stm32h7xx_it.c:601:6:start_grbl_uart_reception	8	static
../Core/Src/stm32h7xx_it.c:532:6:HAL_UARTEx_RxEventCallback	16	static
../Core/Src/stm32h7xx_it.c:610:6:is_initial_grbl_message	8	static
../Core/Src/stm32h7xx_it.c:623:6:turn_on_buzzer	8	static
../Core/Src/stm32h7xx_it.c:640:6:start_pendant_reception	8	static
