../Core/Src/stm32h7xx_hal_msp.c:79:6:HAL_MspInit	8	static
../Core/Src/stm32h7xx_hal_msp.c:100:6:HAL_I2C_MspInit	64	static
../Core/Src/stm32h7xx_hal_msp.c:191:6:HAL_I2C_MspDeInit	8	static
../Core/Src/stm32h7xx_hal_msp.c:229:6:HAL_TIM_Base_MspInit	16	static
../Core/Src/stm32h7xx_hal_msp.c:254:6:HAL_TIM_PWM_MspInit	16	static
../Core/Src/stm32h7xx_hal_msp.c:284:6:HAL_TIM_MspPostInit	40	static
../Core/Src/stm32h7xx_hal_msp.c:336:6:HAL_TIM_Base_MspDeInit	0	static
../Core/Src/stm32h7xx_hal_msp.c:361:6:HAL_TIM_PWM_MspDeInit	0	static
../Core/Src/stm32h7xx_hal_msp.c:397:6:HAL_UART_MspInit	72	static
../Core/Src/stm32h7xx_hal_msp.c:573:6:HAL_UART_MspDeInit	8	static
