../Core/Src/stm32h7xx_it.c:114:6:NMI_Handler	0	static
../Core/Src/stm32h7xx_it.c:129:6:HardFault_Handler	0	static
../Core/Src/stm32h7xx_it.c:144:6:MemManage_Handler	0	static
../Core/Src/stm32h7xx_it.c:159:6:BusFault_Handler	0	static
../Core/Src/stm32h7xx_it.c:174:6:UsageFault_Handler	0	static
../Core/Src/stm32h7xx_it.c:189:6:SVC_Handler	0	static
../Core/Src/stm32h7xx_it.c:202:6:DebugMon_Handler	0	static
../Core/Src/stm32h7xx_it.c:215:6:PendSV_Handler	0	static
../Core/Src/stm32h7xx_it.c:228:6:SysTick_Handler	0	static
../Core/Src/stm32h7xx_it.c:249:6:DMA1_Stream0_IRQHandler	8	static
../Core/Src/stm32h7xx_it.c:270:6:DMA1_Stream1_IRQHandler	8	static
../Core/Src/stm32h7xx_it.c:291:6:DMA1_Stream2_IRQHandler	0	static
../Core/Src/stm32h7xx_it.c:317:6:EXTI9_5_IRQHandler	8	static
../Core/Src/stm32h7xx_it.c:333:6:TIM1_UP_IRQHandler	8	static
../Core/Src/stm32h7xx_it.c:348:6:TIM4_IRQHandler	8	static
../Core/Src/stm32h7xx_it.c:370:6:USART2_IRQHandler	0	static
../Core/Src/stm32h7xx_it.c:384:6:UART4_IRQHandler	0	static
../Core/Src/stm32h7xx_it.c:398:6:I2C3_EV_IRQHandler	0	static
../Core/Src/stm32h7xx_it.c:412:6:I2C3_ER_IRQHandler	0	static
../Core/Src/stm32h7xx_it.c:426:6:DMAMUX1_OVR_IRQHandler	0	static
../Core/Src/stm32h7xx_it.c:464:6:start_grbl_uart_reception	8	static
../Core/Src/stm32h7xx_it.c:439:6:HAL_UARTEx_RxEventCallback	16	static
../Core/Src/stm32h7xx_it.c:481:6:is_initial_grbl_message	8	static
../Core/Src/stm32h7xx_it.c:491:6:turn_on_buzzer	8	static
